98616 12:59:28.518709 writev(9, [{iov_base="HTTP/1.1 200 OK\r\nContent-Length: 27\r\n\r\n", iov_len=39}, {iov_base="Hello from Tom HTTP Server\n", iov_len=27}], 2) = 66
98615 12:59:28.518991 writev(8, [{iov_base="HTTP/1.1 200 OK\r\nContent-Length: 27\r\n\r\n", iov_len=39}, {iov_base="Hello from Tom HTTP Server\n", iov_len=27}], 2) = 66
98613 12:59:28.519379 <... epoll_wait resumed>[{EPOLLIN, {u32=3, u64=3}}], 1000, -1) = 1
98613 12:59:28.519749 sendto(5, "1\0", 2, 0, NULL, 0) = 2
98613 12:59:28.523883 epoll_wait(4,  <unfinished ...>
98616 12:59:28.524005 epoll_wait(6,  <unfinished ...>
98613 12:59:28.524061 <... epoll_wait resumed>[{EPOLLIN, {u32=3, u64=3}}], 1000, -1) = 1
98613 12:59:28.524206 sendto(6, "1\0", 2, 0, NULL, 0) = 2
98616 12:59:28.524343 <... epoll_wait resumed>[{EPOLLIN, {u32=4, u64=4}}], 1000, -1) = 1
98616 12:59:28.524555 recvfrom(4, "1\0", 10, 0, NULL, NULL) = 2
98613 12:59:28.524699 epoll_wait(4,  <unfinished ...>
98616 12:59:28.524773 accept(3, {sa_family=AF_INET, sin_port=htons(48934), sin_addr=inet_addr("192.168.56.2")}, [16]) = 9
98616 12:59:28.525101 accept(3, {sa_family=AF_INET, sin_port=htons(48936), sin_addr=inet_addr("192.168.56.2")}, [16]) = 10
98616 12:59:28.525419 accept(3, 0x7fff3b7dc520, [16]) = -1 EAGAIN (Resource temporarily unavailable)
98615 12:59:28.525997 epoll_wait(5,  <unfinished ...>
98616 12:59:28.526050 epoll_wait(6, [{EPOLLIN, {u32=9, u64=139633681760265}}, {EPOLLIN, {u32=10, u64=139633681760266}}], 1000, -1) = 2
98615 12:59:28.526159 <... epoll_wait resumed>[{EPOLLIN, {u32=4, u64=4}}], 1000, -1) = 1
98616 12:59:28.526298 recvfrom(9, "GET / HTTP/1.0\r\nUser-Agent: WebBench 1.5\r\nHost: 192.168.56.2\r\n\r\n", 2048, 0, NULL, NULL) = 64
98615 12:59:28.526476 recvfrom(4, "1\0", 10, 0, NULL, NULL) = 2
98615 12:59:28.526758 accept(3, 0x7fff3b7dc520, [16]) = -1 EAGAIN (Resource temporarily unavailable)
98615 12:59:28.527085 epoll_wait(5,  <unfinished ...>
98616 12:59:28.527594 writev(9, [{iov_base="HTTP/1.1 200 OK\r\nContent-Length: 27\r\n\r\n", iov_len=39}, {iov_base="Hello from Tom HTTP Server\n", iov_len=27}], 2) = 66
98613 12:59:28.527951 <... epoll_wait resumed>[{EPOLLIN, {u32=3, u64=3}}], 1000, -1) = 1
98613 12:59:28.528087 sendto(5, "1\0", 2, 0, NULL, 0) = 2
98615 12:59:28.528303 <... epoll_wait resumed>[{EPOLLIN, {u32=4, u64=4}}], 1000, -1) = 1
98615 12:59:28.528501 recvfrom(4, "1\0", 10, 0, NULL, NULL) = 2
98613 12:59:28.528683 epoll_wait(4,  <unfinished ...>
98616 12:59:28.528890 recvfrom(10, "GET / HTTP/1.0\r\nUser-Agent: WebBench 1.5\r\nHost: 192.168.56.2\r\n\r\n", 2048, 0, NULL, NULL) = 64
98615 12:59:28.529077 accept(3, {sa_family=AF_INET, sin_port=htons(48938), sin_addr=inet_addr("192.168.56.2")}, [16]) = 8
98615 12:59:28.530029 accept(3, 0x7fff3b7dc520, [16]) = -1 EAGAIN (Resource temporarily unavailable)
98615 12:59:28.530356 epoll_wait(5, [{EPOLLIN, {u32=8, u64=139633681760264}}], 1000, -1) = 1
98615 12:59:28.530608 recvfrom(8, "GET / HTTP/1.0\r\nUser-Agent: WebBench 1.5\r\nHost: 192.168.56.2\r\n\r\n", 2048, 0, NULL, NULL) = 64
98616 12:59:28.531824 writev(10, [{iov_base="HTTP/1.1 200 OK\r\nContent-Length: 27\r\n\r\n", iov_len=39}, {iov_base="Hello from Tom HTTP Server\n", iov_len=27}], 2) = 66
98613 12:59:28.534221 <... epoll_wait resumed>[{EPOLLIN, {u32=3, u64=3}}], 1000, -1) = 1
98613 12:59:28.534475 sendto(6, "1\0", 2, 0, NULL, 0) = 2
98613 12:59:28.537439 epoll_wait(4,  <unfinished ...>
98616 12:59:28.537532 epoll_wait(6, [{EPOLLIN, {u32=4, u64=4}}], 1000, -1) = 1
98616 12:59:28.537732 recvfrom(4, "1\0", 10, 0, NULL, NULL) = 2
98616 12:59:28.537942 accept(3, {sa_family=AF_INET, sin_port=htons(48940), sin_addr=inet_addr("192.168.56.2")}, [16]) = 9
98615 12:59:28.539766 writev(8, [{iov_base="HTTP/1.1 200 OK\r\nContent-Length: 27\r\n\r\n", iov_len=39}, {iov_base="Hello from Tom HTTP Server\n", iov_len=27}], 2) = 66
98613 12:59:28.540294 <... epoll_wait resumed>[{EPOLLIN, {u32=3, u64=3}}], 1000, -1) = 1
98613 12:59:28.540988 sendto(5, "1\0", 2, 0, NULL, 0 <unfinished ...>
98616 12:59:28.541785 accept(3,  <unfinished ...>
98613 12:59:28.542016 <... sendto resumed>) = 2
98616 12:59:28.542106 <... accept resumed>{sa_family=AF_INET, sin_port=htons(48942), sin_addr=inet_addr("192.168.56.2")}, [16]) = 10
98613 12:59:28.542354 epoll_wait(4,  <unfinished ...>
98615 12:59:28.542424 epoll_wait(5, [{EPOLLIN, {u32=4, u64=4}}], 1000, -1) = 1
98615 12:59:28.542828 recvfrom(4, "1\0", 10, 0, NULL, NULL) = 2
98615 12:59:28.543633 accept(3, 0x7fff3b7dc520, [16]) = -1 EAGAIN (Resource temporarily unavailable)
98615 12:59:28.545670 epoll_wait(5,  <unfinished ...>
98616 12:59:28.545790 accept(3, 0x7fff3b7dc520, [16]) = -1 EAGAIN (Resource temporarily unavailable)
98616 12:59:28.546080 epoll_wait(6, [{EPOLLIN, {u32=9, u64=139633681760265}}, {EPOLLIN, {u32=10, u64=139633681760266}}], 1000, -1) = 2
98616 12:59:28.546297 recvfrom(9, "GET / HTTP/1.0\r\nUser-Agent: WebBench 1.5\r\nHost: 192.168.56.2\r\n\r\n", 2048, 0, NULL, NULL) = 64
98616 12:59:28.547522 writev(9, [{iov_base="HTTP/1.1 200 OK\r\nContent-Length: 27\r\n\r\n", iov_len=39}, {iov_base="Hello from Tom HTTP Server\n", iov_len=27}], 2) = 66
98613 12:59:28.554575 <... epoll_wait resumed>[{EPOLLIN, {u32=3, u64=3}}], 1000, -1) = 1
98613 12:59:28.554848 sendto(6, "1\0", 2, 0, NULL, 0) = 2
98613 12:59:28.555135 epoll_wait(4,  <unfinished ...>
98616 12:59:28.556444 recvfrom(10, "GET / HTTP/1.0\r\nUser-Agent: WebBench 1.5\r\nHost: 192.168.56.2\r\n\r\n", 2048, 0, NULL, NULL) = 64
98616 12:59:28.557361 writev(10, [{iov_base="HTTP/1.1 200 OK\r\nContent-Length: 27\r\n\r\n", iov_len=39}, {iov_base="Hello from Tom HTTP Server\n", iov_len=27}], 2) = 66
98613 12:59:28.558355 <... epoll_wait resumed>[{EPOLLIN, {u32=3, u64=3}}], 1000, -1) = 1
98613 12:59:28.558672 sendto(5, "1\0", 2, 0, NULL, 0) = 2
98615 12:59:28.559901 <... epoll_wait resumed>[{EPOLLIN, {u32=4, u64=4}}], 1000, -1) = 1
98615 12:59:28.560106 recvfrom(4, "1\0", 10, 0, NULL, NULL) = 2
98613 12:59:28.561209 epoll_wait(4,  <unfinished ...>
98616 12:59:28.561274 epoll_wait(6, [{EPOLLIN, {u32=4, u64=4}}], 1000, -1) = 1
98615 12:59:28.562982 accept(3, {sa_family=AF_INET, sin_port=htons(48944), sin_addr=inet_addr("192.168.56.2")}, [16]) = 8
98616 12:59:28.563140 recvfrom(4, "1\0", 10, 0, NULL, NULL) = 2
98616 12:59:28.563477 accept(3, {sa_family=AF_INET, sin_port=htons(48946), sin_addr=inet_addr("192.168.56.2")}, [16]) = 9
98615 12:59:28.564763 accept(3, 0x7fff3b7dc520, [16]) = -1 EAGAIN (Resource temporarily unavailable)
98616 12:59:28.565495 accept(3,  <unfinished ...>
98615 12:59:28.565704 epoll_wait(5,  <unfinished ...>
98616 12:59:28.566227 <... accept resumed>0x7fff3b7dc520, [16]) = -1 EAGAIN (Resource temporarily unavailable)
98615 12:59:28.566320 <... epoll_wait resumed>[{EPOLLIN, {u32=8, u64=139633681760264}}], 1000, -1) = 1
98616 12:59:28.566624 epoll_wait(6,  <unfinished ...>
98615 12:59:28.567168 recvfrom(8,  <unfinished ...>
98616 12:59:28.567258 <... epoll_wait resumed>[{EPOLLIN, {u32=9, u64=139633681760265}}], 1000, -1) = 1
98615 12:59:28.567327 <... recvfrom resumed>"GET / HTTP/1.0\r\nUser-Agent: WebBench 1.5\r\nHost: 192.168.56.2\r\n\r\n", 2048, 0, NULL, NULL) = 64
98616 12:59:28.568069 recvfrom(9, "GET / HTTP/1.0\r\nUser-Agent: WebBench 1.5\r\nHost: 192.168.56.2\r\n\r\n", 2048, 0, NULL, NULL) = 64
98615 12:59:28.571553 writev(8, [{iov_base="HTTP/1.1 200 OK\r\nContent-Length: 27\r\n\r\n", iov_len=39}, {iov_base="Hello from Tom HTTP Server\n", iov_len=27}], 2) = 66
98616 12:59:28.571941 writev(9, [{iov_base="HTTP/1.1 200 OK\r\nContent-Length: 27\r\n\r\n", iov_len=39}, {iov_base="Hello from Tom HTTP Server\n", iov_len=27}], 2 <unfinished ...>
98613 12:59:28.572867 <... epoll_wait resumed>[{EPOLLIN, {u32=3, u64=3}}], 1000, -1) = 1
98616 12:59:28.572979 <... writev resumed>) = 66
98613 12:59:28.574685 sendto(6, "1\0", 2, 0, NULL, 0) = 2
98613 12:59:28.575254 epoll_wait(4,  <unfinished ...>
98615 12:59:28.575344 epoll_wait(5,  <unfinished ...>
98613 12:59:28.575558 <... epoll_wait resumed>[{EPOLLIN, {u32=3, u64=3}}], 1000, -1) = 1
98613 12:59:28.575705 sendto(5, "1\0", 2, 0, NULL, 0) = 2
98615 12:59:28.575953 <... epoll_wait resumed>[{EPOLLIN, {u32=4, u64=4}}], 1000, -1) = 1
98616 12:59:28.576046 epoll_wait(6, [{EPOLLIN, {u32=4, u64=4}}], 1000, -1) = 1
98615 12:59:28.576475 recvfrom(4, "1\0", 10, 0, NULL, NULL) = 2
98613 12:59:28.577103 epoll_wait(4,  <unfinished ...>
98616 12:59:28.577220 recvfrom(4, "1\0", 10, 0, NULL, NULL) = 2
98615 12:59:28.577561 accept(3, {sa_family=AF_INET, sin_port=htons(48948), sin_addr=inet_addr("192.168.56.2")}, [16]) = 8
98616 12:59:28.577688 accept(3, {sa_family=AF_INET, sin_port=htons(48950), sin_addr=inet_addr("192.168.56.2")}, [16]) = 9
98615 12:59:28.578521 accept(3, 0x7fff3b7dc520, [16]) = -1 EAGAIN (Resource temporarily unavailable)
98616 12:59:28.578682 accept(3, 0x7fff3b7dc520, [16]) = -1 EAGAIN (Resource temporarily unavailable)
98615 12:59:28.578935 epoll_wait(5, [{EPOLLIN, {u32=8, u64=139633681760264}}], 1000, -1) = 1
98616 12:59:28.579044 epoll_wait(6, [{EPOLLIN, {u32=9, u64=139633681760265}}], 1000, -1) = 1
98615 12:59:28.579906 recvfrom(8, "GET / HTTP/1.0\r\nUser-Agent: WebBench 1.5\r\nHost: 192.168.56.2\r\n\r\n", 2048, 0, NULL, NULL) = 64
98616 12:59:28.581053 recvfrom(9, "GET / HTTP/1.0\r\nUser-Agent: WebBench 1.5\r\nHost: 192.168.56.2\r\n\r\n", 2048, 0, NULL, NULL) = 64
98615 12:59:28.583253 writev(8, [{iov_base="HTTP/1.1 200 OK\r\nContent-Length: 27\r\n\r\n", iov_len=39}, {iov_base="Hello from Tom HTTP Server\n", iov_len=27}], 2) = 66
98616 12:59:28.583673 writev(9, [{iov_base="HTTP/1.1 200 OK\r\nContent-Length: 27\r\n\r\n", iov_len=39}, {iov_base="Hello from Tom HTTP Server\n", iov_len=27}], 2) = 66
98613 12:59:28.584077 <... epoll_wait resumed>[{EPOLLIN, {u32=3, u64=3}}], 1000, -1) = 1
98613 12:59:28.585027 sendto(6, "1\0", 2, 0, NULL, 0) = 2
98613 12:59:28.585655 epoll_wait(4,  <unfinished ...>
98615 12:59:28.596522 epoll_wait(5,  <unfinished ...>
98613 12:59:28.596658 <... epoll_wait resumed>[{EPOLLIN, {u32=3, u64=3}}], 1000, -1) = 1
98616 12:59:28.596858 epoll_wait(6, [{EPOLLIN, {u32=4, u64=4}}], 1000, -1) = 1
98613 12:59:28.596982 sendto(5, "1\0", 2, 0, NULL, 0) = 2
98615 12:59:28.597147 <... epoll_wait resumed>[{EPOLLIN, {u32=4, u64=4}}], 1000, -1) = 1
98616 12:59:28.597227 recvfrom(4, "1\0", 10, 0, NULL, NULL) = 2
98615 12:59:28.597413 recvfrom(4, "1\0", 10, 0, NULL, NULL) = 2
98613 12:59:28.597543 epoll_wait(4,  <unfinished ...>
98616 12:59:28.597589 accept(3, {sa_family=AF_INET, sin_port=htons(48952), sin_addr=inet_addr("192.168.56.2")}, [16]) = 9
98615 12:59:28.598343 accept(3, {sa_family=AF_INET, sin_port=htons(48954), sin_addr=inet_addr("192.168.56.2")}, [16]) = 8
98616 12:59:28.600072 accept(3, 0x7fff3b7dc520, [16]) = -1 EAGAIN (Resource temporarily unavailable)
98615 12:59:28.602863 accept(3, 0x7fff3b7dc520, [16]) = -1 EAGAIN (Resource temporarily unavailable)
98616 12:59:28.606921 epoll_wait(6, [{EPOLLIN, {u32=9, u64=139633681760265}}], 1000, -1) = 1
98615 12:59:28.607163 epoll_wait(5, [{EPOLLIN, {u32=8, u64=139633681760264}}], 1000, -1) = 1
98616 12:59:28.607329 recvfrom(9, "GET / HTTP/1.0\r\nUser-Agent: WebBench 1.5\r\nHost: 192.168.56.2\r\n\r\n", 2048, 0, NULL, NULL) = 64
98615 12:59:28.612876 recvfrom(8, "GET / HTTP/1.0\r\nUser-Agent: WebBench 1.5\r\nHost: 192.168.56.2\r\n\r\n", 2048, 0, NULL, NULL) = 64
98616 12:59:28.616787 writev(9, [{iov_base="HTTP/1.1 200 OK\r\nContent-Length: 27\r\n\r\n", iov_len=39}, {iov_base="Hello from Tom HTTP Server\n", iov_len=27}], 2) = 66
98615 12:59:28.617150 writev(8, [{iov_base="HTTP/1.1 200 OK\r\nContent-Length: 27\r\n\r\n", iov_len=39}, {iov_base="Hello from Tom HTTP Server\n", iov_len=27}], 2) = 66
98613 12:59:28.617800 <... epoll_wait resumed>[{EPOLLIN, {u32=3, u64=3}}], 1000, -1) = 1
98613 12:59:28.618319 sendto(6, "1\0", 2, 0, NULL, 0) = 2
98613 12:59:28.619052 epoll_wait(4,  <unfinished ...>
98616 12:59:28.619219 epoll_wait(6,  <unfinished ...>
98613 12:59:28.619374 <... epoll_wait resumed>[{EPOLLIN, {u32=3, u64=3}}], 1000, -1) = 1
98616 12:59:28.619486 <... epoll_wait resumed>[{EPOLLIN, {u32=4, u64=4}}], 1000, -1) = 1
98615 12:59:28.619639 epoll_wait(5,  <unfinished ...>
98613 12:59:28.619756 sendto(5, "1\0", 2, 0, NULL, 0 <unfinished ...>
98616 12:59:28.619942 recvfrom(4,  <unfinished ...>
98613 12:59:28.620034 <... sendto resumed>) = 2
98616 12:59:28.620432 <... recvfrom resumed>"1\0", 10, 0, NULL, NULL) = 2
98615 12:59:28.620715 <... epoll_wait resumed>[{EPOLLIN, {u32=4, u64=4}}], 1000, -1) = 1
98616 12:59:28.620979 accept(3,  <unfinished ...>
98615 12:59:28.621444 recvfrom(4,  <unfinished ...>
98616 12:59:28.621995 <... accept resumed>{sa_family=AF_INET, sin_port=htons(48956), sin_addr=inet_addr("192.168.56.2")}, [16]) = 9
98615 12:59:28.622871 <... recvfrom resumed>"1\0", 10, 0, NULL, NULL) = 2
98613 12:59:28.622999 epoll_wait(4,  <unfinished ...>
98615 12:59:28.623173 accept(3, {sa_family=AF_INET, sin_port=htons(48958), sin_addr=inet_addr("192.168.56.2")}, [16]) = 8
98616 12:59:28.623653 accept(3, 0x7fff3b7dc520, [16]) = -1 EAGAIN (Resource temporarily unavailable)
98615 12:59:28.623868 accept(3, 0x7fff3b7dc520, [16]) = -1 EAGAIN (Resource temporarily unavailable)
98616 12:59:28.624046 epoll_wait(6, [{EPOLLIN, {u32=9, u64=139633681760265}}], 1000, -1) = 1
98615 12:59:28.624363 epoll_wait(5, [{EPOLLIN, {u32=8, u64=139633681760264}}], 1000, -1) = 1
98616 12:59:28.624507 recvfrom(9, "GET / HTTP/1.0\r\nUser-Agent: WebBench 1.5\r\nHost: 192.168.56.2\r\n\r\n", 2048, 0, NULL, NULL) = 64
98615 12:59:28.624754 recvfrom(8, "GET / HTTP/1.0\r\nUser-Agent: WebBench 1.5\r\nHost: 192.168.56.2\r\n\r\n", 2048, 0, NULL, NULL) = 64
98616 12:59:28.626293 writev(9, [{iov_base="HTTP/1.1 200 OK\r\nContent-Length: 27\r\n\r\n", iov_len=39}, {iov_base="Hello from Tom HTTP Server\n", iov_len=27}], 2) = 66
98615 12:59:28.631076 writev(8, [{iov_base="HTTP/1.1 200 OK\r\nContent-Length: 27\r\n\r\n", iov_len=39}, {iov_base="Hello from Tom HTTP Server\n", iov_len=27}], 2) = 66
98613 12:59:28.631568 <... epoll_wait resumed>[{EPOLLIN, {u32=3, u64=3}}], 1000, -1) = 1
98613 12:59:28.632035 sendto(6, "1\0", 2, 0, NULL, 0) = 2
98613 12:59:28.632526 epoll_wait(4,  <unfinished ...>
98616 12:59:28.632897 epoll_wait(6,  <unfinished ...>
98613 12:59:28.632996 <... epoll_wait resumed>[{EPOLLIN, {u32=3, u64=3}}], 1000, -1) = 1
98616 12:59:28.633078 <... epoll_wait resumed>[{EPOLLIN, {u32=4, u64=4}}], 1000, -1) = 1
98613 12:59:28.633352 sendto(5, "1\0", 2, 0, NULL, 0 <unfinished ...>
98616 12:59:28.633531 recvfrom(4,  <unfinished ...>
98615 12:59:28.633664 epoll_wait(5,  <unfinished ...>
98613 12:59:28.634117 <... sendto resumed>) = 2
98616 12:59:28.634245 <... recvfrom resumed>"1\0", 10, 0, NULL, NULL) = 2
98615 12:59:28.634373 <... epoll_wait resumed>[{EPOLLIN, {u32=4, u64=4}}], 1000, -1) = 1
98616 12:59:28.634538 accept(3,  <unfinished ...>
98615 12:59:28.634614 recvfrom(4,  <unfinished ...>
98616 12:59:28.634687 <... accept resumed>{sa_family=AF_INET, sin_port=htons(48960), sin_addr=inet_addr("192.168.56.2")}, [16]) = 9
98615 12:59:28.634817 <... recvfrom resumed>"1\0", 10, 0, NULL, NULL) = 2
98613 12:59:28.634985 epoll_wait(4,  <unfinished ...>
98615 12:59:28.636635 accept(3, {sa_family=AF_INET, sin_port=htons(48962), sin_addr=inet_addr("192.168.56.2")}, [16]) = 8
98616 12:59:28.643806 accept(3, 0x7fff3b7dc520, [16]) = -1 EAGAIN (Resource temporarily unavailable)
98615 12:59:28.644073 accept(3, 0x7fff3b7dc520, [16]) = -1 EAGAIN (Resource temporarily unavailable)
98616 12:59:28.645156 epoll_wait(6, [{EPOLLIN, {u32=9, u64=139633681760265}}], 1000, -1) = 1
98615 12:59:28.645894 epoll_wait(5, [{EPOLLIN, {u32=8, u64=139633681760264}}], 1000, -1) = 1
98616 12:59:28.646040 recvfrom(9, "GET / HTTP/1.0\r\nUser-Agent: WebBench 1.5\r\nHost: 192.168.56.2\r\n\r\n", 2048, 0, NULL, NULL) = 64
98615 12:59:28.646284 recvfrom(8, "GET / HTTP/1.0\r\nUser-Agent: WebBench 1.5\r\nHost: 192.168.56.2\r\n\r\n", 2048, 0, NULL, NULL) = 64
98616 12:59:28.649592 writev(9, [{iov_base="HTTP/1.1 200 OK\r\nContent-Length: 27\r\n\r\n", iov_len=39}, {iov_base="Hello from Tom HTTP Server\n", iov_len=27}], 2) = 66
98615 12:59:28.650522 writev(8, [{iov_base="HTTP/1.1 200 OK\r\nContent-Length: 27\r\n\r\n", iov_len=39}, {iov_base="Hello from Tom HTTP Server\n", iov_len=27}], 2) = 66
98613 12:59:28.650937 <... epoll_wait resumed>[{EPOLLIN, {u32=3, u64=3}}], 1000, -1) = 1
98613 12:59:28.651309 sendto(6, "1\0", 2, 0, NULL, 0) = 2
98613 12:59:28.651862 epoll_wait(4,  <unfinished ...>
98616 12:59:28.656400 epoll_wait(6,  <unfinished ...>
98613 12:59:28.656637 <... epoll_wait resumed>[{EPOLLIN, {u32=3, u64=3}}], 1000, -1) = 1
98616 12:59:28.657374 <... epoll_wait resumed>[{EPOLLIN, {u32=4, u64=4}}], 1000, -1) = 1
98613 12:59:28.657600 sendto(5, "1\0", 2, 0, NULL, 0 <unfinished ...>
98616 12:59:28.657706 recvfrom(4,  <unfinished ...>
98615 12:59:28.657773 epoll_wait(5,  <unfinished ...>
98613 12:59:28.657838 <... sendto resumed>) = 2
98616 12:59:28.657903 <... recvfrom resumed>"1\0", 10, 0, NULL, NULL) = 2
98615 12:59:28.657981 <... epoll_wait resumed>[{EPOLLIN, {u32=4, u64=4}}], 1000, -1) = 1
98616 12:59:28.658230 accept(3,  <unfinished ...>
98615 12:59:28.659727 recvfrom(4,  <unfinished ...>
98616 12:59:28.659905 <... accept resumed>{sa_family=AF_INET, sin_port=htons(48964), sin_addr=inet_addr("192.168.56.2")}, [16]) = 9
98615 12:59:28.660057 <... recvfrom resumed>"1\0", 10, 0, NULL, NULL) = 2
98613 12:59:28.660965 epoll_wait(4,  <unfinished ...>
98615 12:59:28.664479 accept(3, {sa_family=AF_INET, sin_port=htons(48966), sin_addr=inet_addr("192.168.56.2")}, [16]) = 8
98616 12:59:28.665867 accept(3, 0x7fff3b7dc520, [16]) = -1 EAGAIN (Resource temporarily unavailable)
98615 12:59:28.666246 accept(3, 0x7fff3b7dc520, [16]) = -1 EAGAIN (Resource temporarily unavailable)
98616 12:59:28.666434 epoll_wait(6, [{EPOLLIN, {u32=9, u64=139633681760265}}], 1000, -1) = 1
98615 12:59:28.666698 epoll_wait(5, [{EPOLLIN, {u32=8, u64=139633681760264}}], 1000, -1) = 1
98616 12:59:28.666872 recvfrom(9, "GET / HTTP/1.0\r\nUser-Agent: WebBench 1.5\r\nHost: 192.168.56.2\r\n\r\n", 2048, 0, NULL, NULL) = 64
98615 12:59:28.667260 recvfrom(8, "GET / HTTP/1.0\r\nUser-Agent: WebBench 1.5\r\nHost: 192.168.56.2\r\n\r\n", 2048, 0, NULL, NULL) = 64
98616 12:59:28.674015 writev(9, [{iov_base="HTTP/1.1 200 OK\r\nContent-Length: 27\r\n\r\n", iov_len=39}, {iov_base="Hello from Tom HTTP Server\n", iov_len=27}], 2) = 66
98615 12:59:28.674528 writev(8, [{iov_base="HTTP/1.1 200 OK\r\nContent-Length: 27\r\n\r\n", iov_len=39}, {iov_base="Hello from Tom HTTP Server\n", iov_len=27}], 2) = 66
98613 12:59:28.674960 <... epoll_wait resumed>[{EPOLLIN, {u32=3, u64=3}}], 1000, -1) = 1
98613 12:59:28.675133 sendto(6, "1\0", 2, 0, NULL, 0) = 2
98613 12:59:28.676417 epoll_wait(4,  <unfinished ...>
98616 12:59:28.676545 epoll_wait(6,  <unfinished ...>
98613 12:59:28.676639 <... epoll_wait resumed>[{EPOLLIN, {u32=3, u64=3}}], 1000, -1) = 1
98616 12:59:28.676715 <... epoll_wait resumed>[{EPOLLIN, {u32=4, u64=4}}], 1000, -1) = 1
98613 12:59:28.682980 sendto(5, "1\0", 2, 0, NULL, 0 <unfinished ...>
98616 12:59:28.683815 recvfrom(4,  <unfinished ...>
98615 12:59:28.683950 epoll_wait(5,  <unfinished ...>
98613 12:59:28.684038 <... sendto resumed>) = 2
98616 12:59:28.684104 <... recvfrom resumed>"1\0", 10, 0, NULL, NULL) = 2
98615 12:59:28.684196 <... epoll_wait resumed>[{EPOLLIN, {u32=4, u64=4}}], 1000, -1) = 1
98616 12:59:28.684356 accept(3,  <unfinished ...>
98615 12:59:28.684436 recvfrom(4,  <unfinished ...>
98616 12:59:28.684507 <... accept resumed>{sa_family=AF_INET, sin_port=htons(48968), sin_addr=inet_addr("192.168.56.2")}, [16]) = 9
98615 12:59:28.684650 <... recvfrom resumed>"1\0", 10, 0, NULL, NULL) = 2
98613 12:59:28.684733 epoll_wait(4,  <unfinished ...>
98615 12:59:28.685086 accept(3, {sa_family=AF_INET, sin_port=htons(48970), sin_addr=inet_addr("192.168.56.2")}, [16]) = 8
98616 12:59:28.693012 accept(3, 0x7fff3b7dc520, [16]) = -1 EAGAIN (Resource temporarily unavailable)
98615 12:59:28.696503 accept(3, 0x7fff3b7dc520, [16]) = -1 EAGAIN (Resource temporarily unavailable)
98616 12:59:28.696861 epoll_wait(6, [{EPOLLIN, {u32=9, u64=139633681760265}}], 1000, -1) = 1
98615 12:59:28.701073 epoll_wait(5, [{EPOLLIN, {u32=8, u64=139633681760264}}], 1000, -1) = 1
98616 12:59:28.706258 recvfrom(9, "GET / HTTP/1.0\r\nUser-Agent: WebBench 1.5\r\nHost: 192.168.56.2\r\n\r\n", 2048, 0, NULL, NULL) = 64
98615 12:59:28.709425 recvfrom(8, "GET / HTTP/1.0\r\nUser-Agent: WebBench 1.5\r\nHost: 192.168.56.2\r\n\r\n", 2048, 0, NULL, NULL) = 64
98616 12:59:28.712542 writev(9, [{iov_base="HTTP/1.1 200 OK\r\nContent-Length: 27\r\n\r\n", iov_len=39}, {iov_base="Hello from Tom HTTP Server\n", iov_len=27}], 2) = 66
98615 12:59:28.713653 writev(8, [{iov_base="HTTP/1.1 200 OK\r\nContent-Length: 27\r\n\r\n", iov_len=39}, {iov_base="Hello from Tom HTTP Server\n", iov_len=27}], 2) = 66
98613 12:59:28.715518 <... epoll_wait resumed>[{EPOLLIN, {u32=3, u64=3}}], 1000, -1) = 1
98613 12:59:28.716636 sendto(6, "1\0", 2, 0, NULL, 0) = 2
98613 12:59:28.718009 epoll_wait(4,  <unfinished ...>
98616 12:59:28.718107 epoll_wait(6,  <unfinished ...>
98613 12:59:28.718209 <... epoll_wait resumed>[{EPOLLIN, {u32=3, u64=3}}], 1000, -1) = 1
98616 12:59:28.718623 <... epoll_wait resumed>[{EPOLLIN, {u32=4, u64=4}}], 1000, -1) = 1
98613 12:59:28.718984 sendto(5, "1\0", 2, 0, NULL, 0 <unfinished ...>
98616 12:59:28.719183 recvfrom(4,  <unfinished ...>
98615 12:59:28.719432 epoll_wait(5,  <unfinished ...>
98613 12:59:28.719520 <... sendto resumed>) = 2
98616 12:59:28.719606 <... recvfrom resumed>"1\0", 10, 0, NULL, NULL) = 2
98615 12:59:28.719834 <... epoll_wait resumed>[{EPOLLIN, {u32=4, u64=4}}], 1000, -1) = 1
98616 12:59:28.720237 accept(3,  <unfinished ...>
98615 12:59:28.722002 recvfrom(4,  <unfinished ...>
98616 12:59:28.724981 <... accept resumed>{sa_family=AF_INET, sin_port=htons(48972), sin_addr=inet_addr("192.168.56.2")}, [16]) = 9
98615 12:59:28.725170 <... recvfrom resumed>"1\0", 10, 0, NULL, NULL) = 2
98613 12:59:28.725330 epoll_wait(4,  <unfinished ...>
98615 12:59:28.728135 accept(3, {sa_family=AF_INET, sin_port=htons(48974), sin_addr=inet_addr("192.168.56.2")}, [16]) = 8
98616 12:59:28.730250 accept(3, 0x7fff3b7dc520, [16]) = -1 EAGAIN (Resource temporarily unavailable)
98615 12:59:28.730865 accept(3, 0x7fff3b7dc520, [16]) = -1 EAGAIN (Resource temporarily unavailable)
98616 12:59:28.734672 epoll_wait(6, [{EPOLLIN, {u32=9, u64=139633681760265}}], 1000, -1) = 1
98615 12:59:28.734921 epoll_wait(5, [{EPOLLIN, {u32=8, u64=139633681760264}}], 1000, -1) = 1
98616 12:59:28.735059 recvfrom(9, "GET / HTTP/1.0\r\nUser-Agent: WebBench 1.5\r\nHost: 192.168.56.2\r\n\r\n", 2048, 0, NULL, NULL) = 64
98615 12:59:28.735405 recvfrom(8, "GET / HTTP/1.0\r\nUser-Agent: WebBench 1.5\r\nHost: 192.168.56.2\r\n\r\n", 2048, 0, NULL, NULL) = 64
98616 12:59:28.737083 writev(9, [{iov_base="HTTP/1.1 200 OK\r\nContent-Length: 27\r\n\r\n", iov_len=39}, {iov_base="Hello from Tom HTTP Server\n", iov_len=27}], 2) = 66
98615 12:59:28.737957 writev(8, [{iov_base="HTTP/1.1 200 OK\r\nContent-Length: 27\r\n\r\n", iov_len=39}, {iov_base="Hello from Tom HTTP Server\n", iov_len=27}], 2) = 66
98613 12:59:28.739708 <... epoll_wait resumed>[{EPOLLIN, {u32=3, u64=3}}], 1000, -1) = 1
98613 12:59:28.740031 sendto(6, "1\0", 2, 0, NULL, 0) = 2
98613 12:59:28.740783 epoll_wait(4,  <unfinished ...>
98616 12:59:28.740907 epoll_wait(6,  <unfinished ...>
98613 12:59:28.741028 <... epoll_wait resumed>[{EPOLLIN, {u32=3, u64=3}}], 1000, -1) = 1
98616 12:59:28.741261 <... epoll_wait resumed>[{EPOLLIN, {u32=4, u64=4}}], 1000, -1) = 1
98613 12:59:28.741498 sendto(5, "1\0", 2, 0, NULL, 0 <unfinished ...>
98616 12:59:28.741693 recvfrom(4,  <unfinished ...>
98615 12:59:28.741768 epoll_wait(5,  <unfinished ...>
98613 12:59:28.741851 <... sendto resumed>) = 2
98616 12:59:28.741921 <... recvfrom resumed>"1\0", 10, 0, NULL, NULL) = 2
98615 12:59:28.742025 <... epoll_wait resumed>[{EPOLLIN, {u32=4, u64=4}}], 1000, -1) = 1
98616 12:59:28.745918 accept(3,  <unfinished ...>
98615 12:59:28.746145 recvfrom(4,  <unfinished ...>
98616 12:59:28.746265 <... accept resumed>{sa_family=AF_INET, sin_port=htons(48976), sin_addr=inet_addr("192.168.56.2")}, [16]) = 9
98615 12:59:28.746383 <... recvfrom resumed>"1\0", 10, 0, NULL, NULL) = 2
98613 12:59:28.746524 epoll_wait(4,  <unfinished ...>
98615 12:59:28.746730 accept(3, {sa_family=AF_INET, sin_port=htons(48978), sin_addr=inet_addr("192.168.56.2")}, [16]) = 8
98616 12:59:28.747556 accept(3, 0x7fff3b7dc520, [16]) = -1 EAGAIN (Resource temporarily unavailable)
98615 12:59:28.747875 accept(3, 0x7fff3b7dc520, [16]) = -1 EAGAIN (Resource temporarily unavailable)
98616 12:59:28.748103 epoll_wait(6, [{EPOLLIN, {u32=9, u64=139633681760265}}], 1000, -1) = 1
98615 12:59:28.748914 epoll_wait(5, [{EPOLLIN, {u32=8, u64=139633681760264}}], 1000, -1) = 1
98616 12:59:28.749546 recvfrom(9, "GET / HTTP/1.0\r\nUser-Agent: WebBench 1.5\r\nHost: 192.168.56.2\r\n\r\n", 2048, 0, NULL, NULL) = 64
98615 12:59:28.749906 recvfrom(8, "GET / HTTP/1.0\r\nUser-Agent: WebBench 1.5\r\nHost: 192.168.56.2\r\n\r\n", 2048, 0, NULL, NULL) = 64
98616 12:59:28.753037 writev(9, [{iov_base="HTTP/1.1 200 OK\r\nContent-Length: 27\r\n\r\n", iov_len=39}, {iov_base="Hello from Tom HTTP Server\n", iov_len=27}], 2) = 66
98615 12:59:28.754397 writev(8, [{iov_base="HTTP/1.1 200 OK\r\nContent-Length: 27\r\n\r\n", iov_len=39}, {iov_base="Hello from Tom HTTP Server\n", iov_len=27}], 2) = 66
98613 12:59:28.757952 <... epoll_wait resumed>[{EPOLLIN, {u32=3, u64=3}}], 1000, -1) = 1
98613 12:59:28.758453 sendto(6, "1\0", 2, 0, NULL, 0) = 2
98613 12:59:28.761995 epoll_wait(4,  <unfinished ...>
98616 12:59:28.762587 epoll_wait(6,  <unfinished ...>
98613 12:59:28.763021 <... epoll_wait resumed>[{EPOLLIN, {u32=3, u64=3}}], 1000, -1) = 1
98616 12:59:28.763134 <... epoll_wait resumed>[{EPOLLIN, {u32=4, u64=4}}], 1000, -1) = 1
98613 12:59:28.763301 sendto(5, "1\0", 2, 0, NULL, 0 <unfinished ...>
98616 12:59:28.763422 recvfrom(4,  <unfinished ...>
98613 12:59:28.764272 <... sendto resumed>) = 2
98616 12:59:28.768869 <... recvfrom resumed>"1\0", 10, 0, NULL, NULL) = 2
98616 12:59:28.769234 accept(3, {sa_family=AF_INET, sin_port=htons(48980), sin_addr=inet_addr("192.168.56.2")}, [16]) = 9
98615 12:59:28.770003 epoll_wait(5,  <unfinished ...>
98613 12:59:28.770125 epoll_wait(4,  <unfinished ...>
98615 12:59:28.770248 <... epoll_wait resumed>[{EPOLLIN, {u32=4, u64=4}}], 1000, -1) = 1
98615 12:59:28.770923 recvfrom(4, "1\0", 10, 0, NULL, NULL) = 2
98615 12:59:28.772361 accept(3, {sa_family=AF_INET, sin_port=htons(48982), sin_addr=inet_addr("192.168.56.2")}, [16]) = 8
98616 12:59:28.774655 accept(3, 0x7fff3b7dc520, [16]) = -1 EAGAIN (Resource temporarily unavailable)
98616 12:59:28.776218 epoll_wait(6, [{EPOLLIN, {u32=9, u64=139633681760265}}], 1000, -1) = 1
98615 12:59:28.789207 accept(3, 0x7fff3b7dc520, [16]) = -1 EAGAIN (Resource temporarily unavailable)
98616 12:59:28.791540 recvfrom(9, "GET / HTTP/1.0\r\nUser-Agent: WebBench 1.5\r\nHost: 192.168.56.2\r\n\r\n", 2048, 0, NULL, NULL) = 64
98615 12:59:28.794575 epoll_wait(5, [{EPOLLIN, {u32=8, u64=139633681760264}}], 1000, -1) = 1
98615 12:59:28.796197 recvfrom(8, "GET / HTTP/1.0\r\nUser-Agent: WebBench 1.5\r\nHost: 192.168.56.2\r\n\r\n", 2048, 0, NULL, NULL) = 64
98616 12:59:28.802720 writev(9, [{iov_base="HTTP/1.1 200 OK\r\nContent-Length: 27\r\n\r\n", iov_len=39}, {iov_base="Hello from Tom HTTP Server\n", iov_len=27}], 2) = 66
98613 12:59:28.803414 <... epoll_wait resumed>[{EPOLLIN, {u32=3, u64=3}}], 1000, -1) = 1
98615 12:59:28.804092 writev(8, [{iov_base="HTTP/1.1 200 OK\r\nContent-Length: 27\r\n\r\n", iov_len=39}, {iov_base="Hello from Tom HTTP Server\n", iov_len=27}], 2 <unfinished ...>
98613 12:59:28.804876 sendto(6, "1\0", 2, 0, NULL, 0 <unfinished ...>
98615 12:59:28.805073 <... writev resumed>) = 66
98613 12:59:28.805155 <... sendto resumed>) = 2
98613 12:59:28.807625 epoll_wait(4,  <unfinished ...>
98616 12:59:28.807770 epoll_wait(6,  <unfinished ...>
98613 12:59:28.807853 <... epoll_wait resumed>[{EPOLLIN, {u32=3, u64=3}}], 1000, -1) = 1
98616 12:59:28.807931 <... epoll_wait resumed>[{EPOLLIN, {u32=4, u64=4}}], 1000, -1) = 1
98613 12:59:28.808085 sendto(5, "1\0", 2, 0, NULL, 0 <unfinished ...>
98616 12:59:28.808174 recvfrom(4,  <unfinished ...>
98613 12:59:28.808248 <... sendto resumed>) = 2
98616 12:59:28.808310 <... recvfrom resumed>"1\0", 10, 0, NULL, NULL) = 2
98616 12:59:28.808580 accept(3, {sa_family=AF_INET, sin_port=htons(48984), sin_addr=inet_addr("192.168.56.2")}, [16]) = 9
98615 12:59:28.808795 epoll_wait(5,  <unfinished ...>
98613 12:59:28.808861 epoll_wait(4,  <unfinished ...>
98615 12:59:28.808935 <... epoll_wait resumed>[{EPOLLIN, {u32=4, u64=4}}], 1000, -1) = 1
98615 12:59:28.809097 recvfrom(4, "1\0", 10, 0, NULL, NULL) = 2
98615 12:59:28.809367 accept(3, {sa_family=AF_INET, sin_port=htons(48986), sin_addr=inet_addr("192.168.56.2")}, [16]) = 8
98616 12:59:28.811068 accept(3, 0x7fff3b7dc520, [16]) = -1 EAGAIN (Resource temporarily unavailable)
98616 12:59:28.811371 epoll_wait(6, [{EPOLLIN, {u32=9, u64=139633681760265}}], 1000, -1) = 1
98615 12:59:28.811628 accept(3, 0x7fff3b7dc520, [16]) = -1 EAGAIN (Resource temporarily unavailable)
98616 12:59:28.812187 recvfrom(9, "GET / HTTP/1.0\r\nUser-Agent: WebBench 1.5\r\nHost: 192.168.56.2\r\n\r\n", 2048, 0, NULL, NULL) = 64
98615 12:59:28.812639 epoll_wait(5, [{EPOLLIN, {u32=8, u64=139633681760264}}], 1000, -1) = 1
98615 12:59:28.813992 recvfrom(8, "GET / HTTP/1.0\r\nUser-Agent: WebBench 1.5\r\nHost: 192.168.56.2\r\n\r\n", 2048, 0, NULL, NULL) = 64
98616 12:59:28.817119 writev(9, [{iov_base="HTTP/1.1 200 OK\r\nContent-Length: 27\r\n\r\n", iov_len=39}, {iov_base="Hello from Tom HTTP Server\n", iov_len=27}], 2) = 66
98613 12:59:28.823950 <... epoll_wait resumed>[{EPOLLIN, {u32=3, u64=3}}], 1000, -1) = 1
98615 12:59:28.824445 writev(8, [{iov_base="HTTP/1.1 200 OK\r\nContent-Length: 27\r\n\r\n", iov_len=39}, {iov_base="Hello from Tom HTTP Server\n", iov_len=27}], 2 <unfinished ...>
98613 12:59:28.824644 sendto(6, "1\0", 2, 0, NULL, 0 <unfinished ...>
98615 12:59:28.824740 <... writev resumed>) = 66
98613 12:59:28.824807 <... sendto resumed>) = 2
98613 12:59:28.825073 epoll_wait(4, [{EPOLLIN, {u32=3, u64=3}}], 1000, -1) = 1
98613 12:59:28.825823 sendto(5, "1\0", 2, 0, NULL, 0) = 2
98615 12:59:28.826653 epoll_wait(5,  <unfinished ...>
98613 12:59:28.827641 epoll_wait(4,  <unfinished ...>
98615 12:59:28.827765 <... epoll_wait resumed>[{EPOLLIN, {u32=4, u64=4}}], 1000, -1) = 1
98615 12:59:28.827951 recvfrom(4, "1\0", 10, 0, NULL, NULL) = 2
98616 12:59:28.828600 epoll_wait(6, [{EPOLLIN, {u32=4, u64=4}}], 1000, -1) = 1
98615 12:59:28.828829 accept(3, {sa_family=AF_INET, sin_port=htons(48988), sin_addr=inet_addr("192.168.56.2")}, [16]) = 8
98616 12:59:28.829143 recvfrom(4, "1\0", 10, 0, NULL, NULL) = 2
98616 12:59:28.829706 accept(3, {sa_family=AF_INET, sin_port=htons(48990), sin_addr=inet_addr("192.168.56.2")}, [16]) = 9
98615 12:59:28.831618 accept(3, 0x7fff3b7dc520, [16]) = -1 EAGAIN (Resource temporarily unavailable)
98616 12:59:28.845786 accept(3,  <unfinished ...>
98615 12:59:28.845950 epoll_wait(5,  <unfinished ...>
98616 12:59:28.846031 <... accept resumed>0x7fff3b7dc520, [16]) = -1 EAGAIN (Resource temporarily unavailable)
98615 12:59:28.846147 <... epoll_wait resumed>[{EPOLLIN, {u32=8, u64=139633681760264}}], 1000, -1) = 1
98616 12:59:28.847386 epoll_wait(6,  <unfinished ...>
98615 12:59:28.847610 recvfrom(8,  <unfinished ...>
98616 12:59:28.847990 <... epoll_wait resumed>[{EPOLLIN, {u32=9, u64=139633681760265}}], 1000, -1) = 1
98615 12:59:28.848297 <... recvfrom resumed>"GET / HTTP/1.0\r\nUser-Agent: WebBench 1.5\r\nHost: 192.168.56.2\r\n\r\n", 2048, 0, NULL, NULL) = 64
98616 12:59:28.849685 recvfrom(9, "GET / HTTP/1.0\r\nUser-Agent: WebBench 1.5\r\nHost: 192.168.56.2\r\n\r\n", 2048, 0, NULL, NULL) = 64
98615 12:59:28.853308 writev(8, [{iov_base="HTTP/1.1 200 OK\r\nContent-Length: 27\r\n\r\n", iov_len=39}, {iov_base="Hello from Tom HTTP Server\n", iov_len=27}], 2) = 66
98616 12:59:28.858412 writev(9, [{iov_base="HTTP/1.1 200 OK\r\nContent-Length: 27\r\n\r\n", iov_len=39}, {iov_base="Hello from Tom HTTP Server\n", iov_len=27}], 2 <unfinished ...>
98613 12:59:28.858658 <... epoll_wait resumed>[{EPOLLIN, {u32=3, u64=3}}], 1000, -1) = 1
98616 12:59:28.858749 <... writev resumed>) = 66
98613 12:59:28.858892 sendto(6, "1\0", 2, 0, NULL, 0) = 2
98613 12:59:28.860394 epoll_wait(4,  <unfinished ...>
98615 12:59:28.860843 epoll_wait(5,  <unfinished ...>
98613 12:59:28.860954 <... epoll_wait resumed>[{EPOLLIN, {u32=3, u64=3}}], 1000, -1) = 1
98613 12:59:28.861221 sendto(5, "1\0", 2, 0, NULL, 0) = 2
98615 12:59:28.861991 <... epoll_wait resumed>[{EPOLLIN, {u32=4, u64=4}}], 1000, -1) = 1
98616 12:59:28.862126 epoll_wait(6, [{EPOLLIN, {u32=4, u64=4}}], 1000, -1) = 1
98615 12:59:28.862442 recvfrom(4, "1\0", 10, 0, NULL, NULL) = 2
98613 12:59:28.862831 epoll_wait(4,  <unfinished ...>
98616 12:59:28.862928 recvfrom(4, "1\0", 10, 0, NULL, NULL) = 2
98615 12:59:28.866202 accept(3, {sa_family=AF_INET, sin_port=htons(48992), sin_addr=inet_addr("192.168.56.2")}, [16]) = 8
98616 12:59:28.866442 accept(3, {sa_family=AF_INET, sin_port=htons(48994), sin_addr=inet_addr("192.168.56.2")}, [16]) = 9
98615 12:59:28.868946 accept(3, 0x7fff3b7dc520, [16]) = -1 EAGAIN (Resource temporarily unavailable)
98616 12:59:28.869524 accept(3, 0x7fff3b7dc520, [16]) = -1 EAGAIN (Resource temporarily unavailable)
98615 12:59:28.869916 epoll_wait(5, [{EPOLLIN, {u32=8, u64=139633681760264}}], 1000, -1) = 1
98616 12:59:28.873771 epoll_wait(6, [{EPOLLIN, {u32=9, u64=139633681760265}}], 1000, -1) = 1
98615 12:59:28.880369 recvfrom(8, "GET / HTTP/1.0\r\nUser-Agent: WebBench 1.5\r\nHost: 192.168.56.2\r\n\r\n", 2048, 0, NULL, NULL) = 64
98616 12:59:28.881310 recvfrom(9, "GET / HTTP/1.0\r\nUser-Agent: WebBench 1.5\r\nHost: 192.168.56.2\r\n\r\n", 2048, 0, NULL, NULL) = 64
98615 12:59:28.884877 writev(8, [{iov_base="HTTP/1.1 200 OK\r\nContent-Length: 27\r\n\r\n", iov_len=39}, {iov_base="Hello from Tom HTTP Server\n", iov_len=27}], 2) = 66
98616 12:59:28.885257 writev(9, [{iov_base="HTTP/1.1 200 OK\r\nContent-Length: 27\r\n\r\n", iov_len=39}, {iov_base="Hello from Tom HTTP Server\n", iov_len=27}], 2) = 66
98613 12:59:28.885782 <... epoll_wait resumed>[{EPOLLIN, {u32=3, u64=3}}], 1000, -1) = 1
98613 12:59:28.886069 sendto(6, "1\0", 2, 0, NULL, 0) = 2
98613 12:59:28.886925 epoll_wait(4,  <unfinished ...>
98615 12:59:28.896877 epoll_wait(5,  <unfinished ...>
98613 12:59:28.897515 <... epoll_wait resumed>[{EPOLLIN, {u32=3, u64=3}}], 1000, -1) = 1
98613 12:59:28.897702 sendto(5, "1\0", 2, 0, NULL, 0) = 2
98615 12:59:28.897884 <... epoll_wait resumed>[{EPOLLIN, {u32=4, u64=4}}], 1000, -1) = 1
98615 12:59:28.898023 recvfrom(4, "1\0", 10, 0, NULL, NULL) = 2
98613 12:59:28.898195 epoll_wait(4,  <unfinished ...>
98615 12:59:28.898340 accept(3, {sa_family=AF_INET, sin_port=htons(48996), sin_addr=inet_addr("192.168.56.2")}, [16]) = 8
98615 12:59:28.898677 accept(3, {sa_family=AF_INET, sin_port=htons(48998), sin_addr=inet_addr("192.168.56.2")}, [16]) = 9
98615 12:59:28.899045 accept(3, 0x7fff3b7dc520, [16]) = -1 EAGAIN (Resource temporarily unavailable)
98615 12:59:28.899298 epoll_wait(5, [{EPOLLIN, {u32=8, u64=139633681760264}}, {EPOLLIN, {u32=9, u64=139633681760265}}], 1000, -1) = 2
98615 12:59:28.899582 recvfrom(8, "GET / HTTP/1.0\r\nUser-Agent: WebBench 1.5\r\nHost: 192.168.56.2\r\n\r\n", 2048, 0, NULL, NULL) = 64
98616 12:59:28.900054 epoll_wait(6, [{EPOLLIN, {u32=4, u64=4}}], 1000, -1) = 1
98616 12:59:28.900465 recvfrom(4, "1\0", 10, 0, NULL, NULL) = 2
98616 12:59:28.900844 accept(3, 0x7fff3b7dc520, [16]) = -1 EAGAIN (Resource temporarily unavailable)
98616 12:59:28.901188 epoll_wait(6,  <unfinished ...>
98615 12:59:28.924511 writev(8, [{iov_base="HTTP/1.1 200 OK\r\nContent-Length: 27\r\n\r\n", iov_len=39}, {iov_base="Hello from Tom HTTP Server\n", iov_len=27}], 2) = 66
98613 12:59:28.925323 <... epoll_wait resumed>[{EPOLLIN, {u32=3, u64=3}}], 1000, -1) = 1
98613 12:59:28.925550 sendto(6, "1\0", 2, 0, NULL, 0) = 2
98616 12:59:28.925948 <... epoll_wait resumed>[{EPOLLIN, {u32=4, u64=4}}], 1000, -1) = 1
98616 12:59:28.926163 recvfrom(4, "1\0", 10, 0, NULL, NULL) = 2
98613 12:59:28.926812 epoll_wait(4,  <unfinished ...>
98615 12:59:28.926974 recvfrom(9, "GET / HTTP/1.0\r\nUser-Agent: WebBench 1.5\r\nHost: 192.168.56.2\r\n\r\n", 2048, 0, NULL, NULL) = 64
98616 12:59:28.927238 accept(3, {sa_family=AF_INET, sin_port=htons(49000), sin_addr=inet_addr("192.168.56.2")}, [16]) = 9
98616 12:59:28.929638 accept(3, 0x7fff3b7dc520, [16]) = -1 EAGAIN (Resource temporarily unavailable)
98616 12:59:28.930431 epoll_wait(6, [{EPOLLIN, {u32=9, u64=139633681760265}}], 1000, -1) = 1
98616 12:59:28.930840 recvfrom(9, "GET / HTTP/1.0\r\nUser-Agent: WebBench 1.5\r\nHost: 192.168.56.2\r\n\r\n", 2048, 0, NULL, NULL) = 64
98615 12:59:28.939607 writev(9, [{iov_base="HTTP/1.1 200 OK\r\nContent-Length: 27\r\n\r\n", iov_len=39}, {iov_base="Hello from Tom HTTP Server\n", iov_len=27}], 2) = 66
98613 12:59:28.940110 <... epoll_wait resumed>[{EPOLLIN, {u32=3, u64=3}}], 1000, -1) = 1
98613 12:59:28.940394 sendto(5, "1\0", 2, 0, NULL, 0) = 2
98613 12:59:28.940784 epoll_wait(4,  <unfinished ...>
98615 12:59:28.940866 epoll_wait(5, [{EPOLLIN, {u32=4, u64=4}}], 1000, -1) = 1
98615 12:59:28.941057 recvfrom(4, "1\0", 10, 0, NULL, NULL) = 2
98615 12:59:28.941296 accept(3, {sa_family=AF_INET, sin_port=htons(49002), sin_addr=inet_addr("192.168.56.2")}, [16]) = 8
98616 12:59:28.941681 writev(9, [{iov_base="HTTP/1.1 200 OK\r\nContent-Length: 27\r\n\r\n", iov_len=39}, {iov_base="Hello from Tom HTTP Server\n", iov_len=27}], 2) = 66
98613 12:59:28.942068 <... epoll_wait resumed>[{EPOLLIN, {u32=3, u64=3}}], 1000, -1) = 1
98613 12:59:28.959623 sendto(6, "1\0", 2, 0, NULL, 0 <unfinished ...>
98615 12:59:28.960062 accept(3,  <unfinished ...>
98613 12:59:28.960197 <... sendto resumed>) = 2
98615 12:59:28.960304 <... accept resumed>{sa_family=AF_INET, sin_port=htons(49004), sin_addr=inet_addr("192.168.56.2")}, [16]) = 9
98613 12:59:28.962021 epoll_wait(4,  <unfinished ...>
98616 12:59:28.962212 epoll_wait(6, [{EPOLLIN, {u32=4, u64=4}}], 1000, -1) = 1
98616 12:59:28.963489 recvfrom(4, "1\0", 10, 0, NULL, NULL) = 2
98616 12:59:28.966887 accept(3, 0x7fff3b7dc520, [16]) = -1 EAGAIN (Resource temporarily unavailable)
98616 12:59:28.967743 epoll_wait(6,  <unfinished ...>
98615 12:59:28.967938 accept(3, 0x7fff3b7dc520, [16]) = -1 EAGAIN (Resource temporarily unavailable)
98615 12:59:28.968229 epoll_wait(5, [{EPOLLIN, {u32=8, u64=139633681760264}}, {EPOLLIN, {u32=9, u64=139633681760265}}], 1000, -1) = 2
98615 12:59:28.968921 recvfrom(8, "GET / HTTP/1.0\r\nUser-Agent: WebBench 1.5\r\nHost: 192.168.56.2\r\n\r\n", 2048, 0, NULL, NULL) = 64
98615 12:59:28.969492 writev(8, [{iov_base="HTTP/1.1 200 OK\r\nContent-Length: 27\r\n\r\n", iov_len=39}, {iov_base="Hello from Tom HTTP Server\n", iov_len=27}], 2) = 66
98613 12:59:28.969922 <... epoll_wait resumed>[{EPOLLIN, {u32=3, u64=3}}], 1000, -1) = 1
98613 12:59:28.970603 sendto(5, "1\0", 2, 0, NULL, 0) = 2
98613 12:59:28.971030 epoll_wait(4,  <unfinished ...>
98615 12:59:28.971131 recvfrom(9, "GET / HTTP/1.0\r\nUser-Agent: WebBench 1.5\r\nHost: 192.168.56.2\r\n\r\n", 2048, 0, NULL, NULL) = 64
98615 12:59:28.974104 writev(9, [{iov_base="HTTP/1.1 200 OK\r\nContent-Length: 27\r\n\r\n", iov_len=39}, {iov_base="Hello from Tom HTTP Server\n", iov_len=27}], 2) = 66
98613 12:59:28.974731 <... epoll_wait resumed>[{EPOLLIN, {u32=3, u64=3}}], 1000, -1) = 1
98613 12:59:28.974900 sendto(6, "1\0", 2, 0, NULL, 0) = 2
98616 12:59:28.975071 <... epoll_wait resumed>[{EPOLLIN, {u32=4, u64=4}}], 1000, -1) = 1
98616 12:59:28.975227 recvfrom(4, "1\0", 10, 0, NULL, NULL) = 2
98613 12:59:28.975451 epoll_wait(4,  <unfinished ...>
98615 12:59:28.975541 epoll_wait(5, [{EPOLLIN, {u32=4, u64=4}}], 1000, -1) = 1
98616 12:59:28.975681 accept(3, {sa_family=AF_INET, sin_port=htons(49006), sin_addr=inet_addr("192.168.56.2")}, [16]) = 9
98615 12:59:28.975864 recvfrom(4, "1\0", 10, 0, NULL, NULL) = 2
98615 12:59:28.976066 accept(3, {sa_family=AF_INET, sin_port=htons(49008), sin_addr=inet_addr("192.168.56.2")}, [16]) = 8
98616 12:59:28.980832 accept(3, 0x7fff3b7dc520, [16]) = -1 EAGAIN (Resource temporarily unavailable)
98616 12:59:28.981163 epoll_wait(6, [{EPOLLIN, {u32=9, u64=139633681760265}}], 1000, -1) = 1
98616 12:59:28.981824 recvfrom(9, "GET / HTTP/1.0\r\nUser-Agent: WebBench 1.5\r\nHost: 192.168.56.2\r\n\r\n", 2048, 0, NULL, NULL) = 64
98616 12:59:28.982605 writev(9, [{iov_base="HTTP/1.1 200 OK\r\nContent-Length: 27\r\n\r\n", iov_len=39}, {iov_base="Hello from Tom HTTP Server\n", iov_len=27}], 2) = 66
98613 12:59:28.983069 <... epoll_wait resumed>[{EPOLLIN, {u32=3, u64=3}}], 1000, -1) = 1
98613 12:59:28.983336 sendto(5, "1\0", 2, 0, NULL, 0) = 2
98613 12:59:28.983572 epoll_wait(4,  <unfinished ...>
98616 12:59:28.984066 epoll_wait(6,  <unfinished ...>
98615 12:59:28.989656 accept(3, {sa_family=AF_INET, sin_port=htons(49010), sin_addr=inet_addr("192.168.56.2")}, [16]) = 9
98615 12:59:28.993920 accept(3, 0x7fff3b7dc520, [16]) = -1 EAGAIN (Resource temporarily unavailable)
98615 12:59:28.994459 epoll_wait(5, [{EPOLLIN, {u32=4, u64=4}}, {EPOLLIN, {u32=8, u64=139633681760264}}, {EPOLLIN, {u32=9, u64=139633681760265}}], 1000, -1) = 3
98615 12:59:28.995498 recvfrom(4, "1\0", 10, 0, NULL, NULL) = 2
98615 12:59:28.998462 accept(3, 0x7fff3b7dc520, [16]) = -1 EAGAIN (Resource temporarily unavailable)
98615 12:59:29.001168 recvfrom(8, "GET / HTTP/1.0\r\nUser-Agent: WebBench 1.5\r\nHost: 192.168.56.2\r\n\r\n", 2048, 0, NULL, NULL) = 64
98615 12:59:29.002403 writev(8, [{iov_base="HTTP/1.1 200 OK\r\nContent-Length: 27\r\n\r\n", iov_len=39}, {iov_base="Hello from Tom HTTP Server\n", iov_len=27}], 2) = 66
98613 12:59:29.002869 <... epoll_wait resumed>[{EPOLLIN, {u32=3, u64=3}}], 1000, -1) = 1
98613 12:59:29.004577 sendto(6, "1\0", 2, 0, NULL, 0) = 2
98616 12:59:29.006786 <... epoll_wait resumed>[{EPOLLIN, {u32=4, u64=4}}], 1000, -1) = 1
98616 12:59:29.007685 recvfrom(4, "1\0", 10, 0, NULL, NULL) = 2
98613 12:59:29.008009 epoll_wait(4,  <unfinished ...>
98615 12:59:29.008131 recvfrom(9, "GET / HTTP/1.0\r\nUser-Agent: WebBench 1.5\r\nHost: 192.168.56.2\r\n\r\n", 2048, 0, NULL, NULL) = 64
98616 12:59:29.008876 accept(3, {sa_family=AF_INET, sin_port=htons(49012), sin_addr=inet_addr("192.168.56.2")}, [16]) = 9
98616 12:59:29.010120 accept(3, 0x7fff3b7dc520, [16]) = -1 EAGAIN (Resource temporarily unavailable)
98616 12:59:29.016659 epoll_wait(6, [{EPOLLIN, {u32=9, u64=139633681760265}}], 1000, -1) = 1
98616 12:59:29.017524 recvfrom(9, "GET / HTTP/1.0\r\nUser-Agent: WebBench 1.5\r\nHost: 192.168.56.2\r\n\r\n", 2048, 0, NULL, NULL) = 64
98615 12:59:29.018139 writev(9, [{iov_base="HTTP/1.1 200 OK\r\nContent-Length: 27\r\n\r\n", iov_len=39}, {iov_base="Hello from Tom HTTP Server\n", iov_len=27}], 2) = 66
98613 12:59:29.018880 <... epoll_wait resumed>[{EPOLLIN, {u32=3, u64=3}}], 1000, -1) = 1
98613 12:59:29.019697 sendto(5, "1\0", 2, 0, NULL, 0) = 2
98613 12:59:29.020926 epoll_wait(4,  <unfinished ...>
98615 12:59:29.021113 epoll_wait(5, [{EPOLLIN, {u32=4, u64=4}}], 1000, -1) = 1
98615 12:59:29.022179 recvfrom(4, "1\0", 10, 0, NULL, NULL) = 2
98615 12:59:29.022732 accept(3, {sa_family=AF_INET, sin_port=htons(49014), sin_addr=inet_addr("192.168.56.2")}, [16]) = 8
98616 12:59:29.023854 writev(9, [{iov_base="HTTP/1.1 200 OK\r\nContent-Length: 27\r\n\r\n", iov_len=39}, {iov_base="Hello from Tom HTTP Server\n", iov_len=27}], 2) = 66
98613 12:59:29.030515 <... epoll_wait resumed>[{EPOLLIN, {u32=3, u64=3}}], 1000, -1) = 1
98613 12:59:29.030774 sendto(6, "1\0", 2, 0, NULL, 0 <unfinished ...>
98615 12:59:29.030897 accept(3,  <unfinished ...>
98613 12:59:29.030979 <... sendto resumed>) = 2
98615 12:59:29.031190 <... accept resumed>{sa_family=AF_INET, sin_port=htons(49016), sin_addr=inet_addr("192.168.56.2")}, [16]) = 9
98613 12:59:29.031538 epoll_wait(4,  <unfinished ...>
98616 12:59:29.031636 epoll_wait(6, [{EPOLLIN, {u32=4, u64=4}}], 1000, -1) = 1
98616 12:59:29.031897 recvfrom(4, "1\0", 10, 0, NULL, NULL) = 2
98616 12:59:29.032176 accept(3, 0x7fff3b7dc520, [16]) = -1 EAGAIN (Resource temporarily unavailable)
98616 12:59:29.032686 epoll_wait(6,  <unfinished ...>
98615 12:59:29.032845 accept(3, 0x7fff3b7dc520, [16]) = -1 EAGAIN (Resource temporarily unavailable)
98615 12:59:29.033338 epoll_wait(5, [{EPOLLIN, {u32=8, u64=139633681760264}}, {EPOLLIN, {u32=9, u64=139633681760265}}], 1000, -1) = 2
98615 12:59:29.033584 recvfrom(8, "GET / HTTP/1.0\r\nUser-Agent: WebBench 1.5\r\nHost: 192.168.56.2\r\n\r\n", 2048, 0, NULL, NULL) = 64
98615 12:59:29.034290 writev(8, [{iov_base="HTTP/1.1 200 OK\r\nContent-Length: 27\r\n\r\n", iov_len=39}, {iov_base="Hello from Tom HTTP Server\n", iov_len=27}], 2) = 66
98613 12:59:29.034847 <... epoll_wait resumed>[{EPOLLIN, {u32=3, u64=3}}], 1000, -1) = 1
98613 12:59:29.035151 sendto(5, "1\0", 2, 0, NULL, 0) = 2
98613 12:59:29.035514 epoll_wait(4,  <unfinished ...>
98615 12:59:29.035611 recvfrom(9, "GET / HTTP/1.0\r\nUser-Agent: WebBench 1.5\r\nHost: 192.168.56.2\r\n\r\n", 2048, 0, NULL, NULL) = 64
98615 12:59:29.036443 writev(9, [{iov_base="HTTP/1.1 200 OK\r\nContent-Length: 27\r\n\r\n", iov_len=39}, {iov_base="Hello from Tom HTTP Server\n", iov_len=27}], 2) = 66
98613 12:59:29.037113 <... epoll_wait resumed>[{EPOLLIN, {u32=3, u64=3}}], 1000, -1) = 1
98613 12:59:29.037394 sendto(6, "1\0", 2, 0, NULL, 0) = 2
98616 12:59:29.037704 <... epoll_wait resumed>[{EPOLLIN, {u32=4, u64=4}}], 1000, -1) = 1
98616 12:59:29.041008 recvfrom(4, "1\0", 10, 0, NULL, NULL) = 2
98613 12:59:29.041338 epoll_wait(4,  <unfinished ...>
98615 12:59:29.041441 epoll_wait(5, [{EPOLLIN, {u32=4, u64=4}}], 1000, -1) = 1
98616 12:59:29.041629 accept(3, {sa_family=AF_INET, sin_port=htons(49018), sin_addr=inet_addr("192.168.56.2")}, [16]) = 9
98615 12:59:29.041899 recvfrom(4, "1\0", 10, 0, NULL, NULL) = 2
98615 12:59:29.042167 accept(3, {sa_family=AF_INET, sin_port=htons(49020), sin_addr=inet_addr("192.168.56.2")}, [16]) = 8
98616 12:59:29.042810 accept(3, 0x7fff3b7dc520, [16]) = -1 EAGAIN (Resource temporarily unavailable)
98616 12:59:29.044332 epoll_wait(6,  <unfinished ...>
98615 12:59:29.044458 accept(3,  <unfinished ...>
98616 12:59:29.044550 <... epoll_wait resumed>[{EPOLLIN, {u32=9, u64=139633681760265}}], 1000, -1) = 1
98615 12:59:29.044623 <... accept resumed>0x7fff3b7dc520, [16]) = -1 EAGAIN (Resource temporarily unavailable)
98616 12:59:29.044934 recvfrom(9,  <unfinished ...>
98615 12:59:29.045013 epoll_wait(5,  <unfinished ...>
98616 12:59:29.045078 <... recvfrom resumed>"GET / HTTP/1.0\r\nUser-Agent: WebBench 1.5\r\nHost: 192.168.56.2\r\n\r\n", 2048, 0, NULL, NULL) = 64
98615 12:59:29.045166 <... epoll_wait resumed>[{EPOLLIN, {u32=8, u64=139633681760264}}], 1000, -1) = 1
98615 12:59:29.045342 recvfrom(8, "GET / HTTP/1.0\r\nUser-Agent: WebBench 1.5\r\nHost: 192.168.56.2\r\n\r\n", 2048, 0, NULL, NULL) = 64
98616 12:59:29.046853 writev(9, [{iov_base="HTTP/1.1 200 OK\r\nContent-Length: 27\r\n\r\n", iov_len=39}, {iov_base="Hello from Tom HTTP Server\n", iov_len=27}], 2) = 66
98615 12:59:29.047722 writev(8, [{iov_base="HTTP/1.1 200 OK\r\nContent-Length: 27\r\n\r\n", iov_len=39}, {iov_base="Hello from Tom HTTP Server\n", iov_len=27}], 2 <unfinished ...>
98613 12:59:29.048340 <... epoll_wait resumed>[{EPOLLIN, {u32=3, u64=3}}], 1000, -1) = 1
98615 12:59:29.048544 <... writev resumed>) = 66
98613 12:59:29.050083 sendto(5, "1\0", 2, 0, NULL, 0) = 2
98613 12:59:29.052475 epoll_wait(4,  <unfinished ...>
98616 12:59:29.052664 epoll_wait(6,  <unfinished ...>
98613 12:59:29.052747 <... epoll_wait resumed>[{EPOLLIN, {u32=3, u64=3}}], 1000, -1) = 1
98613 12:59:29.052879 sendto(6, "1\0", 2, 0, NULL, 0) = 2
98616 12:59:29.053068 <... epoll_wait resumed>[{EPOLLIN, {u32=4, u64=4}}], 1000, -1) = 1
98615 12:59:29.053338 epoll_wait(5, [{EPOLLIN, {u32=4, u64=4}}], 1000, -1) = 1
98616 12:59:29.056039 recvfrom(4, "1\0", 10, 0, NULL, NULL) = 2
98613 12:59:29.057266 epoll_wait(4,  <unfinished ...>
98615 12:59:29.058098 recvfrom(4, "1\0", 10, 0, NULL, NULL) = 2
98616 12:59:29.061751 accept(3, {sa_family=AF_INET, sin_port=htons(49022), sin_addr=inet_addr("192.168.56.2")}, [16]) = 9
98615 12:59:29.062804 accept(3, {sa_family=AF_INET, sin_port=htons(49024), sin_addr=inet_addr("192.168.56.2")}, [16]) = 8
98616 12:59:29.066744 accept(3, 0x7fff3b7dc520, [16]) = -1 EAGAIN (Resource temporarily unavailable)
98615 12:59:29.067013 accept(3, 0x7fff3b7dc520, [16]) = -1 EAGAIN (Resource temporarily unavailable)
98616 12:59:29.067272 epoll_wait(6, [{EPOLLIN, {u32=9, u64=139633681760265}}], 1000, -1) = 1
98615 12:59:29.067433 epoll_wait(5, [{EPOLLIN, {u32=8, u64=139633681760264}}], 1000, -1) = 1
98616 12:59:29.068247 recvfrom(9, "GET / HTTP/1.0\r\nUser-Agent: WebBench 1.5\r\nHost: 192.168.56.2\r\n\r\n", 2048, 0, NULL, NULL) = 64
98615 12:59:29.068528 recvfrom(8, "GET / HTTP/1.0\r\nUser-Agent: WebBench 1.5\r\nHost: 192.168.56.2\r\n\r\n", 2048, 0, NULL, NULL) = 64
98616 12:59:29.078979 writev(9, [{iov_base="HTTP/1.1 200 OK\r\nContent-Length: 27\r\n\r\n", iov_len=39}, {iov_base="Hello from Tom HTTP Server\n", iov_len=27}], 2) = 66
98615 12:59:29.079605 writev(8, [{iov_base="HTTP/1.1 200 OK\r\nContent-Length: 27\r\n\r\n", iov_len=39}, {iov_base="Hello from Tom HTTP Server\n", iov_len=27}], 2) = 66
98613 12:59:29.081056 <... epoll_wait resumed>[{EPOLLIN, {u32=3, u64=3}}], 1000, -1) = 1
98613 12:59:29.081489 sendto(5, "1\0", 2, 0, NULL, 0) = 2
98616 12:59:29.085898 epoll_wait(6,  <unfinished ...>
98615 12:59:29.086255 epoll_wait(5, [{EPOLLIN, {u32=4, u64=4}}], 1000, -1) = 1
98615 12:59:29.087449 recvfrom(4, "1\0", 10, 0, NULL, NULL) = 2
98615 12:59:29.087931 accept(3, {sa_family=AF_INET, sin_port=htons(49026), sin_addr=inet_addr("192.168.56.2")}, [16]) = 8
