98616 12:59:29.978128 accept(3, 0x7fff3b7dc520, [16]) = -1 EAGAIN (Resource temporarily unavailable)
98615 12:59:29.978481 epoll_wait(5, [{EPOLLIN, {u32=8, u64=139633681760264}}], 1000, -1) = 1
98616 12:59:29.980918 epoll_wait(6, [{EPOLLIN, {u32=9, u64=139633681760265}}], 1000, -1) = 1
98615 12:59:29.981274 recvfrom(8, "GET / HTTP/1.0\r\nUser-Agent: WebBench 1.5\r\nHost: 192.168.56.2\r\n\r\n", 2048, 0, NULL, NULL) = 64
98616 12:59:29.981812 recvfrom(9, "GET / HTTP/1.0\r\nUser-Agent: WebBench 1.5\r\nHost: 192.168.56.2\r\n\r\n", 2048, 0, NULL, NULL) = 64
98615 12:59:29.984480 writev(8, [{iov_base="HTTP/1.1 200 OK\r\nContent-Length: 27\r\n\r\n", iov_len=39}, {iov_base="Hello from Tom HTTP Server\n", iov_len=27}], 2) = 66
98616 12:59:29.985723 writev(9, [{iov_base="HTTP/1.1 200 OK\r\nContent-Length: 27\r\n\r\n", iov_len=39}, {iov_base="Hello from Tom HTTP Server\n", iov_len=27}], 2) = 66
98613 12:59:29.987725 <... epoll_wait resumed>[{EPOLLIN, {u32=3, u64=3}}], 1000, -1) = 1
98613 12:59:29.987963 sendto(5, "1\0", 2, 0, NULL, 0) = 2
98613 12:59:29.988956 epoll_wait(4,  <unfinished ...>
98615 12:59:29.989347 epoll_wait(5,  <unfinished ...>
98613 12:59:29.989443 <... epoll_wait resumed>[{EPOLLIN, {u32=3, u64=3}}], 1000, -1) = 1
98615 12:59:29.989643 <... epoll_wait resumed>[{EPOLLIN, {u32=4, u64=4}}], 1000, -1) = 1
98613 12:59:29.990188 sendto(6, "1\0", 2, 0, NULL, 0 <unfinished ...>
98616 12:59:29.992098 epoll_wait(6,  <unfinished ...>
98615 12:59:29.992218 recvfrom(4,  <unfinished ...>
98613 12:59:29.992316 <... sendto resumed>) = 2
98616 12:59:29.992437 <... epoll_wait resumed>[{EPOLLIN, {u32=4, u64=4}}], 1000, -1) = 1
98615 12:59:29.992540 <... recvfrom resumed>"1\0", 10, 0, NULL, NULL) = 2
98616 12:59:29.992904 recvfrom(4,  <unfinished ...>
98615 12:59:29.993128 accept(3,  <unfinished ...>
98616 12:59:29.993256 <... recvfrom resumed>"1\0", 10, 0, NULL, NULL) = 2
98615 12:59:29.994610 <... accept resumed>{sa_family=AF_INET, sin_port=htons(49292), sin_addr=inet_addr("192.168.56.2")}, [16]) = 8
98613 12:59:29.994766 epoll_wait(4,  <unfinished ...>
98616 12:59:29.994925 accept(3, {sa_family=AF_INET, sin_port=htons(49294), sin_addr=inet_addr("192.168.56.2")}, [16]) = 9
98615 12:59:29.996455 accept(3, 0x7fff3b7dc520, [16]) = -1 EAGAIN (Resource temporarily unavailable)
98616 12:59:29.996846 accept(3, 0x7fff3b7dc520, [16]) = -1 EAGAIN (Resource temporarily unavailable)
98615 12:59:29.997089 epoll_wait(5, [{EPOLLIN, {u32=8, u64=139633681760264}}], 1000, -1) = 1
98616 12:59:29.997416 epoll_wait(6, [{EPOLLIN, {u32=9, u64=139633681760265}}], 1000, -1) = 1
98615 12:59:29.999251 recvfrom(8, "GET / HTTP/1.0\r\nUser-Agent: WebBench 1.5\r\nHost: 192.168.56.2\r\n\r\n", 2048, 0, NULL, NULL) = 64
98616 12:59:29.999546 recvfrom(9, "GET / HTTP/1.0\r\nUser-Agent: WebBench 1.5\r\nHost: 192.168.56.2\r\n\r\n", 2048, 0, NULL, NULL) = 64
98615 12:59:30.001714 writev(8, [{iov_base="HTTP/1.1 200 OK\r\nContent-Length: 27\r\n\r\n", iov_len=39}, {iov_base="Hello from Tom HTTP Server\n", iov_len=27}], 2) = 66
98616 12:59:30.002017 writev(9, [{iov_base="HTTP/1.1 200 OK\r\nContent-Length: 27\r\n\r\n", iov_len=39}, {iov_base="Hello from Tom HTTP Server\n", iov_len=27}], 2) = 66
98613 12:59:30.003579 <... epoll_wait resumed>[{EPOLLIN, {u32=3, u64=3}}], 1000, -1) = 1
98613 12:59:30.003763 sendto(5, "1\0", 2, 0, NULL, 0) = 2
98613 12:59:30.004425 epoll_wait(4,  <unfinished ...>
98615 12:59:30.004588 epoll_wait(5,  <unfinished ...>
98613 12:59:30.004781 <... epoll_wait resumed>[{EPOLLIN, {u32=3, u64=3}}], 1000, -1) = 1
98615 12:59:30.005537 <... epoll_wait resumed>[{EPOLLIN, {u32=4, u64=4}}], 1000, -1) = 1
98613 12:59:30.005871 sendto(6, "1\0", 2, 0, NULL, 0 <unfinished ...>
98616 12:59:30.006149 epoll_wait(6,  <unfinished ...>
98615 12:59:30.006323 recvfrom(4,  <unfinished ...>
98613 12:59:30.006821 <... sendto resumed>) = 2
98616 12:59:30.006946 <... epoll_wait resumed>[{EPOLLIN, {u32=4, u64=4}}], 1000, -1) = 1
98615 12:59:30.007127 <... recvfrom resumed>"1\0", 10, 0, NULL, NULL) = 2
98616 12:59:30.007754 recvfrom(4,  <unfinished ...>
98615 12:59:30.009244 accept(3,  <unfinished ...>
98616 12:59:30.009666 <... recvfrom resumed>"1\0", 10, 0, NULL, NULL) = 2
98615 12:59:30.009831 <... accept resumed>{sa_family=AF_INET, sin_port=htons(49296), sin_addr=inet_addr("192.168.56.2")}, [16]) = 8
98613 12:59:30.010078 epoll_wait(4,  <unfinished ...>
98616 12:59:30.010299 accept(3, {sa_family=AF_INET, sin_port=htons(49298), sin_addr=inet_addr("192.168.56.2")}, [16]) = 9
98615 12:59:30.014238 accept(3, 0x7fff3b7dc520, [16]) = -1 EAGAIN (Resource temporarily unavailable)
98616 12:59:30.021608 accept(3, 0x7fff3b7dc520, [16]) = -1 EAGAIN (Resource temporarily unavailable)
98615 12:59:30.022026 epoll_wait(5, [{EPOLLIN, {u32=8, u64=139633681760264}}], 1000, -1) = 1
98616 12:59:30.022267 epoll_wait(6, [{EPOLLIN, {u32=9, u64=139633681760265}}], 1000, -1) = 1
98615 12:59:30.022463 recvfrom(8, "GET / HTTP/1.0\r\nUser-Agent: WebBench 1.5\r\nHost: 192.168.56.2\r\n\r\n", 2048, 0, NULL, NULL) = 64
98616 12:59:30.022769 recvfrom(9, "GET / HTTP/1.0\r\nUser-Agent: WebBench 1.5\r\nHost: 192.168.56.2\r\n\r\n", 2048, 0, NULL, NULL) = 64
98615 12:59:30.025158 writev(8, [{iov_base="HTTP/1.1 200 OK\r\nContent-Length: 27\r\n\r\n", iov_len=39}, {iov_base="Hello from Tom HTTP Server\n", iov_len=27}], 2) = 66
98616 12:59:30.026863 writev(9, [{iov_base="HTTP/1.1 200 OK\r\nContent-Length: 27\r\n\r\n", iov_len=39}, {iov_base="Hello from Tom HTTP Server\n", iov_len=27}], 2) = 66
98613 12:59:30.027302 <... epoll_wait resumed>[{EPOLLIN, {u32=3, u64=3}}], 1000, -1) = 1
98613 12:59:30.027483 sendto(5, "1\0", 2, 0, NULL, 0) = 2
98613 12:59:30.028416 epoll_wait(4,  <unfinished ...>
98615 12:59:30.028801 epoll_wait(5,  <unfinished ...>
98613 12:59:30.028891 <... epoll_wait resumed>[{EPOLLIN, {u32=3, u64=3}}], 1000, -1) = 1
98615 12:59:30.028983 <... epoll_wait resumed>[{EPOLLIN, {u32=4, u64=4}}], 1000, -1) = 1
98613 12:59:30.029122 sendto(6, "1\0", 2, 0, NULL, 0 <unfinished ...>
98616 12:59:30.029546 epoll_wait(6,  <unfinished ...>
98615 12:59:30.029616 recvfrom(4,  <unfinished ...>
98613 12:59:30.029686 <... sendto resumed>) = 2
98616 12:59:30.029750 <... epoll_wait resumed>[{EPOLLIN, {u32=4, u64=4}}], 1000, -1) = 1
98615 12:59:30.029834 <... recvfrom resumed>"1\0", 10, 0, NULL, NULL) = 2
98616 12:59:30.030017 recvfrom(4,  <unfinished ...>
98615 12:59:30.030087 accept(3,  <unfinished ...>
98616 12:59:30.030176 <... recvfrom resumed>"1\0", 10, 0, NULL, NULL) = 2
98615 12:59:30.030275 <... accept resumed>{sa_family=AF_INET, sin_port=htons(49300), sin_addr=inet_addr("192.168.56.2")}, [16]) = 8
98613 12:59:30.030648 epoll_wait(4,  <unfinished ...>
98616 12:59:30.030966 accept(3, {sa_family=AF_INET, sin_port=htons(49302), sin_addr=inet_addr("192.168.56.2")}, [16]) = 9
98615 12:59:30.033964 accept(3, 0x7fff3b7dc520, [16]) = -1 EAGAIN (Resource temporarily unavailable)
98616 12:59:30.034392 accept(3, 0x7fff3b7dc520, [16]) = -1 EAGAIN (Resource temporarily unavailable)
98615 12:59:30.034697 epoll_wait(5, [{EPOLLIN, {u32=8, u64=139633681760264}}], 1000, -1) = 1
98616 12:59:30.034939 epoll_wait(6, [{EPOLLIN, {u32=9, u64=139633681760265}}], 1000, -1) = 1
98615 12:59:30.037060 recvfrom(8, "GET / HTTP/1.0\r\nUser-Agent: WebBench 1.5\r\nHost: 192.168.56.2\r\n\r\n", 2048, 0, NULL, NULL) = 64
98616 12:59:30.037893 recvfrom(9, "GET / HTTP/1.0\r\nUser-Agent: WebBench 1.5\r\nHost: 192.168.56.2\r\n\r\n", 2048, 0, NULL, NULL) = 64
98615 12:59:30.039770 writev(8, [{iov_base="HTTP/1.1 200 OK\r\nContent-Length: 27\r\n\r\n", iov_len=39}, {iov_base="Hello from Tom HTTP Server\n", iov_len=27}], 2) = 66
98616 12:59:30.040324 writev(9, [{iov_base="HTTP/1.1 200 OK\r\nContent-Length: 27\r\n\r\n", iov_len=39}, {iov_base="Hello from Tom HTTP Server\n", iov_len=27}], 2) = 66
98613 12:59:30.040957 <... epoll_wait resumed>[{EPOLLIN, {u32=3, u64=3}}], 1000, -1) = 1
98613 12:59:30.041208 sendto(5, "1\0", 2, 0, NULL, 0) = 2
98613 12:59:30.044206 epoll_wait(4,  <unfinished ...>
98615 12:59:30.044759 epoll_wait(5,  <unfinished ...>
98613 12:59:30.044857 <... epoll_wait resumed>[{EPOLLIN, {u32=3, u64=3}}], 1000, -1) = 1
98615 12:59:30.044960 <... epoll_wait resumed>[{EPOLLIN, {u32=4, u64=4}}], 1000, -1) = 1
98613 12:59:30.045190 sendto(6, "1\0", 2, 0, NULL, 0 <unfinished ...>
98616 12:59:30.045307 epoll_wait(6,  <unfinished ...>
98615 12:59:30.045385 recvfrom(4,  <unfinished ...>
98613 12:59:30.045473 <... sendto resumed>) = 2
98616 12:59:30.045554 <... epoll_wait resumed>[{EPOLLIN, {u32=4, u64=4}}], 1000, -1) = 1
98615 12:59:30.045644 <... recvfrom resumed>"1\0", 10, 0, NULL, NULL) = 2
98616 12:59:30.046389 recvfrom(4,  <unfinished ...>
98615 12:59:30.046845 accept(3,  <unfinished ...>
98616 12:59:30.048108 <... recvfrom resumed>"1\0", 10, 0, NULL, NULL) = 2
98615 12:59:30.048268 <... accept resumed>{sa_family=AF_INET, sin_port=htons(49304), sin_addr=inet_addr("192.168.56.2")}, [16]) = 8
98613 12:59:30.048356 epoll_wait(4,  <unfinished ...>
98616 12:59:30.048471 accept(3, {sa_family=AF_INET, sin_port=htons(49306), sin_addr=inet_addr("192.168.56.2")}, [16]) = 9
98615 12:59:30.049021 accept(3, 0x7fff3b7dc520, [16]) = -1 EAGAIN (Resource temporarily unavailable)
98616 12:59:30.049233 accept(3, 0x7fff3b7dc520, [16]) = -1 EAGAIN (Resource temporarily unavailable)
98615 12:59:30.049400 epoll_wait(5, [{EPOLLIN, {u32=8, u64=139633681760264}}], 1000, -1) = 1
98616 12:59:30.049576 epoll_wait(6, [{EPOLLIN, {u32=9, u64=139633681760265}}], 1000, -1) = 1
98615 12:59:30.049735 recvfrom(8, "GET / HTTP/1.0\r\nUser-Agent: WebBench 1.5\r\nHost: 192.168.56.2\r\n\r\n", 2048, 0, NULL, NULL) = 64
98616 12:59:30.049932 recvfrom(9, "GET / HTTP/1.0\r\nUser-Agent: WebBench 1.5\r\nHost: 192.168.56.2\r\n\r\n", 2048, 0, NULL, NULL) = 64
98615 12:59:30.051831 writev(8, [{iov_base="HTTP/1.1 200 OK\r\nContent-Length: 27\r\n\r\n", iov_len=39}, {iov_base="Hello from Tom HTTP Server\n", iov_len=27}], 2) = 66
98616 12:59:30.052549 writev(9, [{iov_base="HTTP/1.1 200 OK\r\nContent-Length: 27\r\n\r\n", iov_len=39}, {iov_base="Hello from Tom HTTP Server\n", iov_len=27}], 2) = 66
98613 12:59:30.053676 <... epoll_wait resumed>[{EPOLLIN, {u32=3, u64=3}}], 1000, -1) = 1
98613 12:59:30.055373 sendto(5, "1\0", 2, 0, NULL, 0) = 2
98613 12:59:30.056300 epoll_wait(4,  <unfinished ...>
98615 12:59:30.056387 epoll_wait(5,  <unfinished ...>
98613 12:59:30.056464 <... epoll_wait resumed>[{EPOLLIN, {u32=3, u64=3}}], 1000, -1) = 1
98615 12:59:30.056544 <... epoll_wait resumed>[{EPOLLIN, {u32=4, u64=4}}], 1000, -1) = 1
98613 12:59:30.056960 sendto(6, "1\0", 2, 0, NULL, 0 <unfinished ...>
98616 12:59:30.057143 epoll_wait(6,  <unfinished ...>
98615 12:59:30.057236 recvfrom(4,  <unfinished ...>
98613 12:59:30.057330 <... sendto resumed>) = 2
98616 12:59:30.057420 <... epoll_wait resumed>[{EPOLLIN, {u32=4, u64=4}}], 1000, -1) = 1
98615 12:59:30.057519 <... recvfrom resumed>"1\0", 10, 0, NULL, NULL) = 2
98616 12:59:30.058033 recvfrom(4,  <unfinished ...>
98615 12:59:30.058130 accept(3,  <unfinished ...>
98616 12:59:30.059389 <... recvfrom resumed>"1\0", 10, 0, NULL, NULL) = 2
98615 12:59:30.059537 <... accept resumed>{sa_family=AF_INET, sin_port=htons(49308), sin_addr=inet_addr("192.168.56.2")}, [16]) = 8
98613 12:59:30.059651 epoll_wait(4,  <unfinished ...>
98616 12:59:30.059848 accept(3, {sa_family=AF_INET, sin_port=htons(49310), sin_addr=inet_addr("192.168.56.2")}, [16]) = 9
98615 12:59:30.063278 accept(3, 0x7fff3b7dc520, [16]) = -1 EAGAIN (Resource temporarily unavailable)
98616 12:59:30.064312 accept(3, 0x7fff3b7dc520, [16]) = -1 EAGAIN (Resource temporarily unavailable)
98615 12:59:30.064525 epoll_wait(5, [{EPOLLIN, {u32=8, u64=139633681760264}}], 1000, -1) = 1
98616 12:59:30.065198 epoll_wait(6, [{EPOLLIN, {u32=9, u64=139633681760265}}], 1000, -1) = 1
98615 12:59:30.065556 recvfrom(8, "GET / HTTP/1.0\r\nUser-Agent: WebBench 1.5\r\nHost: 192.168.56.2\r\n\r\n", 2048, 0, NULL, NULL) = 64
98616 12:59:30.066060 recvfrom(9, "GET / HTTP/1.0\r\nUser-Agent: WebBench 1.5\r\nHost: 192.168.56.2\r\n\r\n", 2048, 0, NULL, NULL) = 64
98615 12:59:30.070078 writev(8, [{iov_base="HTTP/1.1 200 OK\r\nContent-Length: 27\r\n\r\n", iov_len=39}, {iov_base="Hello from Tom HTTP Server\n", iov_len=27}], 2) = 66
98616 12:59:30.071911 writev(9, [{iov_base="HTTP/1.1 200 OK\r\nContent-Length: 27\r\n\r\n", iov_len=39}, {iov_base="Hello from Tom HTTP Server\n", iov_len=27}], 2) = 66
98613 12:59:30.072324 <... epoll_wait resumed>[{EPOLLIN, {u32=3, u64=3}}], 1000, -1) = 1
98613 12:59:30.072599 sendto(5, "1\0", 2, 0, NULL, 0) = 2
98613 12:59:30.074085 epoll_wait(4,  <unfinished ...>
98615 12:59:30.074490 epoll_wait(5,  <unfinished ...>
98613 12:59:30.074577 <... epoll_wait resumed>[{EPOLLIN, {u32=3, u64=3}}], 1000, -1) = 1
98615 12:59:30.074664 <... epoll_wait resumed>[{EPOLLIN, {u32=4, u64=4}}], 1000, -1) = 1
98613 12:59:30.074798 sendto(6, "1\0", 2, 0, NULL, 0 <unfinished ...>
98616 12:59:30.074983 epoll_wait(6,  <unfinished ...>
98615 12:59:30.075053 recvfrom(4,  <unfinished ...>
98613 12:59:30.075121 <... sendto resumed>) = 2
98616 12:59:30.075183 <... epoll_wait resumed>[{EPOLLIN, {u32=4, u64=4}}], 1000, -1) = 1
98615 12:59:30.075253 <... recvfrom resumed>"1\0", 10, 0, NULL, NULL) = 2
98616 12:59:30.075643 recvfrom(4,  <unfinished ...>
98615 12:59:30.075850 accept(3,  <unfinished ...>
98616 12:59:30.075950 <... recvfrom resumed>"1\0", 10, 0, NULL, NULL) = 2
98615 12:59:30.076032 <... accept resumed>{sa_family=AF_INET, sin_port=htons(49312), sin_addr=inet_addr("192.168.56.2")}, [16]) = 8
98613 12:59:30.076185 epoll_wait(4,  <unfinished ...>
98616 12:59:30.076506 accept(3, {sa_family=AF_INET, sin_port=htons(49314), sin_addr=inet_addr("192.168.56.2")}, [16]) = 9
98615 12:59:30.078033 accept(3, 0x7fff3b7dc520, [16]) = -1 EAGAIN (Resource temporarily unavailable)
98616 12:59:30.078369 accept(3, 0x7fff3b7dc520, [16]) = -1 EAGAIN (Resource temporarily unavailable)
98615 12:59:30.078804 epoll_wait(5, [{EPOLLIN, {u32=8, u64=139633681760264}}], 1000, -1) = 1
98616 12:59:30.079154 epoll_wait(6, [{EPOLLIN, {u32=9, u64=139633681760265}}], 1000, -1) = 1
98615 12:59:30.079573 recvfrom(8, "GET / HTTP/1.0\r\nUser-Agent: WebBench 1.5\r\nHost: 192.168.56.2\r\n\r\n", 2048, 0, NULL, NULL) = 64
98616 12:59:30.080742 recvfrom(9, "GET / HTTP/1.0\r\nUser-Agent: WebBench 1.5\r\nHost: 192.168.56.2\r\n\r\n", 2048, 0, NULL, NULL) = 64
98615 12:59:30.084032 writev(8, [{iov_base="HTTP/1.1 200 OK\r\nContent-Length: 27\r\n\r\n", iov_len=39}, {iov_base="Hello from Tom HTTP Server\n", iov_len=27}], 2) = 66
98616 12:59:30.085037 writev(9, [{iov_base="HTTP/1.1 200 OK\r\nContent-Length: 27\r\n\r\n", iov_len=39}, {iov_base="Hello from Tom HTTP Server\n", iov_len=27}], 2) = 66
98613 12:59:30.085568 <... epoll_wait resumed>[{EPOLLIN, {u32=3, u64=3}}], 1000, -1) = 1
98613 12:59:30.085859 sendto(5, "1\0", 2, 0, NULL, 0) = 2
98613 12:59:30.088352 epoll_wait(4,  <unfinished ...>
98615 12:59:30.088601 epoll_wait(5,  <unfinished ...>
98613 12:59:30.088702 <... epoll_wait resumed>[{EPOLLIN, {u32=3, u64=3}}], 1000, -1) = 1
98615 12:59:30.088812 <... epoll_wait resumed>[{EPOLLIN, {u32=4, u64=4}}], 1000, -1) = 1
98613 12:59:30.089220 sendto(6, "1\0", 2, 0, NULL, 0 <unfinished ...>
98616 12:59:30.089349 epoll_wait(6,  <unfinished ...>
98615 12:59:30.089435 recvfrom(4,  <unfinished ...>
98613 12:59:30.089528 <... sendto resumed>) = 2
98616 12:59:30.090138 <... epoll_wait resumed>[{EPOLLIN, {u32=4, u64=4}}], 1000, -1) = 1
98615 12:59:30.090292 <... recvfrom resumed>"1\0", 10, 0, NULL, NULL) = 2
98616 12:59:30.090560 recvfrom(4,  <unfinished ...>
98615 12:59:30.090660 accept(3,  <unfinished ...>
98616 12:59:30.090777 <... recvfrom resumed>"1\0", 10, 0, NULL, NULL) = 2
98615 12:59:30.090905 <... accept resumed>{sa_family=AF_INET, sin_port=htons(49316), sin_addr=inet_addr("192.168.56.2")}, [16]) = 8
98613 12:59:30.091089 epoll_wait(4,  <unfinished ...>
98616 12:59:30.091286 accept(3, {sa_family=AF_INET, sin_port=htons(49318), sin_addr=inet_addr("192.168.56.2")}, [16]) = 9
98615 12:59:30.093885 accept(3, 0x7fff3b7dc520, [16]) = -1 EAGAIN (Resource temporarily unavailable)
98616 12:59:30.095379 accept(3, 0x7fff3b7dc520, [16]) = -1 EAGAIN (Resource temporarily unavailable)
98615 12:59:30.095619 epoll_wait(5, [{EPOLLIN, {u32=8, u64=139633681760264}}], 1000, -1) = 1
98616 12:59:30.095834 epoll_wait(6, [{EPOLLIN, {u32=9, u64=139633681760265}}], 1000, -1) = 1
98615 12:59:30.096318 recvfrom(8, "GET / HTTP/1.0\r\nUser-Agent: WebBench 1.5\r\nHost: 192.168.56.2\r\n\r\n", 2048, 0, NULL, NULL) = 64
98616 12:59:30.097638 recvfrom(9, "GET / HTTP/1.0\r\nUser-Agent: WebBench 1.5\r\nHost: 192.168.56.2\r\n\r\n", 2048, 0, NULL, NULL) = 64
98615 12:59:30.100884 writev(8, [{iov_base="HTTP/1.1 200 OK\r\nContent-Length: 27\r\n\r\n", iov_len=39}, {iov_base="Hello from Tom HTTP Server\n", iov_len=27}], 2) = 66
98616 12:59:30.101542 writev(9, [{iov_base="HTTP/1.1 200 OK\r\nContent-Length: 27\r\n\r\n", iov_len=39}, {iov_base="Hello from Tom HTTP Server\n", iov_len=27}], 2) = 66
98613 12:59:30.102073 <... epoll_wait resumed>[{EPOLLIN, {u32=3, u64=3}}], 1000, -1) = 1
98613 12:59:30.102873 sendto(5, "1\0", 2, 0, NULL, 0) = 2
98613 12:59:30.103636 epoll_wait(4,  <unfinished ...>
98615 12:59:30.103966 epoll_wait(5,  <unfinished ...>
98613 12:59:30.104052 <... epoll_wait resumed>[{EPOLLIN, {u32=3, u64=3}}], 1000, -1) = 1
98615 12:59:30.104239 <... epoll_wait resumed>[{EPOLLIN, {u32=4, u64=4}}], 1000, -1) = 1
98613 12:59:30.105320 sendto(6, "1\0", 2, 0, NULL, 0 <unfinished ...>
98616 12:59:30.105596 epoll_wait(6,  <unfinished ...>
98615 12:59:30.107128 recvfrom(4,  <unfinished ...>
98613 12:59:30.107262 <... sendto resumed>) = 2
98616 12:59:30.107337 <... epoll_wait resumed>[{EPOLLIN, {u32=4, u64=4}}], 1000, -1) = 1
98615 12:59:30.107414 <... recvfrom resumed>"1\0", 10, 0, NULL, NULL) = 2
98616 12:59:30.107925 recvfrom(4,  <unfinished ...>
98615 12:59:30.108036 accept(3,  <unfinished ...>
98616 12:59:30.108135 <... recvfrom resumed>"1\0", 10, 0, NULL, NULL) = 2
98615 12:59:30.108218 <... accept resumed>{sa_family=AF_INET, sin_port=htons(49320), sin_addr=inet_addr("192.168.56.2")}, [16]) = 8
98613 12:59:30.108297 epoll_wait(4,  <unfinished ...>
98616 12:59:30.108402 accept(3, {sa_family=AF_INET, sin_port=htons(49322), sin_addr=inet_addr("192.168.56.2")}, [16]) = 9
98615 12:59:30.109111 accept(3, 0x7fff3b7dc520, [16]) = -1 EAGAIN (Resource temporarily unavailable)
98616 12:59:30.109571 accept(3, 0x7fff3b7dc520, [16]) = -1 EAGAIN (Resource temporarily unavailable)
98615 12:59:30.109895 epoll_wait(5, [{EPOLLIN, {u32=8, u64=139633681760264}}], 1000, -1) = 1
98616 12:59:30.110397 epoll_wait(6, [{EPOLLIN, {u32=9, u64=139633681760265}}], 1000, -1) = 1
98615 12:59:30.111862 recvfrom(8, "GET / HTTP/1.0\r\nUser-Agent: WebBench 1.5\r\nHost: 192.168.56.2\r\n\r\n", 2048, 0, NULL, NULL) = 64
98616 12:59:30.112243 recvfrom(9, "GET / HTTP/1.0\r\nUser-Agent: WebBench 1.5\r\nHost: 192.168.56.2\r\n\r\n", 2048, 0, NULL, NULL) = 64
98615 12:59:30.113764 writev(8, [{iov_base="HTTP/1.1 200 OK\r\nContent-Length: 27\r\n\r\n", iov_len=39}, {iov_base="Hello from Tom HTTP Server\n", iov_len=27}], 2) = 66
98616 12:59:30.114967 writev(9, [{iov_base="HTTP/1.1 200 OK\r\nContent-Length: 27\r\n\r\n", iov_len=39}, {iov_base="Hello from Tom HTTP Server\n", iov_len=27}], 2) = 66
98613 12:59:30.115534 <... epoll_wait resumed>[{EPOLLIN, {u32=3, u64=3}}], 1000, -1) = 1
98613 12:59:30.116797 sendto(5, "1\0", 2, 0, NULL, 0) = 2
98613 12:59:30.117879 epoll_wait(4,  <unfinished ...>
98615 12:59:30.118024 epoll_wait(5,  <unfinished ...>
98613 12:59:30.118094 <... epoll_wait resumed>[{EPOLLIN, {u32=3, u64=3}}], 1000, -1) = 1
98615 12:59:30.118178 <... epoll_wait resumed>[{EPOLLIN, {u32=4, u64=4}}], 1000, -1) = 1
98613 12:59:30.118635 sendto(6, "1\0", 2, 0, NULL, 0 <unfinished ...>
98616 12:59:30.118850 epoll_wait(6,  <unfinished ...>
98615 12:59:30.118959 recvfrom(4,  <unfinished ...>
98613 12:59:30.119416 <... sendto resumed>) = 2
98616 12:59:30.119493 <... epoll_wait resumed>[{EPOLLIN, {u32=4, u64=4}}], 1000, -1) = 1
98615 12:59:30.119570 <... recvfrom resumed>"1\0", 10, 0, NULL, NULL) = 2
98616 12:59:30.120151 recvfrom(4,  <unfinished ...>
98615 12:59:30.120316 accept(3,  <unfinished ...>
98616 12:59:30.120440 <... recvfrom resumed>"1\0", 10, 0, NULL, NULL) = 2
98615 12:59:30.120535 <... accept resumed>{sa_family=AF_INET, sin_port=htons(49324), sin_addr=inet_addr("192.168.56.2")}, [16]) = 8
98613 12:59:30.120617 epoll_wait(4,  <unfinished ...>
98616 12:59:30.120798 accept(3, {sa_family=AF_INET, sin_port=htons(49326), sin_addr=inet_addr("192.168.56.2")}, [16]) = 9
98615 12:59:30.122945 accept(3, 0x7fff3b7dc520, [16]) = -1 EAGAIN (Resource temporarily unavailable)
98616 12:59:30.123369 accept(3, 0x7fff3b7dc520, [16]) = -1 EAGAIN (Resource temporarily unavailable)
98615 12:59:30.123575 epoll_wait(5, [{EPOLLIN, {u32=8, u64=139633681760264}}], 1000, -1) = 1
98616 12:59:30.123849 epoll_wait(6, [{EPOLLIN, {u32=9, u64=139633681760265}}], 1000, -1) = 1
98615 12:59:30.124763 recvfrom(8, "GET / HTTP/1.0\r\nUser-Agent: WebBench 1.5\r\nHost: 192.168.56.2\r\n\r\n", 2048, 0, NULL, NULL) = 64
98616 12:59:30.125013 recvfrom(9, "GET / HTTP/1.0\r\nUser-Agent: WebBench 1.5\r\nHost: 192.168.56.2\r\n\r\n", 2048, 0, NULL, NULL) = 64
98615 12:59:30.127544 writev(8, [{iov_base="HTTP/1.1 200 OK\r\nContent-Length: 27\r\n\r\n", iov_len=39}, {iov_base="Hello from Tom HTTP Server\n", iov_len=27}], 2) = 66
98616 12:59:30.128865 writev(9, [{iov_base="HTTP/1.1 200 OK\r\nContent-Length: 27\r\n\r\n", iov_len=39}, {iov_base="Hello from Tom HTTP Server\n", iov_len=27}], 2) = 66
98613 12:59:30.129529 <... epoll_wait resumed>[{EPOLLIN, {u32=3, u64=3}}], 1000, -1) = 1
98613 12:59:30.129693 sendto(5, "1\0", 2, 0, NULL, 0) = 2
98613 12:59:30.130421 epoll_wait(4,  <unfinished ...>
98615 12:59:30.130511 epoll_wait(5,  <unfinished ...>
98613 12:59:30.130578 <... epoll_wait resumed>[{EPOLLIN, {u32=3, u64=3}}], 1000, -1) = 1
98615 12:59:30.131051 <... epoll_wait resumed>[{EPOLLIN, {u32=4, u64=4}}], 1000, -1) = 1
98613 12:59:30.131472 sendto(6, "1\0", 2, 0, NULL, 0 <unfinished ...>
98616 12:59:30.131567 epoll_wait(6,  <unfinished ...>
98615 12:59:30.131628 recvfrom(4,  <unfinished ...>
98613 12:59:30.131693 <... sendto resumed>) = 2
98616 12:59:30.131756 <... epoll_wait resumed>[{EPOLLIN, {u32=4, u64=4}}], 1000, -1) = 1
98615 12:59:30.131823 <... recvfrom resumed>"1\0", 10, 0, NULL, NULL) = 2
98616 12:59:30.132007 recvfrom(4,  <unfinished ...>
98615 12:59:30.132161 accept(3,  <unfinished ...>
98616 12:59:30.132248 <... recvfrom resumed>"1\0", 10, 0, NULL, NULL) = 2
98615 12:59:30.132513 <... accept resumed>{sa_family=AF_INET, sin_port=htons(49328), sin_addr=inet_addr("192.168.56.2")}, [16]) = 8
98613 12:59:30.132599 epoll_wait(4,  <unfinished ...>
98616 12:59:30.132892 accept(3, {sa_family=AF_INET, sin_port=htons(49330), sin_addr=inet_addr("192.168.56.2")}, [16]) = 9
98615 12:59:30.134150 accept(3, 0x7fff3b7dc520, [16]) = -1 EAGAIN (Resource temporarily unavailable)
98616 12:59:30.134448 accept(3, 0x7fff3b7dc520, [16]) = -1 EAGAIN (Resource temporarily unavailable)
98615 12:59:30.134700 epoll_wait(5, [{EPOLLIN, {u32=8, u64=139633681760264}}], 1000, -1) = 1
98616 12:59:30.135389 epoll_wait(6, [{EPOLLIN, {u32=9, u64=139633681760265}}], 1000, -1) = 1
98615 12:59:30.135779 recvfrom(8, "GET / HTTP/1.0\r\nUser-Agent: WebBench 1.5\r\nHost: 192.168.56.2\r\n\r\n", 2048, 0, NULL, NULL) = 64
98616 12:59:30.137006 recvfrom(9, "GET / HTTP/1.0\r\nUser-Agent: WebBench 1.5\r\nHost: 192.168.56.2\r\n\r\n", 2048, 0, NULL, NULL) = 64
98615 12:59:30.139915 writev(8, [{iov_base="HTTP/1.1 200 OK\r\nContent-Length: 27\r\n\r\n", iov_len=39}, {iov_base="Hello from Tom HTTP Server\n", iov_len=27}], 2) = 66
98616 12:59:30.140216 writev(9, [{iov_base="HTTP/1.1 200 OK\r\nContent-Length: 27\r\n\r\n", iov_len=39}, {iov_base="Hello from Tom HTTP Server\n", iov_len=27}], 2) = 66
98613 12:59:30.140508 <... epoll_wait resumed>[{EPOLLIN, {u32=3, u64=3}}], 1000, -1) = 1
98613 12:59:30.140964 sendto(5, "1\0", 2, 0, NULL, 0) = 2
98613 12:59:30.142465 epoll_wait(4,  <unfinished ...>
98615 12:59:30.142548 epoll_wait(5,  <unfinished ...>
98613 12:59:30.142657 <... epoll_wait resumed>[{EPOLLIN, {u32=3, u64=3}}], 1000, -1) = 1
98615 12:59:30.142762 <... epoll_wait resumed>[{EPOLLIN, {u32=4, u64=4}}], 1000, -1) = 1
98613 12:59:30.142899 sendto(6, "1\0", 2, 0, NULL, 0 <unfinished ...>
98616 12:59:30.142984 epoll_wait(6,  <unfinished ...>
98615 12:59:30.143199 recvfrom(4,  <unfinished ...>
98613 12:59:30.143275 <... sendto resumed>) = 2
98616 12:59:30.143338 <... epoll_wait resumed>[{EPOLLIN, {u32=4, u64=4}}], 1000, -1) = 1
98615 12:59:30.143407 <... recvfrom resumed>"1\0", 10, 0, NULL, NULL) = 2
98616 12:59:30.144382 recvfrom(4,  <unfinished ...>
98615 12:59:30.144632 accept(3,  <unfinished ...>
98616 12:59:30.145893 <... recvfrom resumed>"1\0", 10, 0, NULL, NULL) = 2
98615 12:59:30.145988 <... accept resumed>{sa_family=AF_INET, sin_port=htons(49332), sin_addr=inet_addr("192.168.56.2")}, [16]) = 8
98613 12:59:30.146066 epoll_wait(4,  <unfinished ...>
98616 12:59:30.146345 accept(3, {sa_family=AF_INET, sin_port=htons(49334), sin_addr=inet_addr("192.168.56.2")}, [16]) = 9
98615 12:59:30.147147 accept(3, 0x7fff3b7dc520, [16]) = -1 EAGAIN (Resource temporarily unavailable)
98616 12:59:30.148012 accept(3, 0x7fff3b7dc520, [16]) = -1 EAGAIN (Resource temporarily unavailable)
98615 12:59:30.148214 epoll_wait(5, [{EPOLLIN, {u32=8, u64=139633681760264}}], 1000, -1) = 1
98616 12:59:30.148623 epoll_wait(6, [{EPOLLIN, {u32=9, u64=139633681760265}}], 1000, -1) = 1
98615 12:59:30.149006 recvfrom(8, "GET / HTTP/1.0\r\nUser-Agent: WebBench 1.5\r\nHost: 192.168.56.2\r\n\r\n", 2048, 0, NULL, NULL) = 64
98616 12:59:30.149215 recvfrom(9, "GET / HTTP/1.0\r\nUser-Agent: WebBench 1.5\r\nHost: 192.168.56.2\r\n\r\n", 2048, 0, NULL, NULL) = 64
98615 12:59:30.152493 writev(8, [{iov_base="HTTP/1.1 200 OK\r\nContent-Length: 27\r\n\r\n", iov_len=39}, {iov_base="Hello from Tom HTTP Server\n", iov_len=27}], 2) = 66
98616 12:59:30.152933 writev(9, [{iov_base="HTTP/1.1 200 OK\r\nContent-Length: 27\r\n\r\n", iov_len=39}, {iov_base="Hello from Tom HTTP Server\n", iov_len=27}], 2) = 66
98613 12:59:30.153536 <... epoll_wait resumed>[{EPOLLIN, {u32=3, u64=3}}], 1000, -1) = 1
98613 12:59:30.153765 sendto(5, "1\0", 2, 0, NULL, 0) = 2
98613 12:59:30.154916 epoll_wait(4,  <unfinished ...>
98615 12:59:30.156090 epoll_wait(5,  <unfinished ...>
98613 12:59:30.156195 <... epoll_wait resumed>[{EPOLLIN, {u32=3, u64=3}}], 1000, -1) = 1
98615 12:59:30.156287 <... epoll_wait resumed>[{EPOLLIN, {u32=4, u64=4}}], 1000, -1) = 1
98613 12:59:30.156820 sendto(6, "1\0", 2, 0, NULL, 0 <unfinished ...>
98616 12:59:30.157193 epoll_wait(6,  <unfinished ...>
98615 12:59:30.157280 recvfrom(4,  <unfinished ...>
98613 12:59:30.157377 <... sendto resumed>) = 2
98616 12:59:30.157447 <... epoll_wait resumed>[{EPOLLIN, {u32=4, u64=4}}], 1000, -1) = 1
98615 12:59:30.157521 <... recvfrom resumed>"1\0", 10, 0, NULL, NULL) = 2
98616 12:59:30.157800 recvfrom(4,  <unfinished ...>
98615 12:59:30.157953 accept(3,  <unfinished ...>
98616 12:59:30.158079 <... recvfrom resumed>"1\0", 10, 0, NULL, NULL) = 2
98615 12:59:30.158750 <... accept resumed>{sa_family=AF_INET, sin_port=htons(49336), sin_addr=inet_addr("192.168.56.2")}, [16]) = 8
98613 12:59:30.158858 epoll_wait(4,  <unfinished ...>
98616 12:59:30.158986 accept(3, {sa_family=AF_INET, sin_port=htons(49338), sin_addr=inet_addr("192.168.56.2")}, [16]) = 9
98615 12:59:30.159721 accept(3, 0x7fff3b7dc520, [16]) = -1 EAGAIN (Resource temporarily unavailable)
98616 12:59:30.160221 accept(3, 0x7fff3b7dc520, [16]) = -1 EAGAIN (Resource temporarily unavailable)
98615 12:59:30.161709 epoll_wait(5, [{EPOLLIN, {u32=8, u64=139633681760264}}], 1000, -1) = 1
98616 12:59:30.161984 epoll_wait(6, [{EPOLLIN, {u32=9, u64=139633681760265}}], 1000, -1) = 1
98615 12:59:30.162375 recvfrom(8, "GET / HTTP/1.0\r\nUser-Agent: WebBench 1.5\r\nHost: 192.168.56.2\r\n\r\n", 2048, 0, NULL, NULL) = 64
98616 12:59:30.162582 recvfrom(9, "GET / HTTP/1.0\r\nUser-Agent: WebBench 1.5\r\nHost: 192.168.56.2\r\n\r\n", 2048, 0, NULL, NULL) = 64
98615 12:59:30.165695 writev(8, [{iov_base="HTTP/1.1 200 OK\r\nContent-Length: 27\r\n\r\n", iov_len=39}, {iov_base="Hello from Tom HTTP Server\n", iov_len=27}], 2) = 66
98616 12:59:30.167053 writev(9, [{iov_base="HTTP/1.1 200 OK\r\nContent-Length: 27\r\n\r\n", iov_len=39}, {iov_base="Hello from Tom HTTP Server\n", iov_len=27}], 2) = 66
98613 12:59:30.167667 <... epoll_wait resumed>[{EPOLLIN, {u32=3, u64=3}}], 1000, -1) = 1
98613 12:59:30.168054 sendto(5, "1\0", 2, 0, NULL, 0) = 2
98613 12:59:30.169408 epoll_wait(4,  <unfinished ...>
98615 12:59:30.169510 epoll_wait(5,  <unfinished ...>
98613 12:59:30.169574 <... epoll_wait resumed>[{EPOLLIN, {u32=3, u64=3}}], 1000, -1) = 1
98615 12:59:30.169656 <... epoll_wait resumed>[{EPOLLIN, {u32=4, u64=4}}], 1000, -1) = 1
98613 12:59:30.170488 sendto(6, "1\0", 2, 0, NULL, 0 <unfinished ...>
98616 12:59:30.170703 epoll_wait(6,  <unfinished ...>
98615 12:59:30.171276 recvfrom(4,  <unfinished ...>
98613 12:59:30.171477 <... sendto resumed>) = 2
98616 12:59:30.171555 <... epoll_wait resumed>[{EPOLLIN, {u32=4, u64=4}}], 1000, -1) = 1
98615 12:59:30.171962 <... recvfrom resumed>"1\0", 10, 0, NULL, NULL) = 2
98616 12:59:30.172491 recvfrom(4,  <unfinished ...>
98615 12:59:30.173110 accept(3,  <unfinished ...>
98616 12:59:30.173290 <... recvfrom resumed>"1\0", 10, 0, NULL, NULL) = 2
98615 12:59:30.173497 <... accept resumed>{sa_family=AF_INET, sin_port=htons(49340), sin_addr=inet_addr("192.168.56.2")}, [16]) = 8
98613 12:59:30.173582 epoll_wait(4,  <unfinished ...>
98616 12:59:30.173963 accept(3, {sa_family=AF_INET, sin_port=htons(49342), sin_addr=inet_addr("192.168.56.2")}, [16]) = 9
98615 12:59:30.176537 accept(3, 0x7fff3b7dc520, [16]) = -1 EAGAIN (Resource temporarily unavailable)
98616 12:59:30.177618 accept(3, 0x7fff3b7dc520, [16]) = -1 EAGAIN (Resource temporarily unavailable)
98615 12:59:30.178059 epoll_wait(5, [{EPOLLIN, {u32=8, u64=139633681760264}}], 1000, -1) = 1
98616 12:59:30.178316 epoll_wait(6, [{EPOLLIN, {u32=9, u64=139633681760265}}], 1000, -1) = 1
98615 12:59:30.178559 recvfrom(8, "GET / HTTP/1.0\r\nUser-Agent: WebBench 1.5\r\nHost: 192.168.56.2\r\n\r\n", 2048, 0, NULL, NULL) = 64
98616 12:59:30.179428 recvfrom(9, "GET / HTTP/1.0\r\nUser-Agent: WebBench 1.5\r\nHost: 192.168.56.2\r\n\r\n", 2048, 0, NULL, NULL) = 64
98615 12:59:30.182331 writev(8, [{iov_base="HTTP/1.1 200 OK\r\nContent-Length: 27\r\n\r\n", iov_len=39}, {iov_base="Hello from Tom HTTP Server\n", iov_len=27}], 2) = 66
98616 12:59:30.182829 writev(9, [{iov_base="HTTP/1.1 200 OK\r\nContent-Length: 27\r\n\r\n", iov_len=39}, {iov_base="Hello from Tom HTTP Server\n", iov_len=27}], 2) = 66
98613 12:59:30.183641 <... epoll_wait resumed>[{EPOLLIN, {u32=3, u64=3}}], 1000, -1) = 1
98613 12:59:30.184038 sendto(5, "1\0", 2, 0, NULL, 0) = 2
98613 12:59:30.188105 epoll_wait(4,  <unfinished ...>
98615 12:59:30.188398 epoll_wait(5,  <unfinished ...>
98613 12:59:30.188921 <... epoll_wait resumed>[{EPOLLIN, {u32=3, u64=3}}], 1000, -1) = 1
98615 12:59:30.189082 <... epoll_wait resumed>[{EPOLLIN, {u32=4, u64=4}}], 1000, -1) = 1
98613 12:59:30.190193 sendto(6, "1\0", 2, 0, NULL, 0 <unfinished ...>
98616 12:59:30.191009 epoll_wait(6,  <unfinished ...>
98615 12:59:30.191116 recvfrom(4,  <unfinished ...>
98613 12:59:30.191395 <... sendto resumed>) = 2
98616 12:59:30.191616 <... epoll_wait resumed>[{EPOLLIN, {u32=4, u64=4}}], 1000, -1) = 1
98615 12:59:30.191724 <... recvfrom resumed>"1\0", 10, 0, NULL, NULL) = 2
98616 12:59:30.192299 recvfrom(4,  <unfinished ...>
98615 12:59:30.192394 accept(3,  <unfinished ...>
98616 12:59:30.192536 <... recvfrom resumed>"1\0", 10, 0, NULL, NULL) = 2
98615 12:59:30.192770 <... accept resumed>{sa_family=AF_INET, sin_port=htons(49344), sin_addr=inet_addr("192.168.56.2")}, [16]) = 8
98613 12:59:30.192957 epoll_wait(4,  <unfinished ...>
98616 12:59:30.193752 accept(3, {sa_family=AF_INET, sin_port=htons(49346), sin_addr=inet_addr("192.168.56.2")}, [16]) = 9
98615 12:59:30.196616 accept(3, 0x7fff3b7dc520, [16]) = -1 EAGAIN (Resource temporarily unavailable)
98616 12:59:30.196937 accept(3, 0x7fff3b7dc520, [16]) = -1 EAGAIN (Resource temporarily unavailable)
98615 12:59:30.197274 epoll_wait(5, [{EPOLLIN, {u32=8, u64=139633681760264}}], 1000, -1) = 1
98616 12:59:30.197577 epoll_wait(6, [{EPOLLIN, {u32=9, u64=139633681760265}}], 1000, -1) = 1
98615 12:59:30.197807 recvfrom(8, "GET / HTTP/1.0\r\nUser-Agent: WebBench 1.5\r\nHost: 192.168.56.2\r\n\r\n", 2048, 0, NULL, NULL) = 64
98616 12:59:30.198073 recvfrom(9, "GET / HTTP/1.0\r\nUser-Agent: WebBench 1.5\r\nHost: 192.168.56.2\r\n\r\n", 2048, 0, NULL, NULL) = 64
98615 12:59:30.201733 writev(8, [{iov_base="HTTP/1.1 200 OK\r\nContent-Length: 27\r\n\r\n", iov_len=39}, {iov_base="Hello from Tom HTTP Server\n", iov_len=27}], 2) = 66
98616 12:59:30.202911 writev(9, [{iov_base="HTTP/1.1 200 OK\r\nContent-Length: 27\r\n\r\n", iov_len=39}, {iov_base="Hello from Tom HTTP Server\n", iov_len=27}], 2) = 66
98613 12:59:30.203846 <... epoll_wait resumed>[{EPOLLIN, {u32=3, u64=3}}], 1000, -1) = 1
98613 12:59:30.204135 sendto(5, "1\0", 2, 0, NULL, 0) = 2
98613 12:59:30.204832 epoll_wait(4,  <unfinished ...>
98615 12:59:30.204946 epoll_wait(5,  <unfinished ...>
98613 12:59:30.205330 <... epoll_wait resumed>[{EPOLLIN, {u32=3, u64=3}}], 1000, -1) = 1
98615 12:59:30.205574 <... epoll_wait resumed>[{EPOLLIN, {u32=4, u64=4}}], 1000, -1) = 1
98613 12:59:30.206151 sendto(6, "1\0", 2, 0, NULL, 0 <unfinished ...>
98616 12:59:30.206510 epoll_wait(6,  <unfinished ...>
98615 12:59:30.206890 recvfrom(4,  <unfinished ...>
98613 12:59:30.207091 <... sendto resumed>) = 2
98616 12:59:30.208036 <... epoll_wait resumed>[{EPOLLIN, {u32=4, u64=4}}], 1000, -1) = 1
98615 12:59:30.208481 <... recvfrom resumed>"1\0", 10, 0, NULL, NULL) = 2
98616 12:59:30.208753 recvfrom(4,  <unfinished ...>
98615 12:59:30.208942 accept(3,  <unfinished ...>
98616 12:59:30.209033 <... recvfrom resumed>"1\0", 10, 0, NULL, NULL) = 2
98615 12:59:30.209139 <... accept resumed>{sa_family=AF_INET, sin_port=htons(49348), sin_addr=inet_addr("192.168.56.2")}, [16]) = 8
98613 12:59:30.209219 epoll_wait(4,  <unfinished ...>
98616 12:59:30.209468 accept(3, {sa_family=AF_INET, sin_port=htons(49350), sin_addr=inet_addr("192.168.56.2")}, [16]) = 9
98615 12:59:30.210274 accept(3, 0x7fff3b7dc520, [16]) = -1 EAGAIN (Resource temporarily unavailable)
98616 12:59:30.210813 accept(3, 0x7fff3b7dc520, [16]) = -1 EAGAIN (Resource temporarily unavailable)
98615 12:59:30.211157 epoll_wait(5, [{EPOLLIN, {u32=8, u64=139633681760264}}], 1000, -1) = 1
98616 12:59:30.212279 epoll_wait(6, [{EPOLLIN, {u32=9, u64=139633681760265}}], 1000, -1) = 1
98615 12:59:30.213644 recvfrom(8, "GET / HTTP/1.0\r\nUser-Agent: WebBench 1.5\r\nHost: 192.168.56.2\r\n\r\n", 2048, 0, NULL, NULL) = 64
98616 12:59:30.214536 recvfrom(9, "GET / HTTP/1.0\r\nUser-Agent: WebBench 1.5\r\nHost: 192.168.56.2\r\n\r\n", 2048, 0, NULL, NULL) = 64
98615 12:59:30.217300 writev(8, [{iov_base="HTTP/1.1 200 OK\r\nContent-Length: 27\r\n\r\n", iov_len=39}, {iov_base="Hello from Tom HTTP Server\n", iov_len=27}], 2) = 66
98616 12:59:30.217582 writev(9, [{iov_base="HTTP/1.1 200 OK\r\nContent-Length: 27\r\n\r\n", iov_len=39}, {iov_base="Hello from Tom HTTP Server\n", iov_len=27}], 2) = 66
98613 12:59:30.217896 <... epoll_wait resumed>[{EPOLLIN, {u32=3, u64=3}}], 1000, -1) = 1
98613 12:59:30.218923 sendto(5, "1\0", 2, 0, NULL, 0) = 2
98613 12:59:30.219580 epoll_wait(4,  <unfinished ...>
98615 12:59:30.219747 epoll_wait(5,  <unfinished ...>
98613 12:59:30.220014 <... epoll_wait resumed>[{EPOLLIN, {u32=3, u64=3}}], 1000, -1) = 1
98615 12:59:30.220359 <... epoll_wait resumed>[{EPOLLIN, {u32=4, u64=4}}], 1000, -1) = 1
98613 12:59:30.220869 sendto(6, "1\0", 2, 0, NULL, 0 <unfinished ...>
98616 12:59:30.221481 epoll_wait(6,  <unfinished ...>
98615 12:59:30.221599 recvfrom(4,  <unfinished ...>
98613 12:59:30.221704 <... sendto resumed>) = 2
98616 12:59:30.222294 <... epoll_wait resumed>[{EPOLLIN, {u32=4, u64=4}}], 1000, -1) = 1
98615 12:59:30.222523 <... recvfrom resumed>"1\0", 10, 0, NULL, NULL) = 2
98616 12:59:30.223246 recvfrom(4,  <unfinished ...>
98615 12:59:30.223352 accept(3,  <unfinished ...>
98616 12:59:30.223442 <... recvfrom resumed>"1\0", 10, 0, NULL, NULL) = 2
98615 12:59:30.223527 <... accept resumed>{sa_family=AF_INET, sin_port=htons(49352), sin_addr=inet_addr("192.168.56.2")}, [16]) = 8
98613 12:59:30.223602 epoll_wait(4,  <unfinished ...>
98616 12:59:30.223911 accept(3, {sa_family=AF_INET, sin_port=htons(49354), sin_addr=inet_addr("192.168.56.2")}, [16]) = 9
98615 12:59:30.224845 accept(3, 0x7fff3b7dc520, [16]) = -1 EAGAIN (Resource temporarily unavailable)
98616 12:59:30.226347 accept(3, 0x7fff3b7dc520, [16]) = -1 EAGAIN (Resource temporarily unavailable)
98615 12:59:30.226568 epoll_wait(5, [{EPOLLIN, {u32=8, u64=139633681760264}}], 1000, -1) = 1
98616 12:59:30.227697 epoll_wait(6, [{EPOLLIN, {u32=9, u64=139633681760265}}], 1000, -1) = 1
98615 12:59:30.227898 recvfrom(8, "GET / HTTP/1.0\r\nUser-Agent: WebBench 1.5\r\nHost: 192.168.56.2\r\n\r\n", 2048, 0, NULL, NULL) = 64
98616 12:59:30.228099 recvfrom(9, "GET / HTTP/1.0\r\nUser-Agent: WebBench 1.5\r\nHost: 192.168.56.2\r\n\r\n", 2048, 0, NULL, NULL) = 64
98615 12:59:30.230451 writev(8, [{iov_base="HTTP/1.1 200 OK\r\nContent-Length: 27\r\n\r\n", iov_len=39}, {iov_base="Hello from Tom HTTP Server\n", iov_len=27}], 2) = 66
98616 12:59:30.231965 writev(9, [{iov_base="HTTP/1.1 200 OK\r\nContent-Length: 27\r\n\r\n", iov_len=39}, {iov_base="Hello from Tom HTTP Server\n", iov_len=27}], 2) = 66
98613 12:59:30.232345 <... epoll_wait resumed>[{EPOLLIN, {u32=3, u64=3}}], 1000, -1) = 1
98613 12:59:30.232847 sendto(5, "1\0", 2, 0, NULL, 0) = 2
98613 12:59:30.234327 epoll_wait(4,  <unfinished ...>
98615 12:59:30.234750 epoll_wait(5,  <unfinished ...>
98613 12:59:30.234851 <... epoll_wait resumed>[{EPOLLIN, {u32=3, u64=3}}], 1000, -1) = 1
98615 12:59:30.234939 <... epoll_wait resumed>[{EPOLLIN, {u32=4, u64=4}}], 1000, -1) = 1
98613 12:59:30.235496 sendto(6, "1\0", 2, 0, NULL, 0 <unfinished ...>
98616 12:59:30.235745 epoll_wait(6,  <unfinished ...>
98615 12:59:30.235818 recvfrom(4,  <unfinished ...>
98613 12:59:30.235884 <... sendto resumed>) = 2
98616 12:59:30.235947 <... epoll_wait resumed>[{EPOLLIN, {u32=4, u64=4}}], 1000, -1) = 1
98615 12:59:30.236017 <... recvfrom resumed>"1\0", 10, 0, NULL, NULL) = 2
98616 12:59:30.236285 recvfrom(4,  <unfinished ...>
98615 12:59:30.236755 accept(3,  <unfinished ...>
98616 12:59:30.237052 <... recvfrom resumed>"1\0", 10, 0, NULL, NULL) = 2
98615 12:59:30.237157 <... accept resumed>{sa_family=AF_INET, sin_port=htons(49356), sin_addr=inet_addr("192.168.56.2")}, [16]) = 8
98613 12:59:30.237584 epoll_wait(4,  <unfinished ...>
98616 12:59:30.238250 accept(3, {sa_family=AF_INET, sin_port=htons(49358), sin_addr=inet_addr("192.168.56.2")}, [16]) = 9
98615 12:59:30.239994 accept(3, 0x7fff3b7dc520, [16]) = -1 EAGAIN (Resource temporarily unavailable)
98616 12:59:30.240551 accept(3, 0x7fff3b7dc520, [16]) = -1 EAGAIN (Resource temporarily unavailable)
98615 12:59:30.241034 epoll_wait(5, [{EPOLLIN, {u32=8, u64=139633681760264}}], 1000, -1) = 1
98616 12:59:30.241228 epoll_wait(6, [{EPOLLIN, {u32=9, u64=139633681760265}}], 1000, -1) = 1
98615 12:59:30.241592 recvfrom(8, "GET / HTTP/1.0\r\nUser-Agent: WebBench 1.5\r\nHost: 192.168.56.2\r\n\r\n", 2048, 0, NULL, NULL) = 64
98616 12:59:30.242707 recvfrom(9, "GET / HTTP/1.0\r\nUser-Agent: WebBench 1.5\r\nHost: 192.168.56.2\r\n\r\n", 2048, 0, NULL, NULL) = 64
98615 12:59:30.245863 writev(8, [{iov_base="HTTP/1.1 200 OK\r\nContent-Length: 27\r\n\r\n", iov_len=39}, {iov_base="Hello from Tom HTTP Server\n", iov_len=27}], 2) = 66
98616 12:59:30.247542 writev(9, [{iov_base="HTTP/1.1 200 OK\r\nContent-Length: 27\r\n\r\n", iov_len=39}, {iov_base="Hello from Tom HTTP Server\n", iov_len=27}], 2) = 66
98613 12:59:30.248054 <... epoll_wait resumed>[{EPOLLIN, {u32=3, u64=3}}], 1000, -1) = 1
98613 12:59:30.248305 sendto(5, "1\0", 2, 0, NULL, 0) = 2
98613 12:59:30.249407 epoll_wait(4,  <unfinished ...>
98615 12:59:30.249490 epoll_wait(5,  <unfinished ...>
98613 12:59:30.249798 <... epoll_wait resumed>[{EPOLLIN, {u32=3, u64=3}}], 1000, -1) = 1
98615 12:59:30.250109 <... epoll_wait resumed>[{EPOLLIN, {u32=4, u64=4}}], 1000, -1) = 1
98613 12:59:30.251085 sendto(6, "1\0", 2, 0, NULL, 0 <unfinished ...>
98616 12:59:30.251623 epoll_wait(6,  <unfinished ...>
98615 12:59:30.251816 recvfrom(4,  <unfinished ...>
98613 12:59:30.251891 <... sendto resumed>) = 2
98616 12:59:30.251957 <... epoll_wait resumed>[{EPOLLIN, {u32=4, u64=4}}], 1000, -1) = 1
98615 12:59:30.252069 <... recvfrom resumed>"1\0", 10, 0, NULL, NULL) = 2
98616 12:59:30.252342 recvfrom(4,  <unfinished ...>
98615 12:59:30.252535 accept(3,  <unfinished ...>
98616 12:59:30.252716 <... recvfrom resumed>"1\0", 10, 0, NULL, NULL) = 2
98615 12:59:30.252801 <... accept resumed>{sa_family=AF_INET, sin_port=htons(49360), sin_addr=inet_addr("192.168.56.2")}, [16]) = 8
98613 12:59:30.253879 epoll_wait(4,  <unfinished ...>
98616 12:59:30.254622 accept(3, {sa_family=AF_INET, sin_port=htons(49362), sin_addr=inet_addr("192.168.56.2")}, [16]) = 9
98615 12:59:30.255756 accept(3, 0x7fff3b7dc520, [16]) = -1 EAGAIN (Resource temporarily unavailable)
98616 12:59:30.256844 accept(3, 0x7fff3b7dc520, [16]) = -1 EAGAIN (Resource temporarily unavailable)
98615 12:59:30.257097 epoll_wait(5, [{EPOLLIN, {u32=8, u64=139633681760264}}], 1000, -1) = 1
98616 12:59:30.257999 epoll_wait(6, [{EPOLLIN, {u32=9, u64=139633681760265}}], 1000, -1) = 1
98615 12:59:30.259504 recvfrom(8, "GET / HTTP/1.0\r\nUser-Agent: WebBench 1.5\r\nHost: 192.168.56.2\r\n\r\n", 2048, 0, NULL, NULL) = 64
98616 12:59:30.260066 recvfrom(9, "GET / HTTP/1.0\r\nUser-Agent: WebBench 1.5\r\nHost: 192.168.56.2\r\n\r\n", 2048, 0, NULL, NULL) = 64
98615 12:59:30.261412 writev(8, [{iov_base="HTTP/1.1 200 OK\r\nContent-Length: 27\r\n\r\n", iov_len=39}, {iov_base="Hello from Tom HTTP Server\n", iov_len=27}], 2) = 66
98616 12:59:30.261904 writev(9, [{iov_base="HTTP/1.1 200 OK\r\nContent-Length: 27\r\n\r\n", iov_len=39}, {iov_base="Hello from Tom HTTP Server\n", iov_len=27}], 2) = 66
98613 12:59:30.262415 <... epoll_wait resumed>[{EPOLLIN, {u32=3, u64=3}}], 1000, -1) = 1
98613 12:59:30.262718 sendto(5, "1\0", 2, 0, NULL, 0) = 2
98613 12:59:30.264798 epoll_wait(4,  <unfinished ...>
98615 12:59:30.265438 epoll_wait(5,  <unfinished ...>
98613 12:59:30.265581 <... epoll_wait resumed>[{EPOLLIN, {u32=3, u64=3}}], 1000, -1) = 1
98615 12:59:30.265740 <... epoll_wait resumed>[{EPOLLIN, {u32=4, u64=4}}], 1000, -1) = 1
98613 12:59:30.265905 sendto(6, "1\0", 2, 0, NULL, 0 <unfinished ...>
98616 12:59:30.265992 epoll_wait(6,  <unfinished ...>
98615 12:59:30.266054 recvfrom(4,  <unfinished ...>
98613 12:59:30.266119 <... sendto resumed>) = 2
98616 12:59:30.266181 <... epoll_wait resumed>[{EPOLLIN, {u32=4, u64=4}}], 1000, -1) = 1
98615 12:59:30.266261 <... recvfrom resumed>"1\0", 10, 0, NULL, NULL) = 2
98616 12:59:30.266952 recvfrom(4,  <unfinished ...>
98615 12:59:30.267205 accept(3,  <unfinished ...>
98616 12:59:30.267305 <... recvfrom resumed>"1\0", 10, 0, NULL, NULL) = 2
98615 12:59:30.267389 <... accept resumed>{sa_family=AF_INET, sin_port=htons(49364), sin_addr=inet_addr("192.168.56.2")}, [16]) = 8
98613 12:59:30.267466 epoll_wait(4,  <unfinished ...>
98616 12:59:30.267755 accept(3, {sa_family=AF_INET, sin_port=htons(49366), sin_addr=inet_addr("192.168.56.2")}, [16]) = 9
98615 12:59:30.268467 accept(3, 0x7fff3b7dc520, [16]) = -1 EAGAIN (Resource temporarily unavailable)
98616 12:59:30.268969 accept(3, 0x7fff3b7dc520, [16]) = -1 EAGAIN (Resource temporarily unavailable)
98615 12:59:30.272294 epoll_wait(5, [{EPOLLIN, {u32=8, u64=139633681760264}}], 1000, -1) = 1
98616 12:59:30.272489 epoll_wait(6, [{EPOLLIN, {u32=9, u64=139633681760265}}], 1000, -1) = 1
98615 12:59:30.272894 recvfrom(8, "GET / HTTP/1.0\r\nUser-Agent: WebBench 1.5\r\nHost: 192.168.56.2\r\n\r\n", 2048, 0, NULL, NULL) = 64
98616 12:59:30.273107 recvfrom(9, "GET / HTTP/1.0\r\nUser-Agent: WebBench 1.5\r\nHost: 192.168.56.2\r\n\r\n", 2048, 0, NULL, NULL) = 64
98615 12:59:30.274765 writev(8, [{iov_base="HTTP/1.1 200 OK\r\nContent-Length: 27\r\n\r\n", iov_len=39}, {iov_base="Hello from Tom HTTP Server\n", iov_len=27}], 2) = 66
98616 12:59:30.275234 writev(9, [{iov_base="HTTP/1.1 200 OK\r\nContent-Length: 27\r\n\r\n", iov_len=39}, {iov_base="Hello from Tom HTTP Server\n", iov_len=27}], 2) = 66
98613 12:59:30.275886 <... epoll_wait resumed>[{EPOLLIN, {u32=3, u64=3}}], 1000, -1) = 1
98613 12:59:30.276169 sendto(5, "1\0", 2, 0, NULL, 0) = 2
98613 12:59:30.276823 epoll_wait(4,  <unfinished ...>
98615 12:59:30.276998 epoll_wait(5,  <unfinished ...>
98613 12:59:30.277066 <... epoll_wait resumed>[{EPOLLIN, {u32=3, u64=3}}], 1000, -1) = 1
98615 12:59:30.277144 <... epoll_wait resumed>[{EPOLLIN, {u32=4, u64=4}}], 1000, -1) = 1
98613 12:59:30.277398 sendto(6, "1\0", 2, 0, NULL, 0 <unfinished ...>
98616 12:59:30.277557 epoll_wait(6,  <unfinished ...>
98615 12:59:30.277621 recvfrom(4,  <unfinished ...>
98613 12:59:30.277687 <... sendto resumed>) = 2
98616 12:59:30.277748 <... epoll_wait resumed>[{EPOLLIN, {u32=4, u64=4}}], 1000, -1) = 1
98615 12:59:30.277816 <... recvfrom resumed>"1\0", 10, 0, NULL, NULL) = 2
98616 12:59:30.278243 recvfrom(4,  <unfinished ...>
98615 12:59:30.278313 accept(3,  <unfinished ...>
98616 12:59:30.278427 <... recvfrom resumed>"1\0", 10, 0, NULL, NULL) = 2
98615 12:59:30.278505 <... accept resumed>{sa_family=AF_INET, sin_port=htons(49368), sin_addr=inet_addr("192.168.56.2")}, [16]) = 8
98613 12:59:30.278580 epoll_wait(4,  <unfinished ...>
98616 12:59:30.278681 accept(3, {sa_family=AF_INET, sin_port=htons(49370), sin_addr=inet_addr("192.168.56.2")}, [16]) = 9
98615 12:59:30.279406 accept(3, 0x7fff3b7dc520, [16]) = -1 EAGAIN (Resource temporarily unavailable)
98616 12:59:30.279660 accept(3, 0x7fff3b7dc520, [16]) = -1 EAGAIN (Resource temporarily unavailable)
98615 12:59:30.279890 epoll_wait(5, [{EPOLLIN, {u32=8, u64=139633681760264}}], 1000, -1) = 1
98616 12:59:30.280129 epoll_wait(6, [{EPOLLIN, {u32=9, u64=139633681760265}}], 1000, -1) = 1
98615 12:59:30.280437 recvfrom(8, "GET / HTTP/1.0\r\nUser-Agent: WebBench 1.5\r\nHost: 192.168.56.2\r\n\r\n", 2048, 0, NULL, NULL) = 64
98616 12:59:30.280743 recvfrom(9, "GET / HTTP/1.0\r\nUser-Agent: WebBench 1.5\r\nHost: 192.168.56.2\r\n\r\n", 2048, 0, NULL, NULL) = 64
98615 12:59:30.289177 writev(8, [{iov_base="HTTP/1.1 200 OK\r\nContent-Length: 27\r\n\r\n", iov_len=39}, {iov_base="Hello from Tom HTTP Server\n", iov_len=27}], 2) = 66
98616 12:59:30.291541 writev(9, [{iov_base="HTTP/1.1 200 OK\r\nContent-Length: 27\r\n\r\n", iov_len=39}, {iov_base="Hello from Tom HTTP Server\n", iov_len=27}], 2) = 66
98613 12:59:30.292053 <... epoll_wait resumed>[{EPOLLIN, {u32=3, u64=3}}], 1000, -1) = 1
98613 12:59:30.292211 sendto(5, "1\0", 2, 0, NULL, 0) = 2
98613 12:59:30.292798 epoll_wait(4,  <unfinished ...>
98615 12:59:30.292880 epoll_wait(5,  <unfinished ...>
98613 12:59:30.293104 <... epoll_wait resumed>[{EPOLLIN, {u32=3, u64=3}}], 1000, -1) = 1
98615 12:59:30.293198 <... epoll_wait resumed>[{EPOLLIN, {u32=4, u64=4}}], 1000, -1) = 1
98613 12:59:30.293337 sendto(6, "1\0", 2, 0, NULL, 0 <unfinished ...>
98616 12:59:30.293519 epoll_wait(6,  <unfinished ...>
98615 12:59:30.293584 recvfrom(4,  <unfinished ...>
98613 12:59:30.293651 <... sendto resumed>) = 2
98616 12:59:30.293713 <... epoll_wait resumed>[{EPOLLIN, {u32=4, u64=4}}], 1000, -1) = 1
98615 12:59:30.293780 <... recvfrom resumed>"1\0", 10, 0, NULL, NULL) = 2
98616 12:59:30.294095 recvfrom(4,  <unfinished ...>
98615 12:59:30.294167 accept(3,  <unfinished ...>
98616 12:59:30.294250 <... recvfrom resumed>"1\0", 10, 0, NULL, NULL) = 2
98615 12:59:30.294394 <... accept resumed>{sa_family=AF_INET, sin_port=htons(49372), sin_addr=inet_addr("192.168.56.2")}, [16]) = 8
98613 12:59:30.294475 epoll_wait(4,  <unfinished ...>
98616 12:59:30.294645 accept(3, {sa_family=AF_INET, sin_port=htons(49374), sin_addr=inet_addr("192.168.56.2")}, [16]) = 9
98615 12:59:30.295531 accept(3, 0x7fff3b7dc520, [16]) = -1 EAGAIN (Resource temporarily unavailable)
98616 12:59:30.295889 accept(3, 0x7fff3b7dc520, [16]) = -1 EAGAIN (Resource temporarily unavailable)
98615 12:59:30.296218 epoll_wait(5, [{EPOLLIN, {u32=8, u64=139633681760264}}], 1000, -1) = 1
98616 12:59:30.296534 epoll_wait(6, [{EPOLLIN, {u32=9, u64=139633681760265}}], 1000, -1) = 1
98615 12:59:30.297197 recvfrom(8, "GET / HTTP/1.0\r\nUser-Agent: WebBench 1.5\r\nHost: 192.168.56.2\r\n\r\n", 2048, 0, NULL, NULL) = 64
98616 12:59:30.297684 recvfrom(9, "GET / HTTP/1.0\r\nUser-Agent: WebBench 1.5\r\nHost: 192.168.56.2\r\n\r\n", 2048, 0, NULL, NULL) = 64
98615 12:59:30.301242 writev(8, [{iov_base="HTTP/1.1 200 OK\r\nContent-Length: 27\r\n\r\n", iov_len=39}, {iov_base="Hello from Tom HTTP Server\n", iov_len=27}], 2) = 66
98616 12:59:30.302027 writev(9, [{iov_base="HTTP/1.1 200 OK\r\nContent-Length: 27\r\n\r\n", iov_len=39}, {iov_base="Hello from Tom HTTP Server\n", iov_len=27}], 2) = 66
98613 12:59:30.302331 <... epoll_wait resumed>[{EPOLLIN, {u32=3, u64=3}}], 1000, -1) = 1
98613 12:59:30.302485 sendto(5, "1\0", 2, 0, NULL, 0) = 2
98613 12:59:30.305663 epoll_wait(4,  <unfinished ...>
98615 12:59:30.305852 epoll_wait(5,  <unfinished ...>
98613 12:59:30.305924 <... epoll_wait resumed>[{EPOLLIN, {u32=3, u64=3}}], 1000, -1) = 1
98615 12:59:30.306009 <... epoll_wait resumed>[{EPOLLIN, {u32=4, u64=4}}], 1000, -1) = 1
98613 12:59:30.306141 sendto(6, "1\0", 2, 0, NULL, 0 <unfinished ...>
98616 12:59:30.306225 epoll_wait(6,  <unfinished ...>
98615 12:59:30.306285 recvfrom(4,  <unfinished ...>
98613 12:59:30.306350 <... sendto resumed>) = 2
98616 12:59:30.306412 <... epoll_wait resumed>[{EPOLLIN, {u32=4, u64=4}}], 1000, -1) = 1
