98615 12:59:30.306478 <... recvfrom resumed>"1\0", 10, 0, NULL, NULL) = 2
98616 12:59:30.306765 recvfrom(4,  <unfinished ...>
98615 12:59:30.307151 accept(3,  <unfinished ...>
98616 12:59:30.307360 <... recvfrom resumed>"1\0", 10, 0, NULL, NULL) = 2
98615 12:59:30.307610 <... accept resumed>{sa_family=AF_INET, sin_port=htons(49376), sin_addr=inet_addr("192.168.56.2")}, [16]) = 8
98613 12:59:30.307754 epoll_wait(4,  <unfinished ...>
98616 12:59:30.308049 accept(3, {sa_family=AF_INET, sin_port=htons(49378), sin_addr=inet_addr("192.168.56.2")}, [16]) = 9
98615 12:59:30.310291 accept(3, 0x7fff3b7dc520, [16]) = -1 EAGAIN (Resource temporarily unavailable)
98616 12:59:30.310883 accept(3, 0x7fff3b7dc520, [16]) = -1 EAGAIN (Resource temporarily unavailable)
98615 12:59:30.311063 epoll_wait(5, [{EPOLLIN, {u32=8, u64=139633681760264}}], 1000, -1) = 1
98616 12:59:30.311242 epoll_wait(6, [{EPOLLIN, {u32=9, u64=139633681760265}}], 1000, -1) = 1
98615 12:59:30.311618 recvfrom(8, "GET / HTTP/1.0\r\nUser-Agent: WebBench 1.5\r\nHost: 192.168.56.2\r\n\r\n", 2048, 0, NULL, NULL) = 64
98616 12:59:30.311852 recvfrom(9, "GET / HTTP/1.0\r\nUser-Agent: WebBench 1.5\r\nHost: 192.168.56.2\r\n\r\n", 2048, 0, NULL, NULL) = 64
98615 12:59:30.313763 writev(8, [{iov_base="HTTP/1.1 200 OK\r\nContent-Length: 27\r\n\r\n", iov_len=39}, {iov_base="Hello from Tom HTTP Server\n", iov_len=27}], 2) = 66
98616 12:59:30.314144 writev(9, [{iov_base="HTTP/1.1 200 OK\r\nContent-Length: 27\r\n\r\n", iov_len=39}, {iov_base="Hello from Tom HTTP Server\n", iov_len=27}], 2) = 66
98613 12:59:30.315037 <... epoll_wait resumed>[{EPOLLIN, {u32=3, u64=3}}], 1000, -1) = 1
98613 12:59:30.317893 sendto(5, "1\0", 2, 0, NULL, 0) = 2
98613 12:59:30.318669 epoll_wait(4,  <unfinished ...>
98615 12:59:30.318761 epoll_wait(5,  <unfinished ...>
98613 12:59:30.318827 <... epoll_wait resumed>[{EPOLLIN, {u32=3, u64=3}}], 1000, -1) = 1
98615 12:59:30.318909 <... epoll_wait resumed>[{EPOLLIN, {u32=4, u64=4}}], 1000, -1) = 1
98613 12:59:30.319626 sendto(6, "1\0", 2, 0, NULL, 0 <unfinished ...>
98616 12:59:30.319768 epoll_wait(6,  <unfinished ...>
98615 12:59:30.319862 recvfrom(4,  <unfinished ...>
98613 12:59:30.320115 <... sendto resumed>) = 2
98616 12:59:30.320215 <... epoll_wait resumed>[{EPOLLIN, {u32=4, u64=4}}], 1000, -1) = 1
98615 12:59:30.320311 <... recvfrom resumed>"1\0", 10, 0, NULL, NULL) = 2
98616 12:59:30.320755 recvfrom(4,  <unfinished ...>
98615 12:59:30.320858 accept(3,  <unfinished ...>
98616 12:59:30.321089 <... recvfrom resumed>"1\0", 10, 0, NULL, NULL) = 2
98615 12:59:30.321201 <... accept resumed>{sa_family=AF_INET, sin_port=htons(49380), sin_addr=inet_addr("192.168.56.2")}, [16]) = 8
98613 12:59:30.321328 epoll_wait(4,  <unfinished ...>
98616 12:59:30.322423 accept(3, {sa_family=AF_INET, sin_port=htons(49382), sin_addr=inet_addr("192.168.56.2")}, [16]) = 9
98615 12:59:30.323427 accept(3, 0x7fff3b7dc520, [16]) = -1 EAGAIN (Resource temporarily unavailable)
98616 12:59:30.323638 accept(3, 0x7fff3b7dc520, [16]) = -1 EAGAIN (Resource temporarily unavailable)
98615 12:59:30.323805 epoll_wait(5, [{EPOLLIN, {u32=8, u64=139633681760264}}], 1000, -1) = 1
98616 12:59:30.324098 epoll_wait(6, [{EPOLLIN, {u32=9, u64=139633681760265}}], 1000, -1) = 1
98615 12:59:30.324291 recvfrom(8, "GET / HTTP/1.0\r\nUser-Agent: WebBench 1.5\r\nHost: 192.168.56.2\r\n\r\n", 2048, 0, NULL, NULL) = 64
98616 12:59:30.325547 recvfrom(9, "GET / HTTP/1.0\r\nUser-Agent: WebBench 1.5\r\nHost: 192.168.56.2\r\n\r\n", 2048, 0, NULL, NULL) = 64
98615 12:59:30.327870 writev(8, [{iov_base="HTTP/1.1 200 OK\r\nContent-Length: 27\r\n\r\n", iov_len=39}, {iov_base="Hello from Tom HTTP Server\n", iov_len=27}], 2) = 66
98616 12:59:30.328962 writev(9, [{iov_base="HTTP/1.1 200 OK\r\nContent-Length: 27\r\n\r\n", iov_len=39}, {iov_base="Hello from Tom HTTP Server\n", iov_len=27}], 2) = 66
98613 12:59:30.329852 <... epoll_wait resumed>[{EPOLLIN, {u32=3, u64=3}}], 1000, -1) = 1
98613 12:59:30.330580 sendto(5, "1\0", 2, 0, NULL, 0) = 2
98613 12:59:30.331597 epoll_wait(4,  <unfinished ...>
98615 12:59:30.331680 epoll_wait(5,  <unfinished ...>
98613 12:59:30.331745 <... epoll_wait resumed>[{EPOLLIN, {u32=3, u64=3}}], 1000, -1) = 1
98615 12:59:30.331827 <... epoll_wait resumed>[{EPOLLIN, {u32=4, u64=4}}], 1000, -1) = 1
98613 12:59:30.331959 sendto(6, "1\0", 2, 0, NULL, 0 <unfinished ...>
98616 12:59:30.332080 epoll_wait(6,  <unfinished ...>
98615 12:59:30.332320 recvfrom(4,  <unfinished ...>
98613 12:59:30.332394 <... sendto resumed>) = 2
98616 12:59:30.332459 <... epoll_wait resumed>[{EPOLLIN, {u32=4, u64=4}}], 1000, -1) = 1
98615 12:59:30.332532 <... recvfrom resumed>"1\0", 10, 0, NULL, NULL) = 2
98616 12:59:30.332756 recvfrom(4,  <unfinished ...>
98615 12:59:30.333077 accept(3,  <unfinished ...>
98616 12:59:30.333568 <... recvfrom resumed>"1\0", 10, 0, NULL, NULL) = 2
98615 12:59:30.333786 <... accept resumed>{sa_family=AF_INET, sin_port=htons(49384), sin_addr=inet_addr("192.168.56.2")}, [16]) = 8
98613 12:59:30.334112 epoll_wait(4,  <unfinished ...>
98616 12:59:30.335028 accept(3, {sa_family=AF_INET, sin_port=htons(49386), sin_addr=inet_addr("192.168.56.2")}, [16]) = 9
98615 12:59:30.335856 accept(3, 0x7fff3b7dc520, [16]) = -1 EAGAIN (Resource temporarily unavailable)
98616 12:59:30.336299 accept(3, 0x7fff3b7dc520, [16]) = -1 EAGAIN (Resource temporarily unavailable)
98615 12:59:30.337506 epoll_wait(5, [{EPOLLIN, {u32=8, u64=139633681760264}}], 1000, -1) = 1
98616 12:59:30.338387 epoll_wait(6, [{EPOLLIN, {u32=9, u64=139633681760265}}], 1000, -1) = 1
98615 12:59:30.339051 recvfrom(8, "GET / HTTP/1.0\r\nUser-Agent: WebBench 1.5\r\nHost: 192.168.56.2\r\n\r\n", 2048, 0, NULL, NULL) = 64
98616 12:59:30.339597 recvfrom(9, "GET / HTTP/1.0\r\nUser-Agent: WebBench 1.5\r\nHost: 192.168.56.2\r\n\r\n", 2048, 0, NULL, NULL) = 64
98615 12:59:30.342441 writev(8, [{iov_base="HTTP/1.1 200 OK\r\nContent-Length: 27\r\n\r\n", iov_len=39}, {iov_base="Hello from Tom HTTP Server\n", iov_len=27}], 2) = 66
98616 12:59:30.342729 writev(9, [{iov_base="HTTP/1.1 200 OK\r\nContent-Length: 27\r\n\r\n", iov_len=39}, {iov_base="Hello from Tom HTTP Server\n", iov_len=27}], 2) = 66
98613 12:59:30.343245 <... epoll_wait resumed>[{EPOLLIN, {u32=3, u64=3}}], 1000, -1) = 1
98613 12:59:30.343557 sendto(5, "1\0", 2, 0, NULL, 0) = 2
98613 12:59:30.345093 epoll_wait(4,  <unfinished ...>
98615 12:59:30.345431 epoll_wait(5,  <unfinished ...>
98613 12:59:30.345513 <... epoll_wait resumed>[{EPOLLIN, {u32=3, u64=3}}], 1000, -1) = 1
98615 12:59:30.345599 <... epoll_wait resumed>[{EPOLLIN, {u32=4, u64=4}}], 1000, -1) = 1
98613 12:59:30.346105 sendto(6, "1\0", 2, 0, NULL, 0 <unfinished ...>
98616 12:59:30.346787 epoll_wait(6,  <unfinished ...>
98615 12:59:30.346883 recvfrom(4,  <unfinished ...>
98613 12:59:30.346951 <... sendto resumed>) = 2
98616 12:59:30.347167 <... epoll_wait resumed>[{EPOLLIN, {u32=4, u64=4}}], 1000, -1) = 1
98615 12:59:30.347245 <... recvfrom resumed>"1\0", 10, 0, NULL, NULL) = 2
98616 12:59:30.347411 recvfrom(4,  <unfinished ...>
98615 12:59:30.347475 accept(3,  <unfinished ...>
98616 12:59:30.347646 <... recvfrom resumed>"1\0", 10, 0, NULL, NULL) = 2
98615 12:59:30.347772 <... accept resumed>{sa_family=AF_INET, sin_port=htons(49388), sin_addr=inet_addr("192.168.56.2")}, [16]) = 8
98613 12:59:30.347854 epoll_wait(4,  <unfinished ...>
98616 12:59:30.348209 accept(3, {sa_family=AF_INET, sin_port=htons(49390), sin_addr=inet_addr("192.168.56.2")}, [16]) = 9
98615 12:59:30.350185 accept(3, 0x7fff3b7dc520, [16]) = -1 EAGAIN (Resource temporarily unavailable)
98616 12:59:30.350462 accept(3, 0x7fff3b7dc520, [16]) = -1 EAGAIN (Resource temporarily unavailable)
98615 12:59:30.350740 epoll_wait(5, [{EPOLLIN, {u32=8, u64=139633681760264}}], 1000, -1) = 1
98616 12:59:30.351188 epoll_wait(6, [{EPOLLIN, {u32=9, u64=139633681760265}}], 1000, -1) = 1
98615 12:59:30.351429 recvfrom(8, "GET / HTTP/1.0\r\nUser-Agent: WebBench 1.5\r\nHost: 192.168.56.2\r\n\r\n", 2048, 0, NULL, NULL) = 64
98616 12:59:30.352444 recvfrom(9, "GET / HTTP/1.0\r\nUser-Agent: WebBench 1.5\r\nHost: 192.168.56.2\r\n\r\n", 2048, 0, NULL, NULL) = 64
98615 12:59:30.354829 writev(8, [{iov_base="HTTP/1.1 200 OK\r\nContent-Length: 27\r\n\r\n", iov_len=39}, {iov_base="Hello from Tom HTTP Server\n", iov_len=27}], 2) = 66
98616 12:59:30.355695 writev(9, [{iov_base="HTTP/1.1 200 OK\r\nContent-Length: 27\r\n\r\n", iov_len=39}, {iov_base="Hello from Tom HTTP Server\n", iov_len=27}], 2) = 66
98613 12:59:30.356931 <... epoll_wait resumed>[{EPOLLIN, {u32=3, u64=3}}], 1000, -1) = 1
98613 12:59:30.357160 sendto(5, "1\0", 2, 0, NULL, 0) = 2
98613 12:59:30.357878 epoll_wait(4,  <unfinished ...>
98615 12:59:30.358630 epoll_wait(5,  <unfinished ...>
98613 12:59:30.358831 <... epoll_wait resumed>[{EPOLLIN, {u32=3, u64=3}}], 1000, -1) = 1
98615 12:59:30.358969 <... epoll_wait resumed>[{EPOLLIN, {u32=4, u64=4}}], 1000, -1) = 1
98613 12:59:30.359170 sendto(6, "1\0", 2, 0, NULL, 0 <unfinished ...>
98616 12:59:30.359672 epoll_wait(6,  <unfinished ...>
98615 12:59:30.360054 recvfrom(4,  <unfinished ...>
98613 12:59:30.360150 <... sendto resumed>) = 2
98616 12:59:30.360219 <... epoll_wait resumed>[{EPOLLIN, {u32=4, u64=4}}], 1000, -1) = 1
98615 12:59:30.360294 <... recvfrom resumed>"1\0", 10, 0, NULL, NULL) = 2
98616 12:59:30.360733 recvfrom(4,  <unfinished ...>
98615 12:59:30.360939 accept(3,  <unfinished ...>
98616 12:59:30.361381 <... recvfrom resumed>"1\0", 10, 0, NULL, NULL) = 2
98615 12:59:30.361497 <... accept resumed>{sa_family=AF_INET, sin_port=htons(49392), sin_addr=inet_addr("192.168.56.2")}, [16]) = 8
98613 12:59:30.361578 epoll_wait(4,  <unfinished ...>
98616 12:59:30.361805 accept(3, {sa_family=AF_INET, sin_port=htons(49394), sin_addr=inet_addr("192.168.56.2")}, [16]) = 9
98615 12:59:30.362525 accept(3, 0x7fff3b7dc520, [16]) = -1 EAGAIN (Resource temporarily unavailable)
98616 12:59:30.363646 accept(3, 0x7fff3b7dc520, [16]) = -1 EAGAIN (Resource temporarily unavailable)
98615 12:59:30.364711 epoll_wait(5, [{EPOLLIN, {u32=8, u64=139633681760264}}], 1000, -1) = 1
98616 12:59:30.364925 epoll_wait(6, [{EPOLLIN, {u32=9, u64=139633681760265}}], 1000, -1) = 1
98615 12:59:30.365325 recvfrom(8, "GET / HTTP/1.0\r\nUser-Agent: WebBench 1.5\r\nHost: 192.168.56.2\r\n\r\n", 2048, 0, NULL, NULL) = 64
98616 12:59:30.365594 recvfrom(9, "GET / HTTP/1.0\r\nUser-Agent: WebBench 1.5\r\nHost: 192.168.56.2\r\n\r\n", 2048, 0, NULL, NULL) = 64
98615 12:59:30.369334 writev(8, [{iov_base="HTTP/1.1 200 OK\r\nContent-Length: 27\r\n\r\n", iov_len=39}, {iov_base="Hello from Tom HTTP Server\n", iov_len=27}], 2) = 66
98616 12:59:30.369692 writev(9, [{iov_base="HTTP/1.1 200 OK\r\nContent-Length: 27\r\n\r\n", iov_len=39}, {iov_base="Hello from Tom HTTP Server\n", iov_len=27}], 2) = 66
98613 12:59:30.370062 <... epoll_wait resumed>[{EPOLLIN, {u32=3, u64=3}}], 1000, -1) = 1
98613 12:59:30.370752 sendto(5, "1\0", 2, 0, NULL, 0) = 2
98613 12:59:30.371598 epoll_wait(4,  <unfinished ...>
98615 12:59:30.371747 epoll_wait(5,  <unfinished ...>
98613 12:59:30.371854 <... epoll_wait resumed>[{EPOLLIN, {u32=3, u64=3}}], 1000, -1) = 1
98615 12:59:30.372310 <... epoll_wait resumed>[{EPOLLIN, {u32=4, u64=4}}], 1000, -1) = 1
98613 12:59:30.372824 sendto(6, "1\0", 2, 0, NULL, 0 <unfinished ...>
98616 12:59:30.372922 epoll_wait(6,  <unfinished ...>
98615 12:59:30.373083 recvfrom(4,  <unfinished ...>
98613 12:59:30.373171 <... sendto resumed>) = 2
98616 12:59:30.373240 <... epoll_wait resumed>[{EPOLLIN, {u32=4, u64=4}}], 1000, -1) = 1
98615 12:59:30.373313 <... recvfrom resumed>"1\0", 10, 0, NULL, NULL) = 2
98616 12:59:30.373473 recvfrom(4,  <unfinished ...>
98615 12:59:30.373536 accept(3,  <unfinished ...>
98616 12:59:30.373786 <... recvfrom resumed>"1\0", 10, 0, NULL, NULL) = 2
98615 12:59:30.373867 <... accept resumed>{sa_family=AF_INET, sin_port=htons(49396), sin_addr=inet_addr("192.168.56.2")}, [16]) = 8
98613 12:59:30.374269 epoll_wait(4,  <unfinished ...>
98616 12:59:30.374397 accept(3, {sa_family=AF_INET, sin_port=htons(49398), sin_addr=inet_addr("192.168.56.2")}, [16]) = 9
98615 12:59:30.376571 accept(3, 0x7fff3b7dc520, [16]) = -1 EAGAIN (Resource temporarily unavailable)
98616 12:59:30.377486 accept(3, 0x7fff3b7dc520, [16]) = -1 EAGAIN (Resource temporarily unavailable)
98615 12:59:30.377780 epoll_wait(5, [{EPOLLIN, {u32=8, u64=139633681760264}}], 1000, -1) = 1
98616 12:59:30.378688 epoll_wait(6, [{EPOLLIN, {u32=9, u64=139633681760265}}], 1000, -1) = 1
98615 12:59:30.378983 recvfrom(8, "GET / HTTP/1.0\r\nUser-Agent: WebBench 1.5\r\nHost: 192.168.56.2\r\n\r\n", 2048, 0, NULL, NULL) = 64
98616 12:59:30.379746 recvfrom(9, "GET / HTTP/1.0\r\nUser-Agent: WebBench 1.5\r\nHost: 192.168.56.2\r\n\r\n", 2048, 0, NULL, NULL) = 64
98615 12:59:30.383070 writev(8, [{iov_base="HTTP/1.1 200 OK\r\nContent-Length: 27\r\n\r\n", iov_len=39}, {iov_base="Hello from Tom HTTP Server\n", iov_len=27}], 2) = 66
98616 12:59:30.383365 writev(9, [{iov_base="HTTP/1.1 200 OK\r\nContent-Length: 27\r\n\r\n", iov_len=39}, {iov_base="Hello from Tom HTTP Server\n", iov_len=27}], 2) = 66
98613 12:59:30.383970 <... epoll_wait resumed>[{EPOLLIN, {u32=3, u64=3}}], 1000, -1) = 1
98613 12:59:30.384820 sendto(5, "1\0", 2, 0, NULL, 0) = 2
98613 12:59:30.385262 epoll_wait(4,  <unfinished ...>
98615 12:59:30.385341 epoll_wait(5,  <unfinished ...>
98613 12:59:30.385404 <... epoll_wait resumed>[{EPOLLIN, {u32=3, u64=3}}], 1000, -1) = 1
98615 12:59:30.385679 <... epoll_wait resumed>[{EPOLLIN, {u32=4, u64=4}}], 1000, -1) = 1
98613 12:59:30.385868 sendto(6, "1\0", 2, 0, NULL, 0 <unfinished ...>
98616 12:59:30.386219 epoll_wait(6,  <unfinished ...>
98615 12:59:30.386512 recvfrom(4,  <unfinished ...>
98613 12:59:30.386625 <... sendto resumed>) = 2
98616 12:59:30.386769 <... epoll_wait resumed>[{EPOLLIN, {u32=4, u64=4}}], 1000, -1) = 1
98615 12:59:30.387211 <... recvfrom resumed>"1\0", 10, 0, NULL, NULL) = 2
98616 12:59:30.387970 recvfrom(4,  <unfinished ...>
98615 12:59:30.388289 accept(3,  <unfinished ...>
98616 12:59:30.388472 <... recvfrom resumed>"1\0", 10, 0, NULL, NULL) = 2
98615 12:59:30.389099 <... accept resumed>{sa_family=AF_INET, sin_port=htons(49400), sin_addr=inet_addr("192.168.56.2")}, [16]) = 8
98613 12:59:30.389249 epoll_wait(4,  <unfinished ...>
98616 12:59:30.389395 accept(3, {sa_family=AF_INET, sin_port=htons(49402), sin_addr=inet_addr("192.168.56.2")}, [16]) = 9
98615 12:59:30.390703 accept(3, 0x7fff3b7dc520, [16]) = -1 EAGAIN (Resource temporarily unavailable)
98616 12:59:30.391120 accept(3, 0x7fff3b7dc520, [16]) = -1 EAGAIN (Resource temporarily unavailable)
98615 12:59:30.391946 epoll_wait(5, [{EPOLLIN, {u32=8, u64=139633681760264}}], 1000, -1) = 1
98616 12:59:30.392143 epoll_wait(6, [{EPOLLIN, {u32=9, u64=139633681760265}}], 1000, -1) = 1
98615 12:59:30.392304 recvfrom(8, "GET / HTTP/1.0\r\nUser-Agent: WebBench 1.5\r\nHost: 192.168.56.2\r\n\r\n", 2048, 0, NULL, NULL) = 64
98616 12:59:30.392640 recvfrom(9, "GET / HTTP/1.0\r\nUser-Agent: WebBench 1.5\r\nHost: 192.168.56.2\r\n\r\n", 2048, 0, NULL, NULL) = 64
98615 12:59:30.396485 writev(8, [{iov_base="HTTP/1.1 200 OK\r\nContent-Length: 27\r\n\r\n", iov_len=39}, {iov_base="Hello from Tom HTTP Server\n", iov_len=27}], 2) = 66
98616 12:59:30.396993 writev(9, [{iov_base="HTTP/1.1 200 OK\r\nContent-Length: 27\r\n\r\n", iov_len=39}, {iov_base="Hello from Tom HTTP Server\n", iov_len=27}], 2) = 66
98613 12:59:30.397582 <... epoll_wait resumed>[{EPOLLIN, {u32=3, u64=3}}], 1000, -1) = 1
98613 12:59:30.397743 sendto(5, "1\0", 2, 0, NULL, 0) = 2
98613 12:59:30.398355 epoll_wait(4,  <unfinished ...>
98615 12:59:30.398892 epoll_wait(5,  <unfinished ...>
98613 12:59:30.399035 <... epoll_wait resumed>[{EPOLLIN, {u32=3, u64=3}}], 1000, -1) = 1
98615 12:59:30.399659 <... epoll_wait resumed>[{EPOLLIN, {u32=4, u64=4}}], 1000, -1) = 1
98613 12:59:30.399999 sendto(6, "1\0", 2, 0, NULL, 0 <unfinished ...>
98616 12:59:30.400117 epoll_wait(6,  <unfinished ...>
98615 12:59:30.400180 recvfrom(4,  <unfinished ...>
98613 12:59:30.400246 <... sendto resumed>) = 2
98616 12:59:30.400308 <... epoll_wait resumed>[{EPOLLIN, {u32=4, u64=4}}], 1000, -1) = 1
98615 12:59:30.400443 <... recvfrom resumed>"1\0", 10, 0, NULL, NULL) = 2
98616 12:59:30.400952 recvfrom(4,  <unfinished ...>
98615 12:59:30.401101 accept(3,  <unfinished ...>
98616 12:59:30.402380 <... recvfrom resumed>"1\0", 10, 0, NULL, NULL) = 2
98615 12:59:30.402575 <... accept resumed>{sa_family=AF_INET, sin_port=htons(49404), sin_addr=inet_addr("192.168.56.2")}, [16]) = 8
98613 12:59:30.402873 epoll_wait(4,  <unfinished ...>
98616 12:59:30.403010 accept(3, {sa_family=AF_INET, sin_port=htons(49406), sin_addr=inet_addr("192.168.56.2")}, [16]) = 9
98615 12:59:30.405007 accept(3, 0x7fff3b7dc520, [16]) = -1 EAGAIN (Resource temporarily unavailable)
98616 12:59:30.405298 accept(3, 0x7fff3b7dc520, [16]) = -1 EAGAIN (Resource temporarily unavailable)
98615 12:59:30.405576 epoll_wait(5, [{EPOLLIN, {u32=8, u64=139633681760264}}], 1000, -1) = 1
98616 12:59:30.405840 epoll_wait(6, [{EPOLLIN, {u32=9, u64=139633681760265}}], 1000, -1) = 1
98615 12:59:30.406071 recvfrom(8, "GET / HTTP/1.0\r\nUser-Agent: WebBench 1.5\r\nHost: 192.168.56.2\r\n\r\n", 2048, 0, NULL, NULL) = 64
98616 12:59:30.406372 recvfrom(9, "GET / HTTP/1.0\r\nUser-Agent: WebBench 1.5\r\nHost: 192.168.56.2\r\n\r\n", 2048, 0, NULL, NULL) = 64
98615 12:59:30.409504 writev(8, [{iov_base="HTTP/1.1 200 OK\r\nContent-Length: 27\r\n\r\n", iov_len=39}, {iov_base="Hello from Tom HTTP Server\n", iov_len=27}], 2) = 66
98616 12:59:30.409810 writev(9, [{iov_base="HTTP/1.1 200 OK\r\nContent-Length: 27\r\n\r\n", iov_len=39}, {iov_base="Hello from Tom HTTP Server\n", iov_len=27}], 2) = 66
98613 12:59:30.410749 <... epoll_wait resumed>[{EPOLLIN, {u32=3, u64=3}}], 1000, -1) = 1
98613 12:59:30.410909 sendto(5, "1\0", 2, 0, NULL, 0) = 2
98613 12:59:30.411356 epoll_wait(4,  <unfinished ...>
98615 12:59:30.411470 epoll_wait(5,  <unfinished ...>
98613 12:59:30.411546 <... epoll_wait resumed>[{EPOLLIN, {u32=3, u64=3}}], 1000, -1) = 1
98615 12:59:30.411793 <... epoll_wait resumed>[{EPOLLIN, {u32=4, u64=4}}], 1000, -1) = 1
98613 12:59:30.411941 sendto(6, "1\0", 2, 0, NULL, 0 <unfinished ...>
98616 12:59:30.412024 epoll_wait(6,  <unfinished ...>
98615 12:59:30.412138 recvfrom(4,  <unfinished ...>
98613 12:59:30.412297 <... sendto resumed>) = 2
98616 12:59:30.412363 <... epoll_wait resumed>[{EPOLLIN, {u32=4, u64=4}}], 1000, -1) = 1
98615 12:59:30.412435 <... recvfrom resumed>"1\0", 10, 0, NULL, NULL) = 2
98616 12:59:30.413241 recvfrom(4,  <unfinished ...>
98615 12:59:30.413418 accept(3,  <unfinished ...>
98616 12:59:30.414359 <... recvfrom resumed>"1\0", 10, 0, NULL, NULL) = 2
98615 12:59:30.414472 <... accept resumed>{sa_family=AF_INET, sin_port=htons(49408), sin_addr=inet_addr("192.168.56.2")}, [16]) = 8
98613 12:59:30.414672 epoll_wait(4,  <unfinished ...>
98616 12:59:30.415459 accept(3, {sa_family=AF_INET, sin_port=htons(49410), sin_addr=inet_addr("192.168.56.2")}, [16]) = 9
98615 12:59:30.416327 accept(3, 0x7fff3b7dc520, [16]) = -1 EAGAIN (Resource temporarily unavailable)
98616 12:59:30.416851 accept(3, 0x7fff3b7dc520, [16]) = -1 EAGAIN (Resource temporarily unavailable)
98615 12:59:30.417288 epoll_wait(5, [{EPOLLIN, {u32=8, u64=139633681760264}}], 1000, -1) = 1
98616 12:59:30.418394 epoll_wait(6, [{EPOLLIN, {u32=9, u64=139633681760265}}], 1000, -1) = 1
98615 12:59:30.418939 recvfrom(8, "GET / HTTP/1.0\r\nUser-Agent: WebBench 1.5\r\nHost: 192.168.56.2\r\n\r\n", 2048, 0, NULL, NULL) = 64
98616 12:59:30.419372 recvfrom(9, "GET / HTTP/1.0\r\nUser-Agent: WebBench 1.5\r\nHost: 192.168.56.2\r\n\r\n", 2048, 0, NULL, NULL) = 64
98615 12:59:30.422952 writev(8, [{iov_base="HTTP/1.1 200 OK\r\nContent-Length: 27\r\n\r\n", iov_len=39}, {iov_base="Hello from Tom HTTP Server\n", iov_len=27}], 2) = 66
98616 12:59:30.423670 writev(9, [{iov_base="HTTP/1.1 200 OK\r\nContent-Length: 27\r\n\r\n", iov_len=39}, {iov_base="Hello from Tom HTTP Server\n", iov_len=27}], 2) = 66
98613 12:59:30.424108 <... epoll_wait resumed>[{EPOLLIN, {u32=3, u64=3}}], 1000, -1) = 1
98613 12:59:30.424293 sendto(5, "1\0", 2, 0, NULL, 0) = 2
98613 12:59:30.424944 epoll_wait(4,  <unfinished ...>
98615 12:59:30.425034 epoll_wait(5,  <unfinished ...>
98613 12:59:30.425200 <... epoll_wait resumed>[{EPOLLIN, {u32=3, u64=3}}], 1000, -1) = 1
98615 12:59:30.425288 <... epoll_wait resumed>[{EPOLLIN, {u32=4, u64=4}}], 1000, -1) = 1
98613 12:59:30.425422 sendto(6, "1\0", 2, 0, NULL, 0 <unfinished ...>
98616 12:59:30.425652 epoll_wait(6,  <unfinished ...>
98615 12:59:30.425931 recvfrom(4,  <unfinished ...>
98613 12:59:30.426011 <... sendto resumed>) = 2
98616 12:59:30.426091 <... epoll_wait resumed>[{EPOLLIN, {u32=4, u64=4}}], 1000, -1) = 1
98615 12:59:30.426196 <... recvfrom resumed>"1\0", 10, 0, NULL, NULL) = 2
98616 12:59:30.426853 recvfrom(4,  <unfinished ...>
98615 12:59:30.427342 accept(3,  <unfinished ...>
98616 12:59:30.427608 <... recvfrom resumed>"1\0", 10, 0, NULL, NULL) = 2
98615 12:59:30.428622 <... accept resumed>{sa_family=AF_INET, sin_port=htons(49412), sin_addr=inet_addr("192.168.56.2")}, [16]) = 8
98613 12:59:30.428864 epoll_wait(4,  <unfinished ...>
98616 12:59:30.429196 accept(3, {sa_family=AF_INET, sin_port=htons(49414), sin_addr=inet_addr("192.168.56.2")}, [16]) = 9
98615 12:59:30.429790 accept(3, 0x7fff3b7dc520, [16]) = -1 EAGAIN (Resource temporarily unavailable)
98616 12:59:30.430075 accept(3, 0x7fff3b7dc520, [16]) = -1 EAGAIN (Resource temporarily unavailable)
98615 12:59:30.430321 epoll_wait(5, [{EPOLLIN, {u32=8, u64=139633681760264}}], 1000, -1) = 1
98616 12:59:30.430560 epoll_wait(6, [{EPOLLIN, {u32=9, u64=139633681760265}}], 1000, -1) = 1
98615 12:59:30.430834 recvfrom(8, "GET / HTTP/1.0\r\nUser-Agent: WebBench 1.5\r\nHost: 192.168.56.2\r\n\r\n", 2048, 0, NULL, NULL) = 64
98616 12:59:30.431393 recvfrom(9, "GET / HTTP/1.0\r\nUser-Agent: WebBench 1.5\r\nHost: 192.168.56.2\r\n\r\n", 2048, 0, NULL, NULL) = 64
98615 12:59:30.434867 writev(8, [{iov_base="HTTP/1.1 200 OK\r\nContent-Length: 27\r\n\r\n", iov_len=39}, {iov_base="Hello from Tom HTTP Server\n", iov_len=27}], 2) = 66
98616 12:59:30.435382 writev(9, [{iov_base="HTTP/1.1 200 OK\r\nContent-Length: 27\r\n\r\n", iov_len=39}, {iov_base="Hello from Tom HTTP Server\n", iov_len=27}], 2) = 66
98613 12:59:30.435767 <... epoll_wait resumed>[{EPOLLIN, {u32=3, u64=3}}], 1000, -1) = 1
98613 12:59:30.436088 sendto(5, "1\0", 2, 0, NULL, 0) = 2
98613 12:59:30.436874 epoll_wait(4,  <unfinished ...>
98615 12:59:30.437239 epoll_wait(5,  <unfinished ...>
98613 12:59:30.437581 <... epoll_wait resumed>[{EPOLLIN, {u32=3, u64=3}}], 1000, -1) = 1
98615 12:59:30.437909 <... epoll_wait resumed>[{EPOLLIN, {u32=4, u64=4}}], 1000, -1) = 1
98613 12:59:30.438256 sendto(6, "1\0", 2, 0, NULL, 0 <unfinished ...>
98616 12:59:30.438367 epoll_wait(6,  <unfinished ...>
98615 12:59:30.438728 recvfrom(4,  <unfinished ...>
98613 12:59:30.438950 <... sendto resumed>) = 2
98616 12:59:30.439473 <... epoll_wait resumed>[{EPOLLIN, {u32=4, u64=4}}], 1000, -1) = 1
98615 12:59:30.439611 <... recvfrom resumed>"1\0", 10, 0, NULL, NULL) = 2
98616 12:59:30.440770 recvfrom(4,  <unfinished ...>
98615 12:59:30.441246 accept(3,  <unfinished ...>
98616 12:59:30.441461 <... recvfrom resumed>"1\0", 10, 0, NULL, NULL) = 2
98615 12:59:30.441561 <... accept resumed>{sa_family=AF_INET, sin_port=htons(49416), sin_addr=inet_addr("192.168.56.2")}, [16]) = 8
98613 12:59:30.441641 epoll_wait(4,  <unfinished ...>
98616 12:59:30.441752 accept(3, {sa_family=AF_INET, sin_port=htons(49418), sin_addr=inet_addr("192.168.56.2")}, [16]) = 9
98615 12:59:30.442613 accept(3, 0x7fff3b7dc520, [16]) = -1 EAGAIN (Resource temporarily unavailable)
98616 12:59:30.442887 accept(3, 0x7fff3b7dc520, [16]) = -1 EAGAIN (Resource temporarily unavailable)
98615 12:59:30.443060 epoll_wait(5, [{EPOLLIN, {u32=8, u64=139633681760264}}], 1000, -1) = 1
98616 12:59:30.443530 epoll_wait(6, [{EPOLLIN, {u32=9, u64=139633681760265}}], 1000, -1) = 1
98615 12:59:30.443702 recvfrom(8, "GET / HTTP/1.0\r\nUser-Agent: WebBench 1.5\r\nHost: 192.168.56.2\r\n\r\n", 2048, 0, NULL, NULL) = 64
98616 12:59:30.445013 recvfrom(9, "GET / HTTP/1.0\r\nUser-Agent: WebBench 1.5\r\nHost: 192.168.56.2\r\n\r\n", 2048, 0, NULL, NULL) = 64
98615 12:59:30.447801 writev(8, [{iov_base="HTTP/1.1 200 OK\r\nContent-Length: 27\r\n\r\n", iov_len=39}, {iov_base="Hello from Tom HTTP Server\n", iov_len=27}], 2) = 66
98616 12:59:30.448149 writev(9, [{iov_base="HTTP/1.1 200 OK\r\nContent-Length: 27\r\n\r\n", iov_len=39}, {iov_base="Hello from Tom HTTP Server\n", iov_len=27}], 2) = 66
98613 12:59:30.448584 <... epoll_wait resumed>[{EPOLLIN, {u32=3, u64=3}}], 1000, -1) = 1
98613 12:59:30.449355 sendto(5, "1\0", 2, 0, NULL, 0) = 2
98613 12:59:30.450748 epoll_wait(4,  <unfinished ...>
98615 12:59:30.451982 epoll_wait(5,  <unfinished ...>
98613 12:59:30.452355 <... epoll_wait resumed>[{EPOLLIN, {u32=3, u64=3}}], 1000, -1) = 1
98615 12:59:30.452854 <... epoll_wait resumed>[{EPOLLIN, {u32=4, u64=4}}], 1000, -1) = 1
98613 12:59:30.453653 sendto(6, "1\0", 2, 0, NULL, 0 <unfinished ...>
98616 12:59:30.453958 epoll_wait(6,  <unfinished ...>
98615 12:59:30.454258 recvfrom(4,  <unfinished ...>
98613 12:59:30.454343 <... sendto resumed>) = 2
98616 12:59:30.454411 <... epoll_wait resumed>[{EPOLLIN, {u32=4, u64=4}}], 1000, -1) = 1
98615 12:59:30.454488 <... recvfrom resumed>"1\0", 10, 0, NULL, NULL) = 2
98616 12:59:30.454993 recvfrom(4,  <unfinished ...>
98615 12:59:30.456147 accept(3,  <unfinished ...>
98616 12:59:30.456344 <... recvfrom resumed>"1\0", 10, 0, NULL, NULL) = 2
98615 12:59:30.456439 <... accept resumed>{sa_family=AF_INET, sin_port=htons(49420), sin_addr=inet_addr("192.168.56.2")}, [16]) = 8
98613 12:59:30.456578 epoll_wait(4,  <unfinished ...>
98616 12:59:30.456993 accept(3, {sa_family=AF_INET, sin_port=htons(49422), sin_addr=inet_addr("192.168.56.2")}, [16]) = 9
98615 12:59:30.458976 accept(3, 0x7fff3b7dc520, [16]) = -1 EAGAIN (Resource temporarily unavailable)
98616 12:59:30.459769 accept(3, 0x7fff3b7dc520, [16]) = -1 EAGAIN (Resource temporarily unavailable)
98615 12:59:30.460439 epoll_wait(5, [{EPOLLIN, {u32=8, u64=139633681760264}}], 1000, -1) = 1
98616 12:59:30.462001 epoll_wait(6, [{EPOLLIN, {u32=9, u64=139633681760265}}], 1000, -1) = 1
98615 12:59:30.462228 recvfrom(8, "GET / HTTP/1.0\r\nUser-Agent: WebBench 1.5\r\nHost: 192.168.56.2\r\n\r\n", 2048, 0, NULL, NULL) = 64
98616 12:59:30.462710 recvfrom(9, "GET / HTTP/1.0\r\nUser-Agent: WebBench 1.5\r\nHost: 192.168.56.2\r\n\r\n", 2048, 0, NULL, NULL) = 64
98615 12:59:30.466582 writev(8, [{iov_base="HTTP/1.1 200 OK\r\nContent-Length: 27\r\n\r\n", iov_len=39}, {iov_base="Hello from Tom HTTP Server\n", iov_len=27}], 2) = 66
98616 12:59:30.467221 writev(9, [{iov_base="HTTP/1.1 200 OK\r\nContent-Length: 27\r\n\r\n", iov_len=39}, {iov_base="Hello from Tom HTTP Server\n", iov_len=27}], 2) = 66
98613 12:59:30.468245 <... epoll_wait resumed>[{EPOLLIN, {u32=3, u64=3}}], 1000, -1) = 1
98613 12:59:30.469515 sendto(5, "1\0", 2, 0, NULL, 0) = 2
98613 12:59:30.470513 epoll_wait(4,  <unfinished ...>
98615 12:59:30.470619 epoll_wait(5,  <unfinished ...>
98613 12:59:30.470907 <... epoll_wait resumed>[{EPOLLIN, {u32=3, u64=3}}], 1000, -1) = 1
98615 12:59:30.471464 <... epoll_wait resumed>[{EPOLLIN, {u32=4, u64=4}}], 1000, -1) = 1
98613 12:59:30.471720 sendto(6, "1\0", 2, 0, NULL, 0 <unfinished ...>
98616 12:59:30.472170 epoll_wait(6,  <unfinished ...>
98615 12:59:30.473320 recvfrom(4,  <unfinished ...>
98613 12:59:30.473445 <... sendto resumed>) = 2
98616 12:59:30.473524 <... epoll_wait resumed>[{EPOLLIN, {u32=4, u64=4}}], 1000, -1) = 1
98615 12:59:30.473902 <... recvfrom resumed>"1\0", 10, 0, NULL, NULL) = 2
98616 12:59:30.474387 recvfrom(4,  <unfinished ...>
98615 12:59:30.474677 accept(3,  <unfinished ...>
98616 12:59:30.474992 <... recvfrom resumed>"1\0", 10, 0, NULL, NULL) = 2
98615 12:59:30.475251 <... accept resumed>{sa_family=AF_INET, sin_port=htons(49424), sin_addr=inet_addr("192.168.56.2")}, [16]) = 8
98613 12:59:30.475759 epoll_wait(4,  <unfinished ...>
98616 12:59:30.476475 accept(3, {sa_family=AF_INET, sin_port=htons(49426), sin_addr=inet_addr("192.168.56.2")}, [16]) = 9
98615 12:59:30.478134 accept(3, 0x7fff3b7dc520, [16]) = -1 EAGAIN (Resource temporarily unavailable)
98616 12:59:30.478421 accept(3, 0x7fff3b7dc520, [16]) = -1 EAGAIN (Resource temporarily unavailable)
98615 12:59:30.478968 epoll_wait(5, [{EPOLLIN, {u32=8, u64=139633681760264}}], 1000, -1) = 1
98616 12:59:30.479384 epoll_wait(6, [{EPOLLIN, {u32=9, u64=139633681760265}}], 1000, -1) = 1
98615 12:59:30.480043 recvfrom(8, "GET / HTTP/1.0\r\nUser-Agent: WebBench 1.5\r\nHost: 192.168.56.2\r\n\r\n", 2048, 0, NULL, NULL) = 64
98616 12:59:30.481352 recvfrom(9, "GET / HTTP/1.0\r\nUser-Agent: WebBench 1.5\r\nHost: 192.168.56.2\r\n\r\n", 2048, 0, NULL, NULL) = 64
98615 12:59:30.483625 writev(8, [{iov_base="HTTP/1.1 200 OK\r\nContent-Length: 27\r\n\r\n", iov_len=39}, {iov_base="Hello from Tom HTTP Server\n", iov_len=27}], 2) = 66
98616 12:59:30.483990 writev(9, [{iov_base="HTTP/1.1 200 OK\r\nContent-Length: 27\r\n\r\n", iov_len=39}, {iov_base="Hello from Tom HTTP Server\n", iov_len=27}], 2) = 66
98613 12:59:30.484410 <... epoll_wait resumed>[{EPOLLIN, {u32=3, u64=3}}], 1000, -1) = 1
98613 12:59:30.484647 sendto(5, "1\0", 2, 0, NULL, 0) = 2
98613 12:59:30.486343 epoll_wait(4,  <unfinished ...>
98615 12:59:30.486478 epoll_wait(5,  <unfinished ...>
98613 12:59:30.486599 <... epoll_wait resumed>[{EPOLLIN, {u32=3, u64=3}}], 1000, -1) = 1
98615 12:59:30.486708 <... epoll_wait resumed>[{EPOLLIN, {u32=4, u64=4}}], 1000, -1) = 1
98613 12:59:30.486880 sendto(6, "1\0", 2, 0, NULL, 0 <unfinished ...>
98616 12:59:30.487153 epoll_wait(6,  <unfinished ...>
98615 12:59:30.487272 recvfrom(4,  <unfinished ...>
98613 12:59:30.487367 <... sendto resumed>) = 2
98616 12:59:30.487452 <... epoll_wait resumed>[{EPOLLIN, {u32=4, u64=4}}], 1000, -1) = 1
98615 12:59:30.487545 <... recvfrom resumed>"1\0", 10, 0, NULL, NULL) = 2
98616 12:59:30.487893 recvfrom(4,  <unfinished ...>
98615 12:59:30.488073 accept(3,  <unfinished ...>
98616 12:59:30.488498 <... recvfrom resumed>"1\0", 10, 0, NULL, NULL) = 2
98615 12:59:30.488667 <... accept resumed>{sa_family=AF_INET, sin_port=htons(49428), sin_addr=inet_addr("192.168.56.2")}, [16]) = 8
98613 12:59:30.488841 epoll_wait(4,  <unfinished ...>
98616 12:59:30.489646 accept(3, {sa_family=AF_INET, sin_port=htons(49430), sin_addr=inet_addr("192.168.56.2")}, [16]) = 9
98615 12:59:30.491526 accept(3, 0x7fff3b7dc520, [16]) = -1 EAGAIN (Resource temporarily unavailable)
98616 12:59:30.491833 accept(3, 0x7fff3b7dc520, [16]) = -1 EAGAIN (Resource temporarily unavailable)
98615 12:59:30.492241 epoll_wait(5, [{EPOLLIN, {u32=8, u64=139633681760264}}], 1000, -1) = 1
98616 12:59:30.492471 epoll_wait(6, [{EPOLLIN, {u32=9, u64=139633681760265}}], 1000, -1) = 1
98615 12:59:30.492636 recvfrom(8, "GET / HTTP/1.0\r\nUser-Agent: WebBench 1.5\r\nHost: 192.168.56.2\r\n\r\n", 2048, 0, NULL, NULL) = 64
98616 12:59:30.493344 recvfrom(9, "GET / HTTP/1.0\r\nUser-Agent: WebBench 1.5\r\nHost: 192.168.56.2\r\n\r\n", 2048, 0, NULL, NULL) = 64
98615 12:59:30.496509 writev(8, [{iov_base="HTTP/1.1 200 OK\r\nContent-Length: 27\r\n\r\n", iov_len=39}, {iov_base="Hello from Tom HTTP Server\n", iov_len=27}], 2) = 66
98616 12:59:30.496895 writev(9, [{iov_base="HTTP/1.1 200 OK\r\nContent-Length: 27\r\n\r\n", iov_len=39}, {iov_base="Hello from Tom HTTP Server\n", iov_len=27}], 2) = 66
98613 12:59:30.497359 <... epoll_wait resumed>[{EPOLLIN, {u32=3, u64=3}}], 1000, -1) = 1
98613 12:59:30.497686 sendto(5, "1\0", 2, 0, NULL, 0) = 2
98613 12:59:30.498576 epoll_wait(4,  <unfinished ...>
98615 12:59:30.499314 epoll_wait(5,  <unfinished ...>
98613 12:59:30.499500 <... epoll_wait resumed>[{EPOLLIN, {u32=3, u64=3}}], 1000, -1) = 1
98615 12:59:30.500192 <... epoll_wait resumed>[{EPOLLIN, {u32=4, u64=4}}], 1000, -1) = 1
98613 12:59:30.500515 sendto(6, "1\0", 2, 0, NULL, 0 <unfinished ...>
98616 12:59:30.500668 epoll_wait(6,  <unfinished ...>
98615 12:59:30.500744 recvfrom(4,  <unfinished ...>
98613 12:59:30.500815 <... sendto resumed>) = 2
98616 12:59:30.501319 <... epoll_wait resumed>[{EPOLLIN, {u32=4, u64=4}}], 1000, -1) = 1
98615 12:59:30.501444 <... recvfrom resumed>"1\0", 10, 0, NULL, NULL) = 2
98616 12:59:30.501718 recvfrom(4,  <unfinished ...>
98615 12:59:30.501936 accept(3,  <unfinished ...>
98616 12:59:30.502025 <... recvfrom resumed>"1\0", 10, 0, NULL, NULL) = 2
98615 12:59:30.502101 <... accept resumed>{sa_family=AF_INET, sin_port=htons(49432), sin_addr=inet_addr("192.168.56.2")}, [16]) = 8
98613 12:59:30.502489 epoll_wait(4,  <unfinished ...>
98616 12:59:30.504004 accept(3, {sa_family=AF_INET, sin_port=htons(49434), sin_addr=inet_addr("192.168.56.2")}, [16]) = 9
98615 12:59:30.504567 accept(3, 0x7fff3b7dc520, [16]) = -1 EAGAIN (Resource temporarily unavailable)
98616 12:59:30.505288 accept(3, 0x7fff3b7dc520, [16]) = -1 EAGAIN (Resource temporarily unavailable)
98615 12:59:30.505551 epoll_wait(5, [{EPOLLIN, {u32=8, u64=139633681760264}}], 1000, -1) = 1
98616 12:59:30.505920 epoll_wait(6, [{EPOLLIN, {u32=9, u64=139633681760265}}], 1000, -1) = 1
98615 12:59:30.506314 recvfrom(8, "GET / HTTP/1.0\r\nUser-Agent: WebBench 1.5\r\nHost: 192.168.56.2\r\n\r\n", 2048, 0, NULL, NULL) = 64
98616 12:59:30.507196 recvfrom(9, "GET / HTTP/1.0\r\nUser-Agent: WebBench 1.5\r\nHost: 192.168.56.2\r\n\r\n", 2048, 0, NULL, NULL) = 64
98615 12:59:30.510032 writev(8, [{iov_base="HTTP/1.1 200 OK\r\nContent-Length: 27\r\n\r\n", iov_len=39}, {iov_base="Hello from Tom HTTP Server\n", iov_len=27}], 2) = 66
98616 12:59:30.510325 writev(9, [{iov_base="HTTP/1.1 200 OK\r\nContent-Length: 27\r\n\r\n", iov_len=39}, {iov_base="Hello from Tom HTTP Server\n", iov_len=27}], 2) = 66
98613 12:59:30.511026 <... epoll_wait resumed>[{EPOLLIN, {u32=3, u64=3}}], 1000, -1) = 1
98613 12:59:30.511346 sendto(5, "1\0", 2, 0, NULL, 0) = 2
98613 12:59:30.513054 epoll_wait(4,  <unfinished ...>
98615 12:59:30.513188 epoll_wait(5,  <unfinished ...>
98613 12:59:30.513257 <... epoll_wait resumed>[{EPOLLIN, {u32=3, u64=3}}], 1000, -1) = 1
98615 12:59:30.513863 <... epoll_wait resumed>[{EPOLLIN, {u32=4, u64=4}}], 1000, -1) = 1
98613 12:59:30.514080 sendto(6, "1\0", 2, 0, NULL, 0 <unfinished ...>
98616 12:59:30.514204 epoll_wait(6,  <unfinished ...>
98615 12:59:30.514282 recvfrom(4,  <unfinished ...>
98613 12:59:30.514349 <... sendto resumed>) = 2
98616 12:59:30.514546 <... epoll_wait resumed>[{EPOLLIN, {u32=4, u64=4}}], 1000, -1) = 1
98615 12:59:30.514662 <... recvfrom resumed>"1\0", 10, 0, NULL, NULL) = 2
98616 12:59:30.514895 recvfrom(4,  <unfinished ...>
98615 12:59:30.514963 accept(3,  <unfinished ...>
98616 12:59:30.515105 <... recvfrom resumed>"1\0", 10, 0, NULL, NULL) = 2
98615 12:59:30.515253 <... accept resumed>{sa_family=AF_INET, sin_port=htons(49436), sin_addr=inet_addr("192.168.56.2")}, [16]) = 8
98613 12:59:30.515409 epoll_wait(4,  <unfinished ...>
98616 12:59:30.515775 accept(3, {sa_family=AF_INET, sin_port=htons(49438), sin_addr=inet_addr("192.168.56.2")}, [16]) = 9
98615 12:59:30.517268 accept(3, 0x7fff3b7dc520, [16]) = -1 EAGAIN (Resource temporarily unavailable)
98616 12:59:30.518715 accept(3, 0x7fff3b7dc520, [16]) = -1 EAGAIN (Resource temporarily unavailable)
98615 12:59:30.518922 epoll_wait(5, [{EPOLLIN, {u32=8, u64=139633681760264}}], 1000, -1) = 1
98616 12:59:30.519100 epoll_wait(6, [{EPOLLIN, {u32=9, u64=139633681760265}}], 1000, -1) = 1
98615 12:59:30.519308 recvfrom(8, "GET / HTTP/1.0\r\nUser-Agent: WebBench 1.5\r\nHost: 192.168.56.2\r\n\r\n", 2048, 0, NULL, NULL) = 64
98616 12:59:30.520113 recvfrom(9, "GET / HTTP/1.0\r\nUser-Agent: WebBench 1.5\r\nHost: 192.168.56.2\r\n\r\n", 2048, 0, NULL, NULL) = 64
98615 12:59:30.523584 writev(8, [{iov_base="HTTP/1.1 200 OK\r\nContent-Length: 27\r\n\r\n", iov_len=39}, {iov_base="Hello from Tom HTTP Server\n", iov_len=27}], 2) = 66
98616 12:59:30.524202 writev(9, [{iov_base="HTTP/1.1 200 OK\r\nContent-Length: 27\r\n\r\n", iov_len=39}, {iov_base="Hello from Tom HTTP Server\n", iov_len=27}], 2) = 66
98613 12:59:30.525447 <... epoll_wait resumed>[{EPOLLIN, {u32=3, u64=3}}], 1000, -1) = 1
98613 12:59:30.525947 sendto(5, "1\0", 2, 0, NULL, 0) = 2
98613 12:59:30.526952 epoll_wait(4,  <unfinished ...>
98615 12:59:30.527313 epoll_wait(5,  <unfinished ...>
98613 12:59:30.527470 <... epoll_wait resumed>[{EPOLLIN, {u32=3, u64=3}}], 1000, -1) = 1
98615 12:59:30.527594 <... epoll_wait resumed>[{EPOLLIN, {u32=4, u64=4}}], 1000, -1) = 1
98613 12:59:30.527753 sendto(6, "1\0", 2, 0, NULL, 0 <unfinished ...>
98616 12:59:30.527882 epoll_wait(6,  <unfinished ...>
98615 12:59:30.528150 recvfrom(4,  <unfinished ...>
98613 12:59:30.528629 <... sendto resumed>) = 2
98616 12:59:30.528848 <... epoll_wait resumed>[{EPOLLIN, {u32=4, u64=4}}], 1000, -1) = 1
98615 12:59:30.529056 <... recvfrom resumed>"1\0", 10, 0, NULL, NULL) = 2
98616 12:59:30.529965 recvfrom(4,  <unfinished ...>
98615 12:59:30.530118 accept(3,  <unfinished ...>
98616 12:59:30.530544 <... recvfrom resumed>"1\0", 10, 0, NULL, NULL) = 2
98615 12:59:30.530741 <... accept resumed>{sa_family=AF_INET, sin_port=htons(49440), sin_addr=inet_addr("192.168.56.2")}, [16]) = 8
98613 12:59:30.531242 epoll_wait(4,  <unfinished ...>
98616 12:59:30.531379 accept(3, {sa_family=AF_INET, sin_port=htons(49442), sin_addr=inet_addr("192.168.56.2")}, [16]) = 9
98615 12:59:30.531990 accept(3, 0x7fff3b7dc520, [16]) = -1 EAGAIN (Resource temporarily unavailable)
98616 12:59:30.532689 accept(3, 0x7fff3b7dc520, [16]) = -1 EAGAIN (Resource temporarily unavailable)
98615 12:59:30.533755 epoll_wait(5, [{EPOLLIN, {u32=8, u64=139633681760264}}], 1000, -1) = 1
98616 12:59:30.534135 epoll_wait(6, [{EPOLLIN, {u32=9, u64=139633681760265}}], 1000, -1) = 1
98615 12:59:30.534915 recvfrom(8, "GET / HTTP/1.0\r\nUser-Agent: WebBench 1.5\r\nHost: 192.168.56.2\r\n\r\n", 2048, 0, NULL, NULL) = 64
98616 12:59:30.535453 recvfrom(9, "GET / HTTP/1.0\r\nUser-Agent: WebBench 1.5\r\nHost: 192.168.56.2\r\n\r\n", 2048, 0, NULL, NULL) = 64
98615 12:59:30.540583 writev(8, [{iov_base="HTTP/1.1 200 OK\r\nContent-Length: 27\r\n\r\n", iov_len=39}, {iov_base="Hello from Tom HTTP Server\n", iov_len=27}], 2) = 66
98616 12:59:30.540990 writev(9, [{iov_base="HTTP/1.1 200 OK\r\nContent-Length: 27\r\n\r\n", iov_len=39}, {iov_base="Hello from Tom HTTP Server\n", iov_len=27}], 2) = 66
98613 12:59:30.542052 <... epoll_wait resumed>[{EPOLLIN, {u32=3, u64=3}}], 1000, -1) = 1
98613 12:59:30.542577 sendto(5, "1\0", 2, 0, NULL, 0) = 2
98613 12:59:30.543489 epoll_wait(4,  <unfinished ...>
98615 12:59:30.543791 epoll_wait(5,  <unfinished ...>
98613 12:59:30.544066 <... epoll_wait resumed>[{EPOLLIN, {u32=3, u64=3}}], 1000, -1) = 1
98615 12:59:30.544392 <... epoll_wait resumed>[{EPOLLIN, {u32=4, u64=4}}], 1000, -1) = 1
98613 12:59:30.545098 sendto(6, "1\0", 2, 0, NULL, 0 <unfinished ...>
98616 12:59:30.545294 epoll_wait(6,  <unfinished ...>
98615 12:59:30.545822 recvfrom(4,  <unfinished ...>
98613 12:59:30.548929 <... sendto resumed>) = 2
98616 12:59:30.549065 <... epoll_wait resumed>[{EPOLLIN, {u32=4, u64=4}}], 1000, -1) = 1
98615 12:59:30.549302 <... recvfrom resumed>"1\0", 10, 0, NULL, NULL) = 2
98616 12:59:30.550187 recvfrom(4,  <unfinished ...>
98615 12:59:30.550306 accept(3,  <unfinished ...>
98616 12:59:30.550400 <... recvfrom resumed>"1\0", 10, 0, NULL, NULL) = 2
98615 12:59:30.550486 <... accept resumed>{sa_family=AF_INET, sin_port=htons(49444), sin_addr=inet_addr("192.168.56.2")}, [16]) = 8
98613 12:59:30.550564 epoll_wait(4,  <unfinished ...>
98616 12:59:30.550691 accept(3, {sa_family=AF_INET, sin_port=htons(49446), sin_addr=inet_addr("192.168.56.2")}, [16]) = 9
98615 12:59:30.551475 accept(3, 0x7fff3b7dc520, [16]) = -1 EAGAIN (Resource temporarily unavailable)
98616 12:59:30.552180 accept(3, 0x7fff3b7dc520, [16]) = -1 EAGAIN (Resource temporarily unavailable)
98615 12:59:30.552570 epoll_wait(5, [{EPOLLIN, {u32=8, u64=139633681760264}}], 1000, -1) = 1
98616 12:59:30.553390 epoll_wait(6, [{EPOLLIN, {u32=9, u64=139633681760265}}], 1000, -1) = 1
98615 12:59:30.553670 recvfrom(8, "GET / HTTP/1.0\r\nUser-Agent: WebBench 1.5\r\nHost: 192.168.56.2\r\n\r\n", 2048, 0, NULL, NULL) = 64
98616 12:59:30.554075 recvfrom(9, "GET / HTTP/1.0\r\nUser-Agent: WebBench 1.5\r\nHost: 192.168.56.2\r\n\r\n", 2048, 0, NULL, NULL) = 64
98615 12:59:30.558026 writev(8, [{iov_base="HTTP/1.1 200 OK\r\nContent-Length: 27\r\n\r\n", iov_len=39}, {iov_base="Hello from Tom HTTP Server\n", iov_len=27}], 2) = 66
98616 12:59:30.558325 writev(9, [{iov_base="HTTP/1.1 200 OK\r\nContent-Length: 27\r\n\r\n", iov_len=39}, {iov_base="Hello from Tom HTTP Server\n", iov_len=27}], 2) = 66
98613 12:59:30.559936 <... epoll_wait resumed>[{EPOLLIN, {u32=3, u64=3}}], 1000, -1) = 1
98613 12:59:30.560817 sendto(5, "1\0", 2, 0, NULL, 0) = 2
98613 12:59:30.561704 epoll_wait(4,  <unfinished ...>
98615 12:59:30.561834 epoll_wait(5,  <unfinished ...>
98613 12:59:30.561900 <... epoll_wait resumed>[{EPOLLIN, {u32=3, u64=3}}], 1000, -1) = 1
98615 12:59:30.561982 <... epoll_wait resumed>[{EPOLLIN, {u32=4, u64=4}}], 1000, -1) = 1
98613 12:59:30.562112 sendto(6, "1\0", 2, 0, NULL, 0 <unfinished ...>
98616 12:59:30.562195 epoll_wait(6,  <unfinished ...>
98615 12:59:30.562255 recvfrom(4,  <unfinished ...>
98613 12:59:30.562320 <... sendto resumed>) = 2
98616 12:59:30.562416 <... epoll_wait resumed>[{EPOLLIN, {u32=4, u64=4}}], 1000, -1) = 1
98615 12:59:30.563260 <... recvfrom resumed>"1\0", 10, 0, NULL, NULL) = 2
98616 12:59:30.563967 recvfrom(4,  <unfinished ...>
98615 12:59:30.564048 accept(3,  <unfinished ...>
98616 12:59:30.564135 <... recvfrom resumed>"1\0", 10, 0, NULL, NULL) = 2
98615 12:59:30.564214 <... accept resumed>{sa_family=AF_INET, sin_port=htons(49448), sin_addr=inet_addr("192.168.56.2")}, [16]) = 8
98613 12:59:30.564289 epoll_wait(4,  <unfinished ...>
98616 12:59:30.564416 accept(3, {sa_family=AF_INET, sin_port=htons(49450), sin_addr=inet_addr("192.168.56.2")}, [16]) = 9
98615 12:59:30.564922 accept(3, 0x7fff3b7dc520, [16]) = -1 EAGAIN (Resource temporarily unavailable)
98616 12:59:30.565113 accept(3, 0x7fff3b7dc520, [16]) = -1 EAGAIN (Resource temporarily unavailable)
98615 12:59:30.565427 epoll_wait(5, [{EPOLLIN, {u32=8, u64=139633681760264}}], 1000, -1) = 1
98616 12:59:30.566598 epoll_wait(6, [{EPOLLIN, {u32=9, u64=139633681760265}}], 1000, -1) = 1
98615 12:59:30.570974 recvfrom(8, "GET / HTTP/1.0\r\nUser-Agent: WebBench 1.5\r\nHost: 192.168.56.2\r\n\r\n", 2048, 0, NULL, NULL) = 64
98616 12:59:30.571493 recvfrom(9, "GET / HTTP/1.0\r\nUser-Agent: WebBench 1.5\r\nHost: 192.168.56.2\r\n\r\n", 2048, 0, NULL, NULL) = 64
98615 12:59:30.573640 writev(8, [{iov_base="HTTP/1.1 200 OK\r\nContent-Length: 27\r\n\r\n", iov_len=39}, {iov_base="Hello from Tom HTTP Server\n", iov_len=27}], 2) = 66
98616 12:59:30.573887 writev(9, [{iov_base="HTTP/1.1 200 OK\r\nContent-Length: 27\r\n\r\n", iov_len=39}, {iov_base="Hello from Tom HTTP Server\n", iov_len=27}], 2) = 66
98613 12:59:30.574205 <... epoll_wait resumed>[{EPOLLIN, {u32=3, u64=3}}], 1000, -1) = 1
98613 12:59:30.574358 sendto(5, "1\0", 2, 0, NULL, 0) = 2
98613 12:59:30.575277 epoll_wait(4,  <unfinished ...>
98615 12:59:30.575538 epoll_wait(5,  <unfinished ...>
98613 12:59:30.575854 <... epoll_wait resumed>[{EPOLLIN, {u32=3, u64=3}}], 1000, -1) = 1
98615 12:59:30.576474 <... epoll_wait resumed>[{EPOLLIN, {u32=4, u64=4}}], 1000, -1) = 1
98613 12:59:30.579771 sendto(6, "1\0", 2, 0, NULL, 0 <unfinished ...>
98616 12:59:30.580281 epoll_wait(6,  <unfinished ...>
98615 12:59:30.580391 recvfrom(4,  <unfinished ...>
98613 12:59:30.580482 <... sendto resumed>) = 2
98616 12:59:30.580566 <... epoll_wait resumed>[{EPOLLIN, {u32=4, u64=4}}], 1000, -1) = 1
98615 12:59:30.580656 <... recvfrom resumed>"1\0", 10, 0, NULL, NULL) = 2
98616 12:59:30.581082 recvfrom(4,  <unfinished ...>
98615 12:59:30.581256 accept(3,  <unfinished ...>
98616 12:59:30.581771 <... recvfrom resumed>"1\0", 10, 0, NULL, NULL) = 2
98615 12:59:30.581888 <... accept resumed>{sa_family=AF_INET, sin_port=htons(49452), sin_addr=inet_addr("192.168.56.2")}, [16]) = 8
98613 12:59:30.582039 epoll_wait(4,  <unfinished ...>
98616 12:59:30.582191 accept(3, {sa_family=AF_INET, sin_port=htons(49454), sin_addr=inet_addr("192.168.56.2")}, [16]) = 9
98615 12:59:30.582824 accept(3, 0x7fff3b7dc520, [16]) = -1 EAGAIN (Resource temporarily unavailable)
98616 12:59:30.583245 accept(3, 0x7fff3b7dc520, [16]) = -1 EAGAIN (Resource temporarily unavailable)
98615 12:59:30.583677 epoll_wait(5, [{EPOLLIN, {u32=8, u64=139633681760264}}], 1000, -1) = 1
98616 12:59:30.584120 epoll_wait(6, [{EPOLLIN, {u32=9, u64=139633681760265}}], 1000, -1) = 1
98615 12:59:30.585282 recvfrom(8, "GET / HTTP/1.0\r\nUser-Agent: WebBench 1.5\r\nHost: 192.168.56.2\r\n\r\n", 2048, 0, NULL, NULL) = 64
98616 12:59:30.585672 recvfrom(9, "GET / HTTP/1.0\r\nUser-Agent: WebBench 1.5\r\nHost: 192.168.56.2\r\n\r\n", 2048, 0, NULL, NULL) = 64
98615 12:59:30.589938 writev(8, [{iov_base="HTTP/1.1 200 OK\r\nContent-Length: 27\r\n\r\n", iov_len=39}, {iov_base="Hello from Tom HTTP Server\n", iov_len=27}], 2) = 66
98616 12:59:30.590239 writev(9, [{iov_base="HTTP/1.1 200 OK\r\nContent-Length: 27\r\n\r\n", iov_len=39}, {iov_base="Hello from Tom HTTP Server\n", iov_len=27}], 2) = 66
98613 12:59:30.590527 <... epoll_wait resumed>[{EPOLLIN, {u32=3, u64=3}}], 1000, -1) = 1
98613 12:59:30.591523 sendto(5, "1\0", 2, 0, NULL, 0) = 2
98613 12:59:30.592402 epoll_wait(4,  <unfinished ...>
98615 12:59:30.592495 epoll_wait(5,  <unfinished ...>
98613 12:59:30.592562 <... epoll_wait resumed>[{EPOLLIN, {u32=3, u64=3}}], 1000, -1) = 1
98615 12:59:30.593085 <... epoll_wait resumed>[{EPOLLIN, {u32=4, u64=4}}], 1000, -1) = 1
98613 12:59:30.594416 sendto(6, "1\0", 2, 0, NULL, 0 <unfinished ...>
98616 12:59:30.594541 epoll_wait(6,  <unfinished ...>
98615 12:59:30.594702 recvfrom(4,  <unfinished ...>
98613 12:59:30.595080 <... sendto resumed>) = 2
98616 12:59:30.595701 <... epoll_wait resumed>[{EPOLLIN, {u32=4, u64=4}}], 1000, -1) = 1
98615 12:59:30.596876 <... recvfrom resumed>"1\0", 10, 0, NULL, NULL) = 2
98616 12:59:30.597342 recvfrom(4,  <unfinished ...>
98615 12:59:30.597681 accept(3,  <unfinished ...>
98616 12:59:30.598104 <... recvfrom resumed>"1\0", 10, 0, NULL, NULL) = 2
98615 12:59:30.598201 <... accept resumed>{sa_family=AF_INET, sin_port=htons(49456), sin_addr=inet_addr("192.168.56.2")}, [16]) = 8
98613 12:59:30.598292 epoll_wait(4,  <unfinished ...>
98616 12:59:30.598658 accept(3, {sa_family=AF_INET, sin_port=htons(49458), sin_addr=inet_addr("192.168.56.2")}, [16]) = 9
98615 12:59:30.599525 accept(3, 0x7fff3b7dc520, [16]) = -1 EAGAIN (Resource temporarily unavailable)
98616 12:59:30.600788 accept(3, 0x7fff3b7dc520, [16]) = -1 EAGAIN (Resource temporarily unavailable)
98615 12:59:30.601022 epoll_wait(5, [{EPOLLIN, {u32=8, u64=139633681760264}}], 1000, -1) = 1
98616 12:59:30.605412 epoll_wait(6, [{EPOLLIN, {u32=9, u64=139633681760265}}], 1000, -1) = 1
98615 12:59:30.606048 recvfrom(8, "GET / HTTP/1.0\r\nUser-Agent: WebBench 1.5\r\nHost: 192.168.56.2\r\n\r\n", 2048, 0, NULL, NULL) = 64
98616 12:59:30.606254 recvfrom(9, "GET / HTTP/1.0\r\nUser-Agent: WebBench 1.5\r\nHost: 192.168.56.2\r\n\r\n", 2048, 0, NULL, NULL) = 64
98615 12:59:30.608868 writev(8, [{iov_base="HTTP/1.1 200 OK\r\nContent-Length: 27\r\n\r\n", iov_len=39}, {iov_base="Hello from Tom HTTP Server\n", iov_len=27}], 2) = 66
98616 12:59:30.609789 writev(9, [{iov_base="HTTP/1.1 200 OK\r\nContent-Length: 27\r\n\r\n", iov_len=39}, {iov_base="Hello from Tom HTTP Server\n", iov_len=27}], 2) = 66
98613 12:59:30.610259 <... epoll_wait resumed>[{EPOLLIN, {u32=3, u64=3}}], 1000, -1) = 1
98613 12:59:30.610421 sendto(5, "1\0", 2, 0, NULL, 0) = 2
98613 12:59:30.612161 epoll_wait(4,  <unfinished ...>
98615 12:59:30.612324 epoll_wait(5,  <unfinished ...>
98613 12:59:30.612645 <... epoll_wait resumed>[{EPOLLIN, {u32=3, u64=3}}], 1000, -1) = 1
98615 12:59:30.613014 <... epoll_wait resumed>[{EPOLLIN, {u32=4, u64=4}}], 1000, -1) = 1
98613 12:59:30.613634 sendto(6, "1\0", 2, 0, NULL, 0 <unfinished ...>
98616 12:59:30.613898 epoll_wait(6,  <unfinished ...>
98615 12:59:30.613974 recvfrom(4,  <unfinished ...>
98613 12:59:30.614041 <... sendto resumed>) = 2
98616 12:59:30.614441 <... epoll_wait resumed>[{EPOLLIN, {u32=4, u64=4}}], 1000, -1) = 1
98615 12:59:30.614625 <... recvfrom resumed>"1\0", 10, 0, NULL, NULL) = 2
98616 12:59:30.615219 recvfrom(4,  <unfinished ...>
98615 12:59:30.615754 accept(3,  <unfinished ...>
98616 12:59:30.615859 <... recvfrom resumed>"1\0", 10, 0, NULL, NULL) = 2
98615 12:59:30.616255 <... accept resumed>{sa_family=AF_INET, sin_port=htons(49460), sin_addr=inet_addr("192.168.56.2")}, [16]) = 8
98613 12:59:30.616379 epoll_wait(4,  <unfinished ...>
98616 12:59:30.616541 accept(3, {sa_family=AF_INET, sin_port=htons(49462), sin_addr=inet_addr("192.168.56.2")}, [16]) = 9
98615 12:59:30.618052 accept(3, 0x7fff3b7dc520, [16]) = -1 EAGAIN (Resource temporarily unavailable)
98616 12:59:30.620046 accept(3, 0x7fff3b7dc520, [16]) = -1 EAGAIN (Resource temporarily unavailable)
98615 12:59:30.620365 epoll_wait(5, [{EPOLLIN, {u32=8, u64=139633681760264}}], 1000, -1) = 1
98616 12:59:30.620556 epoll_wait(6, [{EPOLLIN, {u32=9, u64=139633681760265}}], 1000, -1) = 1
98615 12:59:30.620803 recvfrom(8, "GET / HTTP/1.0\r\nUser-Agent: WebBench 1.5\r\nHost: 192.168.56.2\r\n\r\n", 2048, 0, NULL, NULL) = 64
98616 12:59:30.621699 recvfrom(9, "GET / HTTP/1.0\r\nUser-Agent: WebBench 1.5\r\nHost: 192.168.56.2\r\n\r\n", 2048, 0, NULL, NULL) = 64
98615 12:59:30.626008 writev(8, [{iov_base="HTTP/1.1 200 OK\r\nContent-Length: 27\r\n\r\n", iov_len=39}, {iov_base="Hello from Tom HTTP Server\n", iov_len=27}], 2) = 66
98616 12:59:30.626781 writev(9, [{iov_base="HTTP/1.1 200 OK\r\nContent-Length: 27\r\n\r\n", iov_len=39}, {iov_base="Hello from Tom HTTP Server\n", iov_len=27}], 2) = 66
98613 12:59:30.627923 <... epoll_wait resumed>[{EPOLLIN, {u32=3, u64=3}}], 1000, -1) = 1
