98613 12:58:50.296812 socket(AF_INET, SOCK_STREAM, IPPROTO_IP) = 3
98613 12:58:50.297297 bind(3, {sa_family=AF_INET, sin_port=htons(11111), sin_addr=inet_addr("192.168.56.2")}, 16) = 0
98613 12:58:50.299555 listen(3, 5)      = 0
98613 12:58:50.302586 socketpair(AF_UNIX, SOCK_STREAM, 0, [4, 5]) = 0
98613 12:58:50.303306 socketpair(AF_UNIX, SOCK_STREAM, 0, [4, 6]) = 0
98613 12:58:50.303837 socketpair(AF_UNIX, SOCK_STREAM, 0, [7, 8]) = 0
98613 12:58:50.305576 epoll_wait(4,  <unfinished ...>
98616 12:58:50.307187 socketpair(AF_UNIX, SOCK_STREAM, 0, [7, 8]) = 0
98615 12:58:50.308892 socketpair(AF_UNIX, SOCK_STREAM, 0, [6, 7]) = 0
98615 12:58:50.445326 epoll_wait(5,  <unfinished ...>
98616 12:58:50.450793 epoll_wait(6,  <unfinished ...>
98613 12:58:54.308394 <... epoll_wait resumed>0x7fff3b7dc560, 1000, -1) = -1 EINTR (Interrupted system call)
98616 12:58:54.309002 <... epoll_wait resumed>0x7fff3b7dc530, 1000, -1) = -1 EINTR (Interrupted system call)
98615 12:58:54.309073 <... epoll_wait resumed>0x7fff3b7dc530, 1000, -1) = -1 EINTR (Interrupted system call)
98613 12:58:54.309378 --- SIGWINCH {si_signo=SIGWINCH, si_code=SI_KERNEL} ---
98616 12:58:54.309435 --- SIGWINCH {si_signo=SIGWINCH, si_code=SI_KERNEL} ---
98615 12:58:54.309503 --- SIGWINCH {si_signo=SIGWINCH, si_code=SI_KERNEL} ---
98613 12:58:54.311831 epoll_wait(4,  <unfinished ...>
98616 12:58:54.311914 epoll_wait(6,  <unfinished ...>
98615 12:58:54.311934 epoll_wait(5,  <unfinished ...>
98613 12:59:25.726328 <... epoll_wait resumed>[{EPOLLIN, {u32=3, u64=3}}], 1000, -1) = 1
98613 12:59:25.726629 sendto(5, "1\0", 2, 0, NULL, 0) = 2
98615 12:59:25.726844 <... epoll_wait resumed>[{EPOLLIN, {u32=4, u64=4}}], 1000, -1) = 1
98615 12:59:25.727055 recvfrom(4, "1\0", 10, 0, NULL, NULL) = 2
98613 12:59:25.727339 epoll_wait(4,  <unfinished ...>
98615 12:59:25.727626 accept(3, {sa_family=AF_INET, sin_port=htons(48584), sin_addr=inet_addr("192.168.56.2")}, [16]) = 8
98615 12:59:25.728356 accept(3, 0x7fff3b7dc520, [16]) = -1 EAGAIN (Resource temporarily unavailable)
98615 12:59:25.729072 epoll_wait(5, [{EPOLLIN, {u32=8, u64=139633681760264}}], 1000, -1) = 1
98615 12:59:25.730066 recvfrom(8, "", 2048, 0, NULL, NULL) = 0
98615 12:59:25.730784 epoll_wait(5,  <unfinished ...>
98613 12:59:26.732360 <... epoll_wait resumed>[{EPOLLIN, {u32=3, u64=3}}], 1000, -1) = 1
98613 12:59:26.732618 sendto(6, "1\0", 2, 0, NULL, 0) = 2
98616 12:59:26.732847 <... epoll_wait resumed>[{EPOLLIN, {u32=4, u64=4}}], 1000, -1) = 1
98616 12:59:26.733021 recvfrom(4, "1\0", 10, 0, NULL, NULL) = 2
98613 12:59:26.733252 epoll_wait(4,  <unfinished ...>
98616 12:59:26.733371 accept(3, {sa_family=AF_INET, sin_port=htons(48586), sin_addr=inet_addr("192.168.56.2")}, [16]) = 9
98616 12:59:26.733856 accept(3, {sa_family=AF_INET, sin_port=htons(48588), sin_addr=inet_addr("192.168.56.2")}, [16]) = 10
98616 12:59:26.734307 accept(3, 0x7fff3b7dc520, [16]) = -1 EAGAIN (Resource temporarily unavailable)
98616 12:59:26.734582 epoll_wait(6, [{EPOLLIN, {u32=9, u64=139633681760265}}, {EPOLLIN, {u32=10, u64=139633681760266}}], 1000, -1) = 2
98616 12:59:26.734829 recvfrom(9, "GET / HTTP/1.0\r\nUser-Agent: WebBench 1.5\r\nHost: 192.168.56.2\r\n\r\n", 2048, 0, NULL, NULL) = 64
98616 12:59:26.735810 writev(9, [{iov_base="HTTP/1.1 200 OK\r\nContent-Length: 27\r\n\r\n", iov_len=39}, {iov_base="Hello from Tom HTTP Server\n", iov_len=27}], 2) = 66
98613 12:59:26.736322 <... epoll_wait resumed>[{EPOLLIN, {u32=3, u64=3}}], 1000, -1) = 1
98613 12:59:26.736509 sendto(5, "1\0", 2, 0, NULL, 0) = 2
98615 12:59:26.736810 <... epoll_wait resumed>[{EPOLLIN, {u32=4, u64=4}}], 1000, -1) = 1
98615 12:59:26.737041 recvfrom(4, "1\0", 10, 0, NULL, NULL) = 2
98613 12:59:26.737363 epoll_wait(4,  <unfinished ...>
98616 12:59:26.737710 recvfrom(10,  <unfinished ...>
98615 12:59:26.737797 accept(3,  <unfinished ...>
98616 12:59:26.737879 <... recvfrom resumed>"GET / HTTP/1.0\r\nUser-Agent: WebBench 1.5\r\nHost: 192.168.56.2\r\n\r\n", 2048, 0, NULL, NULL) = 64
98615 12:59:26.737967 <... accept resumed>{sa_family=AF_INET, sin_port=htons(48590), sin_addr=inet_addr("192.168.56.2")}, [16]) = 8
98615 12:59:26.738570 accept(3, 0x7fff3b7dc520, [16]) = -1 EAGAIN (Resource temporarily unavailable)
98615 12:59:26.738887 epoll_wait(5, [{EPOLLIN, {u32=8, u64=139633681760264}}], 1000, -1) = 1
98615 12:59:26.739121 recvfrom(8, "GET / HTTP/1.0\r\nUser-Agent: WebBench 1.5\r\nHost: 192.168.56.2\r\n\r\n", 2048, 0, NULL, NULL) = 64
98616 12:59:26.739696 writev(10, [{iov_base="HTTP/1.1 200 OK\r\nContent-Length: 27\r\n\r\n", iov_len=39}, {iov_base="Hello from Tom HTTP Server\n", iov_len=27}], 2) = 66
98613 12:59:26.740212 <... epoll_wait resumed>[{EPOLLIN, {u32=3, u64=3}}], 1000, -1) = 1
98613 12:59:26.740509 sendto(6, "1\0", 2, 0, NULL, 0) = 2
98613 12:59:26.741088 epoll_wait(4,  <unfinished ...>
98616 12:59:26.744420 epoll_wait(6, [{EPOLLIN, {u32=4, u64=4}}], 1000, -1) = 1
98616 12:59:26.747054 recvfrom(4, "1\0", 10, 0, NULL, NULL) = 2
98616 12:59:26.753682 accept(3, {sa_family=AF_INET, sin_port=htons(48592), sin_addr=inet_addr("192.168.56.2")}, [16]) = 9
98615 12:59:26.755312 writev(8, [{iov_base="HTTP/1.1 200 OK\r\nContent-Length: 27\r\n\r\n", iov_len=39}, {iov_base="Hello from Tom HTTP Server\n", iov_len=27}], 2) = 66
98613 12:59:26.756433 <... epoll_wait resumed>[{EPOLLIN, {u32=3, u64=3}}], 1000, -1) = 1
98613 12:59:26.757259 sendto(5, "1\0", 2, 0, NULL, 0) = 2
98616 12:59:26.761480 accept(3, {sa_family=AF_INET, sin_port=htons(48594), sin_addr=inet_addr("192.168.56.2")}, [16]) = 10
98613 12:59:26.763646 epoll_wait(4,  <unfinished ...>
98615 12:59:26.763877 epoll_wait(5, [{EPOLLIN, {u32=4, u64=4}}], 1000, -1) = 1
98615 12:59:26.764318 recvfrom(4, "1\0", 10, 0, NULL, NULL) = 2
98615 12:59:26.764965 accept(3, 0x7fff3b7dc520, [16]) = -1 EAGAIN (Resource temporarily unavailable)
98615 12:59:26.765491 epoll_wait(5,  <unfinished ...>
98616 12:59:26.765768 accept(3, 0x7fff3b7dc520, [16]) = -1 EAGAIN (Resource temporarily unavailable)
98616 12:59:26.767359 epoll_wait(6, [{EPOLLIN, {u32=9, u64=139633681760265}}, {EPOLLIN, {u32=10, u64=139633681760266}}], 1000, -1) = 2
98616 12:59:26.768364 recvfrom(9, "GET / HTTP/1.0\r\nUser-Agent: WebBench 1.5\r\nHost: 192.168.56.2\r\n\r\n", 2048, 0, NULL, NULL) = 64
98616 12:59:26.771414 writev(9, [{iov_base="HTTP/1.1 200 OK\r\nContent-Length: 27\r\n\r\n", iov_len=39}, {iov_base="Hello from Tom HTTP Server\n", iov_len=27}], 2) = 66
98613 12:59:26.774382 <... epoll_wait resumed>[{EPOLLIN, {u32=3, u64=3}}], 1000, -1) = 1
98613 12:59:26.774885 sendto(6, "1\0", 2, 0, NULL, 0) = 2
98613 12:59:26.775290 epoll_wait(4,  <unfinished ...>
98616 12:59:26.775402 recvfrom(10, "GET / HTTP/1.0\r\nUser-Agent: WebBench 1.5\r\nHost: 192.168.56.2\r\n\r\n", 2048, 0, NULL, NULL) = 64
98616 12:59:26.780847 writev(10, [{iov_base="HTTP/1.1 200 OK\r\nContent-Length: 27\r\n\r\n", iov_len=39}, {iov_base="Hello from Tom HTTP Server\n", iov_len=27}], 2) = 66
98613 12:59:26.781223 <... epoll_wait resumed>[{EPOLLIN, {u32=3, u64=3}}], 1000, -1) = 1
98613 12:59:26.781464 sendto(5, "1\0", 2, 0, NULL, 0) = 2
98615 12:59:26.782056 <... epoll_wait resumed>[{EPOLLIN, {u32=4, u64=4}}], 1000, -1) = 1
98615 12:59:26.782797 recvfrom(4, "1\0", 10, 0, NULL, NULL) = 2
98613 12:59:26.783183 epoll_wait(4,  <unfinished ...>
98616 12:59:26.784828 epoll_wait(6, [{EPOLLIN, {u32=4, u64=4}}], 1000, -1) = 1
98615 12:59:26.785132 accept(3, {sa_family=AF_INET, sin_port=htons(48596), sin_addr=inet_addr("192.168.56.2")}, [16]) = 8
98616 12:59:26.785688 recvfrom(4, "1\0", 10, 0, NULL, NULL) = 2
98616 12:59:26.785908 accept(3, {sa_family=AF_INET, sin_port=htons(48598), sin_addr=inet_addr("192.168.56.2")}, [16]) = 9
98615 12:59:26.787797 accept(3, 0x7fff3b7dc520, [16]) = -1 EAGAIN (Resource temporarily unavailable)
98616 12:59:26.788639 accept(3,  <unfinished ...>
98615 12:59:26.788985 epoll_wait(5,  <unfinished ...>
98616 12:59:26.789454 <... accept resumed>0x7fff3b7dc520, [16]) = -1 EAGAIN (Resource temporarily unavailable)
98615 12:59:26.789822 <... epoll_wait resumed>[{EPOLLIN, {u32=8, u64=139633681760264}}], 1000, -1) = 1
98616 12:59:26.790372 epoll_wait(6,  <unfinished ...>
98615 12:59:26.796911 recvfrom(8,  <unfinished ...>
98616 12:59:26.797276 <... epoll_wait resumed>[{EPOLLIN, {u32=9, u64=139633681760265}}], 1000, -1) = 1
98615 12:59:26.798361 <... recvfrom resumed>"GET / HTTP/1.0\r\nUser-Agent: WebBench 1.5\r\nHost: 192.168.56.2\r\n\r\n", 2048, 0, NULL, NULL) = 64
98616 12:59:26.798639 recvfrom(9, "GET / HTTP/1.0\r\nUser-Agent: WebBench 1.5\r\nHost: 192.168.56.2\r\n\r\n", 2048, 0, NULL, NULL) = 64
98615 12:59:26.799732 writev(8, [{iov_base="HTTP/1.1 200 OK\r\nContent-Length: 27\r\n\r\n", iov_len=39}, {iov_base="Hello from Tom HTTP Server\n", iov_len=27}], 2) = 66
98616 12:59:26.800041 writev(9, [{iov_base="HTTP/1.1 200 OK\r\nContent-Length: 27\r\n\r\n", iov_len=39}, {iov_base="Hello from Tom HTTP Server\n", iov_len=27}], 2 <unfinished ...>
98613 12:59:26.800259 <... epoll_wait resumed>[{EPOLLIN, {u32=3, u64=3}}], 1000, -1) = 1
98616 12:59:26.800342 <... writev resumed>) = 66
98613 12:59:26.800475 sendto(6, "1\0", 2, 0, NULL, 0) = 2
98613 12:59:26.800916 epoll_wait(4,  <unfinished ...>
98615 12:59:26.800999 epoll_wait(5,  <unfinished ...>
98613 12:59:26.801060 <... epoll_wait resumed>[{EPOLLIN, {u32=3, u64=3}}], 1000, -1) = 1
98613 12:59:26.801176 sendto(5, "1\0", 2, 0, NULL, 0) = 2
98615 12:59:26.801333 <... epoll_wait resumed>[{EPOLLIN, {u32=4, u64=4}}], 1000, -1) = 1
98616 12:59:26.801417 epoll_wait(6, [{EPOLLIN, {u32=4, u64=4}}], 1000, -1) = 1
98615 12:59:26.801595 recvfrom(4, "1\0", 10, 0, NULL, NULL) = 2
98613 12:59:26.801913 epoll_wait(4,  <unfinished ...>
98616 12:59:26.802005 recvfrom(4, "1\0", 10, 0, NULL, NULL) = 2
98615 12:59:26.804972 accept(3, {sa_family=AF_INET, sin_port=htons(48600), sin_addr=inet_addr("192.168.56.2")}, [16]) = 8
98616 12:59:26.805233 accept(3, {sa_family=AF_INET, sin_port=htons(48602), sin_addr=inet_addr("192.168.56.2")}, [16]) = 9
98615 12:59:26.806006 accept(3, 0x7fff3b7dc520, [16]) = -1 EAGAIN (Resource temporarily unavailable)
98616 12:59:26.808926 accept(3, 0x7fff3b7dc520, [16]) = -1 EAGAIN (Resource temporarily unavailable)
98615 12:59:26.810893 epoll_wait(5, [{EPOLLIN, {u32=8, u64=139633681760264}}], 1000, -1) = 1
98616 12:59:26.811316 epoll_wait(6, [{EPOLLIN, {u32=9, u64=139633681760265}}], 1000, -1) = 1
98615 12:59:26.813218 recvfrom(8, "GET / HTTP/1.0\r\nUser-Agent: WebBench 1.5\r\nHost: 192.168.56.2\r\n\r\n", 2048, 0, NULL, NULL) = 64
98616 12:59:26.816210 recvfrom(9, "GET / HTTP/1.0\r\nUser-Agent: WebBench 1.5\r\nHost: 192.168.56.2\r\n\r\n", 2048, 0, NULL, NULL) = 64
98615 12:59:26.818143 writev(8, [{iov_base="HTTP/1.1 200 OK\r\nContent-Length: 27\r\n\r\n", iov_len=39}, {iov_base="Hello from Tom HTTP Server\n", iov_len=27}], 2) = 66
98616 12:59:26.818487 writev(9, [{iov_base="HTTP/1.1 200 OK\r\nContent-Length: 27\r\n\r\n", iov_len=39}, {iov_base="Hello from Tom HTTP Server\n", iov_len=27}], 2) = 66
98613 12:59:26.818955 <... epoll_wait resumed>[{EPOLLIN, {u32=3, u64=3}}], 1000, -1) = 1
98613 12:59:26.819259 sendto(6, "1\0", 2, 0, NULL, 0) = 2
98613 12:59:26.821500 epoll_wait(4,  <unfinished ...>
98615 12:59:26.821653 epoll_wait(5,  <unfinished ...>
98613 12:59:26.821726 <... epoll_wait resumed>[{EPOLLIN, {u32=3, u64=3}}], 1000, -1) = 1
98616 12:59:26.825433 epoll_wait(6, [{EPOLLIN, {u32=4, u64=4}}], 1000, -1) = 1
98613 12:59:26.825923 sendto(5, "1\0", 2, 0, NULL, 0) = 2
98615 12:59:26.826129 <... epoll_wait resumed>[{EPOLLIN, {u32=4, u64=4}}], 1000, -1) = 1
98616 12:59:26.826424 recvfrom(4, "1\0", 10, 0, NULL, NULL) = 2
98615 12:59:26.828943 recvfrom(4, "1\0", 10, 0, NULL, NULL) = 2
98613 12:59:26.830310 epoll_wait(4,  <unfinished ...>
98616 12:59:26.830394 accept(3, {sa_family=AF_INET, sin_port=htons(48604), sin_addr=inet_addr("192.168.56.2")}, [16]) = 9
98615 12:59:26.832844 accept(3, {sa_family=AF_INET, sin_port=htons(48606), sin_addr=inet_addr("192.168.56.2")}, [16]) = 8
98616 12:59:26.833448 accept(3, 0x7fff3b7dc520, [16]) = -1 EAGAIN (Resource temporarily unavailable)
98615 12:59:26.833650 accept(3, 0x7fff3b7dc520, [16]) = -1 EAGAIN (Resource temporarily unavailable)
98616 12:59:26.833832 epoll_wait(6, [{EPOLLIN, {u32=9, u64=139633681760265}}], 1000, -1) = 1
98615 12:59:26.833993 epoll_wait(5, [{EPOLLIN, {u32=8, u64=139633681760264}}], 1000, -1) = 1
98616 12:59:26.834212 recvfrom(9, "GET / HTTP/1.0\r\nUser-Agent: WebBench 1.5\r\nHost: 192.168.56.2\r\n\r\n", 2048, 0, NULL, NULL) = 64
98615 12:59:26.834395 recvfrom(8, "GET / HTTP/1.0\r\nUser-Agent: WebBench 1.5\r\nHost: 192.168.56.2\r\n\r\n", 2048, 0, NULL, NULL) = 64
98616 12:59:26.837088 writev(9, [{iov_base="HTTP/1.1 200 OK\r\nContent-Length: 27\r\n\r\n", iov_len=39}, {iov_base="Hello from Tom HTTP Server\n", iov_len=27}], 2) = 66
98615 12:59:26.837558 writev(8, [{iov_base="HTTP/1.1 200 OK\r\nContent-Length: 27\r\n\r\n", iov_len=39}, {iov_base="Hello from Tom HTTP Server\n", iov_len=27}], 2) = 66
98613 12:59:26.838079 <... epoll_wait resumed>[{EPOLLIN, {u32=3, u64=3}}], 1000, -1) = 1
98613 12:59:26.838380 sendto(6, "1\0", 2, 0, NULL, 0) = 2
98613 12:59:26.841507 epoll_wait(4,  <unfinished ...>
98616 12:59:26.841607 epoll_wait(6,  <unfinished ...>
98613 12:59:26.841686 <... epoll_wait resumed>[{EPOLLIN, {u32=3, u64=3}}], 1000, -1) = 1
98616 12:59:26.841760 <... epoll_wait resumed>[{EPOLLIN, {u32=4, u64=4}}], 1000, -1) = 1
98615 12:59:26.841926 epoll_wait(5,  <unfinished ...>
98613 12:59:26.842502 sendto(5, "1\0", 2, 0, NULL, 0 <unfinished ...>
98616 12:59:26.842608 recvfrom(4,  <unfinished ...>
98613 12:59:26.842678 <... sendto resumed>) = 2
98616 12:59:26.842740 <... recvfrom resumed>"1\0", 10, 0, NULL, NULL) = 2
98615 12:59:26.842842 <... epoll_wait resumed>[{EPOLLIN, {u32=4, u64=4}}], 1000, -1) = 1
98616 12:59:26.842991 accept(3,  <unfinished ...>
98615 12:59:26.843065 recvfrom(4,  <unfinished ...>
98616 12:59:26.843135 <... accept resumed>{sa_family=AF_INET, sin_port=htons(48608), sin_addr=inet_addr("192.168.56.2")}, [16]) = 9
98615 12:59:26.844303 <... recvfrom resumed>"1\0", 10, 0, NULL, NULL) = 2
98613 12:59:26.844395 epoll_wait(4,  <unfinished ...>
98615 12:59:26.844870 accept(3, {sa_family=AF_INET, sin_port=htons(48610), sin_addr=inet_addr("192.168.56.2")}, [16]) = 8
98616 12:59:26.849088 accept(3, 0x7fff3b7dc520, [16]) = -1 EAGAIN (Resource temporarily unavailable)
98615 12:59:26.849940 accept(3, 0x7fff3b7dc520, [16]) = -1 EAGAIN (Resource temporarily unavailable)
98616 12:59:26.850092 epoll_wait(6, [{EPOLLIN, {u32=9, u64=139633681760265}}], 1000, -1) = 1
98615 12:59:26.850293 epoll_wait(5, [{EPOLLIN, {u32=8, u64=139633681760264}}], 1000, -1) = 1
98616 12:59:26.851485 recvfrom(9, "GET / HTTP/1.0\r\nUser-Agent: WebBench 1.5\r\nHost: 192.168.56.2\r\n\r\n", 2048, 0, NULL, NULL) = 64
98615 12:59:26.856433 recvfrom(8, "GET / HTTP/1.0\r\nUser-Agent: WebBench 1.5\r\nHost: 192.168.56.2\r\n\r\n", 2048, 0, NULL, NULL) = 64
98616 12:59:26.865151 writev(9, [{iov_base="HTTP/1.1 200 OK\r\nContent-Length: 27\r\n\r\n", iov_len=39}, {iov_base="Hello from Tom HTTP Server\n", iov_len=27}], 2) = 66
98615 12:59:26.865935 writev(8, [{iov_base="HTTP/1.1 200 OK\r\nContent-Length: 27\r\n\r\n", iov_len=39}, {iov_base="Hello from Tom HTTP Server\n", iov_len=27}], 2) = 66
98613 12:59:26.868637 <... epoll_wait resumed>[{EPOLLIN, {u32=3, u64=3}}], 1000, -1) = 1
98613 12:59:26.868987 sendto(6, "1\0", 2, 0, NULL, 0) = 2
98613 12:59:26.870767 epoll_wait(4,  <unfinished ...>
98616 12:59:26.870880 epoll_wait(6,  <unfinished ...>
98613 12:59:26.870980 <... epoll_wait resumed>[{EPOLLIN, {u32=3, u64=3}}], 1000, -1) = 1
98616 12:59:26.871073 <... epoll_wait resumed>[{EPOLLIN, {u32=4, u64=4}}], 1000, -1) = 1
98613 12:59:26.871720 sendto(5, "1\0", 2, 0, NULL, 0 <unfinished ...>
98616 12:59:26.871865 recvfrom(4,  <unfinished ...>
98615 12:59:26.871947 epoll_wait(5,  <unfinished ...>
98613 12:59:26.872027 <... sendto resumed>) = 2
98616 12:59:26.872208 <... recvfrom resumed>"1\0", 10, 0, NULL, NULL) = 2
98615 12:59:26.872323 <... epoll_wait resumed>[{EPOLLIN, {u32=4, u64=4}}], 1000, -1) = 1
98616 12:59:26.872845 accept(3,  <unfinished ...>
98615 12:59:26.872975 recvfrom(4,  <unfinished ...>
98616 12:59:26.874205 <... accept resumed>{sa_family=AF_INET, sin_port=htons(48612), sin_addr=inet_addr("192.168.56.2")}, [16]) = 9
98615 12:59:26.874385 <... recvfrom resumed>"1\0", 10, 0, NULL, NULL) = 2
98613 12:59:26.874522 epoll_wait(4,  <unfinished ...>
98615 12:59:26.874688 accept(3, {sa_family=AF_INET, sin_port=htons(48614), sin_addr=inet_addr("192.168.56.2")}, [16]) = 8
98616 12:59:26.881048 accept(3, 0x7fff3b7dc520, [16]) = -1 EAGAIN (Resource temporarily unavailable)
98615 12:59:26.883841 accept(3, 0x7fff3b7dc520, [16]) = -1 EAGAIN (Resource temporarily unavailable)
98616 12:59:26.884086 epoll_wait(6, [{EPOLLIN, {u32=9, u64=139633681760265}}], 1000, -1) = 1
98615 12:59:26.884634 epoll_wait(5, [{EPOLLIN, {u32=8, u64=139633681760264}}], 1000, -1) = 1
98616 12:59:26.884820 recvfrom(9, "GET / HTTP/1.0\r\nUser-Agent: WebBench 1.5\r\nHost: 192.168.56.2\r\n\r\n", 2048, 0, NULL, NULL) = 64
98615 12:59:26.885061 recvfrom(8, "GET / HTTP/1.0\r\nUser-Agent: WebBench 1.5\r\nHost: 192.168.56.2\r\n\r\n", 2048, 0, NULL, NULL) = 64
98616 12:59:26.893986 writev(9, [{iov_base="HTTP/1.1 200 OK\r\nContent-Length: 27\r\n\r\n", iov_len=39}, {iov_base="Hello from Tom HTTP Server\n", iov_len=27}], 2) = 66
98615 12:59:26.894820 writev(8, [{iov_base="HTTP/1.1 200 OK\r\nContent-Length: 27\r\n\r\n", iov_len=39}, {iov_base="Hello from Tom HTTP Server\n", iov_len=27}], 2) = 66
98613 12:59:26.895492 <... epoll_wait resumed>[{EPOLLIN, {u32=3, u64=3}}], 1000, -1) = 1
98613 12:59:26.897530 sendto(6, "1\0", 2, 0, NULL, 0) = 2
98613 12:59:26.899693 epoll_wait(4,  <unfinished ...>
98616 12:59:26.900841 epoll_wait(6,  <unfinished ...>
98613 12:59:26.900976 <... epoll_wait resumed>[{EPOLLIN, {u32=3, u64=3}}], 1000, -1) = 1
98616 12:59:26.902891 <... epoll_wait resumed>[{EPOLLIN, {u32=4, u64=4}}], 1000, -1) = 1
98613 12:59:26.903119 sendto(5, "1\0", 2, 0, NULL, 0 <unfinished ...>
98616 12:59:26.903213 recvfrom(4,  <unfinished ...>
98615 12:59:26.903277 epoll_wait(5,  <unfinished ...>
98613 12:59:26.903373 <... sendto resumed>) = 2
98616 12:59:26.903442 <... recvfrom resumed>"1\0", 10, 0, NULL, NULL) = 2
98615 12:59:26.903517 <... epoll_wait resumed>[{EPOLLIN, {u32=4, u64=4}}], 1000, -1) = 1
98616 12:59:26.903661 accept(3,  <unfinished ...>
98615 12:59:26.903734 recvfrom(4,  <unfinished ...>
98616 12:59:26.903807 <... accept resumed>{sa_family=AF_INET, sin_port=htons(48616), sin_addr=inet_addr("192.168.56.2")}, [16]) = 9
98615 12:59:26.903911 <... recvfrom resumed>"1\0", 10, 0, NULL, NULL) = 2
98613 12:59:26.904031 epoll_wait(4,  <unfinished ...>
98615 12:59:26.904196 accept(3, {sa_family=AF_INET, sin_port=htons(48618), sin_addr=inet_addr("192.168.56.2")}, [16]) = 8
98616 12:59:26.904815 accept(3, 0x7fff3b7dc520, [16]) = -1 EAGAIN (Resource temporarily unavailable)
98615 12:59:26.905047 accept(3, 0x7fff3b7dc520, [16]) = -1 EAGAIN (Resource temporarily unavailable)
98616 12:59:26.906783 epoll_wait(6, [{EPOLLIN, {u32=9, u64=139633681760265}}], 1000, -1) = 1
98615 12:59:26.907131 epoll_wait(5, [{EPOLLIN, {u32=8, u64=139633681760264}}], 1000, -1) = 1
98616 12:59:26.907306 recvfrom(9, "GET / HTTP/1.0\r\nUser-Agent: WebBench 1.5\r\nHost: 192.168.56.2\r\n\r\n", 2048, 0, NULL, NULL) = 64
98615 12:59:26.908999 recvfrom(8, "GET / HTTP/1.0\r\nUser-Agent: WebBench 1.5\r\nHost: 192.168.56.2\r\n\r\n", 2048, 0, NULL, NULL) = 64
98616 12:59:26.916339 writev(9, [{iov_base="HTTP/1.1 200 OK\r\nContent-Length: 27\r\n\r\n", iov_len=39}, {iov_base="Hello from Tom HTTP Server\n", iov_len=27}], 2) = 66
98615 12:59:26.918347 writev(8, [{iov_base="HTTP/1.1 200 OK\r\nContent-Length: 27\r\n\r\n", iov_len=39}, {iov_base="Hello from Tom HTTP Server\n", iov_len=27}], 2) = 66
98613 12:59:26.918670 <... epoll_wait resumed>[{EPOLLIN, {u32=3, u64=3}}], 1000, -1) = 1
98613 12:59:26.918821 sendto(6, "1\0", 2, 0, NULL, 0) = 2
98613 12:59:26.919949 epoll_wait(4,  <unfinished ...>
98616 12:59:26.920037 epoll_wait(6,  <unfinished ...>
98613 12:59:26.920146 <... epoll_wait resumed>[{EPOLLIN, {u32=3, u64=3}}], 1000, -1) = 1
98616 12:59:26.920248 <... epoll_wait resumed>[{EPOLLIN, {u32=4, u64=4}}], 1000, -1) = 1
98613 12:59:26.920398 sendto(5, "1\0", 2, 0, NULL, 0 <unfinished ...>
98616 12:59:26.920511 recvfrom(4,  <unfinished ...>
98615 12:59:26.920613 epoll_wait(5,  <unfinished ...>
98613 12:59:26.922523 <... sendto resumed>) = 2
98616 12:59:26.924514 <... recvfrom resumed>"1\0", 10, 0, NULL, NULL) = 2
98615 12:59:26.925428 <... epoll_wait resumed>[{EPOLLIN, {u32=4, u64=4}}], 1000, -1) = 1
98616 12:59:26.925631 accept(3,  <unfinished ...>
98615 12:59:26.926410 recvfrom(4,  <unfinished ...>
98616 12:59:26.926554 <... accept resumed>{sa_family=AF_INET, sin_port=htons(48620), sin_addr=inet_addr("192.168.56.2")}, [16]) = 9
98615 12:59:26.926648 <... recvfrom resumed>"1\0", 10, 0, NULL, NULL) = 2
98613 12:59:26.926844 epoll_wait(4,  <unfinished ...>
98615 12:59:26.927005 accept(3, {sa_family=AF_INET, sin_port=htons(48622), sin_addr=inet_addr("192.168.56.2")}, [16]) = 8
98616 12:59:26.931343 accept(3, 0x7fff3b7dc520, [16]) = -1 EAGAIN (Resource temporarily unavailable)
98615 12:59:26.933568 accept(3, 0x7fff3b7dc520, [16]) = -1 EAGAIN (Resource temporarily unavailable)
98616 12:59:26.935336 epoll_wait(6, [{EPOLLIN, {u32=9, u64=139633681760265}}], 1000, -1) = 1
98615 12:59:26.936106 epoll_wait(5, [{EPOLLIN, {u32=8, u64=139633681760264}}], 1000, -1) = 1
98616 12:59:26.936312 recvfrom(9, "GET / HTTP/1.0\r\nUser-Agent: WebBench 1.5\r\nHost: 192.168.56.2\r\n\r\n", 2048, 0, NULL, NULL) = 64
98615 12:59:26.936764 recvfrom(8, "GET / HTTP/1.0\r\nUser-Agent: WebBench 1.5\r\nHost: 192.168.56.2\r\n\r\n", 2048, 0, NULL, NULL) = 64
98616 12:59:26.940965 writev(9, [{iov_base="HTTP/1.1 200 OK\r\nContent-Length: 27\r\n\r\n", iov_len=39}, {iov_base="Hello from Tom HTTP Server\n", iov_len=27}], 2) = 66
98615 12:59:26.942684 writev(8, [{iov_base="HTTP/1.1 200 OK\r\nContent-Length: 27\r\n\r\n", iov_len=39}, {iov_base="Hello from Tom HTTP Server\n", iov_len=27}], 2) = 66
98613 12:59:26.947373 <... epoll_wait resumed>[{EPOLLIN, {u32=3, u64=3}}], 1000, -1) = 1
98613 12:59:26.947541 sendto(6, "1\0", 2, 0, NULL, 0) = 2
98613 12:59:26.948091 epoll_wait(4,  <unfinished ...>
98616 12:59:26.948162 epoll_wait(6,  <unfinished ...>
98613 12:59:26.948358 <... epoll_wait resumed>[{EPOLLIN, {u32=3, u64=3}}], 1000, -1) = 1
98616 12:59:26.948435 <... epoll_wait resumed>[{EPOLLIN, {u32=4, u64=4}}], 1000, -1) = 1
98613 12:59:26.948941 sendto(5, "1\0", 2, 0, NULL, 0 <unfinished ...>
98616 12:59:26.949334 recvfrom(4,  <unfinished ...>
98615 12:59:26.949450 epoll_wait(5,  <unfinished ...>
98613 12:59:26.949556 <... sendto resumed>) = 2
98616 12:59:26.949657 <... recvfrom resumed>"1\0", 10, 0, NULL, NULL) = 2
98615 12:59:26.949751 <... epoll_wait resumed>[{EPOLLIN, {u32=4, u64=4}}], 1000, -1) = 1
98616 12:59:26.950387 accept(3,  <unfinished ...>
98615 12:59:26.950485 recvfrom(4,  <unfinished ...>
98616 12:59:26.950559 <... accept resumed>{sa_family=AF_INET, sin_port=htons(48624), sin_addr=inet_addr("192.168.56.2")}, [16]) = 9
98615 12:59:26.950634 <... recvfrom resumed>"1\0", 10, 0, NULL, NULL) = 2
98613 12:59:26.950716 epoll_wait(4,  <unfinished ...>
98615 12:59:26.951002 accept(3, {sa_family=AF_INET, sin_port=htons(48626), sin_addr=inet_addr("192.168.56.2")}, [16]) = 8
98616 12:59:26.953466 accept(3, 0x7fff3b7dc520, [16]) = -1 EAGAIN (Resource temporarily unavailable)
98615 12:59:26.956892 accept(3, 0x7fff3b7dc520, [16]) = -1 EAGAIN (Resource temporarily unavailable)
98616 12:59:26.957253 epoll_wait(6, [{EPOLLIN, {u32=9, u64=139633681760265}}], 1000, -1) = 1
98615 12:59:26.957515 epoll_wait(5, [{EPOLLIN, {u32=8, u64=139633681760264}}], 1000, -1) = 1
98616 12:59:26.958253 recvfrom(9, "GET / HTTP/1.0\r\nUser-Agent: WebBench 1.5\r\nHost: 192.168.56.2\r\n\r\n", 2048, 0, NULL, NULL) = 64
98615 12:59:26.962480 recvfrom(8, "GET / HTTP/1.0\r\nUser-Agent: WebBench 1.5\r\nHost: 192.168.56.2\r\n\r\n", 2048, 0, NULL, NULL) = 64
98616 12:59:26.967537 writev(9, [{iov_base="HTTP/1.1 200 OK\r\nContent-Length: 27\r\n\r\n", iov_len=39}, {iov_base="Hello from Tom HTTP Server\n", iov_len=27}], 2) = 66
98615 12:59:26.978278 writev(8, [{iov_base="HTTP/1.1 200 OK\r\nContent-Length: 27\r\n\r\n", iov_len=39}, {iov_base="Hello from Tom HTTP Server\n", iov_len=27}], 2) = 66
98613 12:59:26.978760 <... epoll_wait resumed>[{EPOLLIN, {u32=3, u64=3}}], 1000, -1) = 1
98613 12:59:26.978974 sendto(6, "1\0", 2, 0, NULL, 0) = 2
98613 12:59:26.979622 epoll_wait(4,  <unfinished ...>
98616 12:59:26.979747 epoll_wait(6,  <unfinished ...>
98613 12:59:26.979833 <... epoll_wait resumed>[{EPOLLIN, {u32=3, u64=3}}], 1000, -1) = 1
98616 12:59:26.979908 <... epoll_wait resumed>[{EPOLLIN, {u32=4, u64=4}}], 1000, -1) = 1
98613 12:59:26.980046 sendto(5, "1\0", 2, 0, NULL, 0 <unfinished ...>
98616 12:59:26.980131 recvfrom(4,  <unfinished ...>
98615 12:59:26.980194 epoll_wait(5,  <unfinished ...>
98613 12:59:26.980257 <... sendto resumed>) = 2
98616 12:59:26.980318 <... recvfrom resumed>"1\0", 10, 0, NULL, NULL) = 2
98615 12:59:26.980390 <... epoll_wait resumed>[{EPOLLIN, {u32=4, u64=4}}], 1000, -1) = 1
98616 12:59:26.980564 accept(3,  <unfinished ...>
98615 12:59:26.980640 recvfrom(4,  <unfinished ...>
98616 12:59:26.980776 <... accept resumed>{sa_family=AF_INET, sin_port=htons(48628), sin_addr=inet_addr("192.168.56.2")}, [16]) = 9
98615 12:59:26.980853 <... recvfrom resumed>"1\0", 10, 0, NULL, NULL) = 2
98613 12:59:26.980931 epoll_wait(4,  <unfinished ...>
98615 12:59:26.981043 accept(3, {sa_family=AF_INET, sin_port=htons(48630), sin_addr=inet_addr("192.168.56.2")}, [16]) = 8
98616 12:59:26.985583 accept(3, 0x7fff3b7dc520, [16]) = -1 EAGAIN (Resource temporarily unavailable)
98615 12:59:26.985974 accept(3, 0x7fff3b7dc520, [16]) = -1 EAGAIN (Resource temporarily unavailable)
98616 12:59:26.986219 epoll_wait(6, [{EPOLLIN, {u32=9, u64=139633681760265}}], 1000, -1) = 1
98615 12:59:26.986593 epoll_wait(5, [{EPOLLIN, {u32=8, u64=139633681760264}}], 1000, -1) = 1
98616 12:59:26.986747 recvfrom(9, "GET / HTTP/1.0\r\nUser-Agent: WebBench 1.5\r\nHost: 192.168.56.2\r\n\r\n", 2048, 0, NULL, NULL) = 64
98615 12:59:26.986982 recvfrom(8, "GET / HTTP/1.0\r\nUser-Agent: WebBench 1.5\r\nHost: 192.168.56.2\r\n\r\n", 2048, 0, NULL, NULL) = 64
98616 12:59:26.988192 writev(9, [{iov_base="HTTP/1.1 200 OK\r\nContent-Length: 27\r\n\r\n", iov_len=39}, {iov_base="Hello from Tom HTTP Server\n", iov_len=27}], 2) = 66
98615 12:59:26.992917 writev(8, [{iov_base="HTTP/1.1 200 OK\r\nContent-Length: 27\r\n\r\n", iov_len=39}, {iov_base="Hello from Tom HTTP Server\n", iov_len=27}], 2) = 66
98613 12:59:26.995719 <... epoll_wait resumed>[{EPOLLIN, {u32=3, u64=3}}], 1000, -1) = 1
98613 12:59:26.995978 sendto(6, "1\0", 2, 0, NULL, 0) = 2
98613 12:59:26.996752 epoll_wait(4,  <unfinished ...>
98616 12:59:26.996911 epoll_wait(6,  <unfinished ...>
98613 12:59:26.996998 <... epoll_wait resumed>[{EPOLLIN, {u32=3, u64=3}}], 1000, -1) = 1
98616 12:59:26.999181 <... epoll_wait resumed>[{EPOLLIN, {u32=4, u64=4}}], 1000, -1) = 1
98613 12:59:26.999892 sendto(5, "1\0", 2, 0, NULL, 0 <unfinished ...>
98616 12:59:27.001601 recvfrom(4,  <unfinished ...>
98615 12:59:27.001702 epoll_wait(5,  <unfinished ...>
98613 12:59:27.001770 <... sendto resumed>) = 2
98616 12:59:27.001836 <... recvfrom resumed>"1\0", 10, 0, NULL, NULL) = 2
98615 12:59:27.001974 <... epoll_wait resumed>[{EPOLLIN, {u32=4, u64=4}}], 1000, -1) = 1
98616 12:59:27.002384 accept(3,  <unfinished ...>
98615 12:59:27.002478 recvfrom(4,  <unfinished ...>
98616 12:59:27.002552 <... accept resumed>{sa_family=AF_INET, sin_port=htons(48632), sin_addr=inet_addr("192.168.56.2")}, [16]) = 9
98615 12:59:27.002626 <... recvfrom resumed>"1\0", 10, 0, NULL, NULL) = 2
98613 12:59:27.002708 epoll_wait(4,  <unfinished ...>
98615 12:59:27.003059 accept(3, {sa_family=AF_INET, sin_port=htons(48634), sin_addr=inet_addr("192.168.56.2")}, [16]) = 8
98616 12:59:27.011298 accept(3, 0x7fff3b7dc520, [16]) = -1 EAGAIN (Resource temporarily unavailable)
98615 12:59:27.012767 accept(3, 0x7fff3b7dc520, [16]) = -1 EAGAIN (Resource temporarily unavailable)
98616 12:59:27.013134 epoll_wait(6, [{EPOLLIN, {u32=9, u64=139633681760265}}], 1000, -1) = 1
98615 12:59:27.013408 epoll_wait(5, [{EPOLLIN, {u32=8, u64=139633681760264}}], 1000, -1) = 1
98616 12:59:27.014066 recvfrom(9, "GET / HTTP/1.0\r\nUser-Agent: WebBench 1.5\r\nHost: 192.168.56.2\r\n\r\n", 2048, 0, NULL, NULL) = 64
98615 12:59:27.014477 recvfrom(8, "GET / HTTP/1.0\r\nUser-Agent: WebBench 1.5\r\nHost: 192.168.56.2\r\n\r\n", 2048, 0, NULL, NULL) = 64
98616 12:59:27.015891 writev(9, [{iov_base="HTTP/1.1 200 OK\r\nContent-Length: 27\r\n\r\n", iov_len=39}, {iov_base="Hello from Tom HTTP Server\n", iov_len=27}], 2) = 66
98615 12:59:27.016263 writev(8, [{iov_base="HTTP/1.1 200 OK\r\nContent-Length: 27\r\n\r\n", iov_len=39}, {iov_base="Hello from Tom HTTP Server\n", iov_len=27}], 2) = 66
98613 12:59:27.017153 <... epoll_wait resumed>[{EPOLLIN, {u32=3, u64=3}}], 1000, -1) = 1
98613 12:59:27.017916 sendto(6, "1\0", 2, 0, NULL, 0) = 2
98613 12:59:27.018452 epoll_wait(4,  <unfinished ...>
98616 12:59:27.018552 epoll_wait(6,  <unfinished ...>
98613 12:59:27.018632 <... epoll_wait resumed>[{EPOLLIN, {u32=3, u64=3}}], 1000, -1) = 1
98616 12:59:27.019313 <... epoll_wait resumed>[{EPOLLIN, {u32=4, u64=4}}], 1000, -1) = 1
98613 12:59:27.019497 sendto(5, "1\0", 2, 0, NULL, 0 <unfinished ...>
98616 12:59:27.019589 recvfrom(4,  <unfinished ...>
98615 12:59:27.019653 epoll_wait(5,  <unfinished ...>
98613 12:59:27.019716 <... sendto resumed>) = 2
98616 12:59:27.020852 <... recvfrom resumed>"1\0", 10, 0, NULL, NULL) = 2
98615 12:59:27.021228 <... epoll_wait resumed>[{EPOLLIN, {u32=4, u64=4}}], 1000, -1) = 1
98616 12:59:27.021480 accept(3,  <unfinished ...>
98615 12:59:27.021676 recvfrom(4,  <unfinished ...>
98616 12:59:27.022138 <... accept resumed>{sa_family=AF_INET, sin_port=htons(48636), sin_addr=inet_addr("192.168.56.2")}, [16]) = 9
98615 12:59:27.022344 <... recvfrom resumed>"1\0", 10, 0, NULL, NULL) = 2
98613 12:59:27.028216 epoll_wait(4,  <unfinished ...>
98615 12:59:27.028543 accept(3, {sa_family=AF_INET, sin_port=htons(48638), sin_addr=inet_addr("192.168.56.2")}, [16]) = 8
98616 12:59:27.029336 accept(3, 0x7fff3b7dc520, [16]) = -1 EAGAIN (Resource temporarily unavailable)
98615 12:59:27.029637 accept(3, 0x7fff3b7dc520, [16]) = -1 EAGAIN (Resource temporarily unavailable)
98616 12:59:27.029917 epoll_wait(6, [{EPOLLIN, {u32=9, u64=139633681760265}}], 1000, -1) = 1
98615 12:59:27.030741 epoll_wait(5, [{EPOLLIN, {u32=8, u64=139633681760264}}], 1000, -1) = 1
98616 12:59:27.030905 recvfrom(9, "GET / HTTP/1.0\r\nUser-Agent: WebBench 1.5\r\nHost: 192.168.56.2\r\n\r\n", 2048, 0, NULL, NULL) = 64
98615 12:59:27.031278 recvfrom(8, "GET / HTTP/1.0\r\nUser-Agent: WebBench 1.5\r\nHost: 192.168.56.2\r\n\r\n", 2048, 0, NULL, NULL) = 64
98616 12:59:27.037837 writev(9, [{iov_base="HTTP/1.1 200 OK\r\nContent-Length: 27\r\n\r\n", iov_len=39}, {iov_base="Hello from Tom HTTP Server\n", iov_len=27}], 2) = 66
98615 12:59:27.038295 writev(8, [{iov_base="HTTP/1.1 200 OK\r\nContent-Length: 27\r\n\r\n", iov_len=39}, {iov_base="Hello from Tom HTTP Server\n", iov_len=27}], 2) = 66
98613 12:59:27.041072 <... epoll_wait resumed>[{EPOLLIN, {u32=3, u64=3}}], 1000, -1) = 1
98613 12:59:27.042377 sendto(6, "1\0", 2, 0, NULL, 0) = 2
98613 12:59:27.043120 epoll_wait(4,  <unfinished ...>
98616 12:59:27.043190 epoll_wait(6,  <unfinished ...>
98613 12:59:27.045284 <... epoll_wait resumed>[{EPOLLIN, {u32=3, u64=3}}], 1000, -1) = 1
98616 12:59:27.045448 <... epoll_wait resumed>[{EPOLLIN, {u32=4, u64=4}}], 1000, -1) = 1
98613 12:59:27.046094 sendto(5, "1\0", 2, 0, NULL, 0 <unfinished ...>
98616 12:59:27.046219 recvfrom(4,  <unfinished ...>
98615 12:59:27.046286 epoll_wait(5,  <unfinished ...>
98613 12:59:27.046541 <... sendto resumed>) = 2
98616 12:59:27.046615 <... recvfrom resumed>"1\0", 10, 0, NULL, NULL) = 2
98615 12:59:27.046695 <... epoll_wait resumed>[{EPOLLIN, {u32=4, u64=4}}], 1000, -1) = 1
98616 12:59:27.047004 accept(3,  <unfinished ...>
98615 12:59:27.047091 recvfrom(4,  <unfinished ...>
98616 12:59:27.047333 <... accept resumed>{sa_family=AF_INET, sin_port=htons(48640), sin_addr=inet_addr("192.168.56.2")}, [16]) = 9
98615 12:59:27.047413 <... recvfrom resumed>"1\0", 10, 0, NULL, NULL) = 2
98613 12:59:27.049247 epoll_wait(4,  <unfinished ...>
98615 12:59:27.049593 accept(3, {sa_family=AF_INET, sin_port=htons(48642), sin_addr=inet_addr("192.168.56.2")}, [16]) = 8
98616 12:59:27.050642 accept(3, 0x7fff3b7dc520, [16]) = -1 EAGAIN (Resource temporarily unavailable)
98615 12:59:27.051016 accept(3, 0x7fff3b7dc520, [16]) = -1 EAGAIN (Resource temporarily unavailable)
98616 12:59:27.051334 epoll_wait(6, [{EPOLLIN, {u32=9, u64=139633681760265}}], 1000, -1) = 1
98615 12:59:27.051541 epoll_wait(5, [{EPOLLIN, {u32=8, u64=139633681760264}}], 1000, -1) = 1
98616 12:59:27.051881 recvfrom(9, "GET / HTTP/1.0\r\nUser-Agent: WebBench 1.5\r\nHost: 192.168.56.2\r\n\r\n", 2048, 0, NULL, NULL) = 64
98615 12:59:27.052960 recvfrom(8, "GET / HTTP/1.0\r\nUser-Agent: WebBench 1.5\r\nHost: 192.168.56.2\r\n\r\n", 2048, 0, NULL, NULL) = 64
98616 12:59:27.060015 writev(9, [{iov_base="HTTP/1.1 200 OK\r\nContent-Length: 27\r\n\r\n", iov_len=39}, {iov_base="Hello from Tom HTTP Server\n", iov_len=27}], 2) = 66
98615 12:59:27.060333 writev(8, [{iov_base="HTTP/1.1 200 OK\r\nContent-Length: 27\r\n\r\n", iov_len=39}, {iov_base="Hello from Tom HTTP Server\n", iov_len=27}], 2) = 66
98613 12:59:27.060657 <... epoll_wait resumed>[{EPOLLIN, {u32=3, u64=3}}], 1000, -1) = 1
98613 12:59:27.061051 sendto(6, "1\0", 2, 0, NULL, 0) = 2
98613 12:59:27.061583 epoll_wait(4,  <unfinished ...>
98616 12:59:27.061659 epoll_wait(6,  <unfinished ...>
98613 12:59:27.062016 <... epoll_wait resumed>[{EPOLLIN, {u32=3, u64=3}}], 1000, -1) = 1
98616 12:59:27.062301 <... epoll_wait resumed>[{EPOLLIN, {u32=4, u64=4}}], 1000, -1) = 1
98613 12:59:27.067371 sendto(5, "1\0", 2, 0, NULL, 0 <unfinished ...>
98616 12:59:27.067518 recvfrom(4,  <unfinished ...>
98615 12:59:27.067626 epoll_wait(5,  <unfinished ...>
98613 12:59:27.068087 <... sendto resumed>) = 2
98616 12:59:27.068158 <... recvfrom resumed>"1\0", 10, 0, NULL, NULL) = 2
98615 12:59:27.068239 <... epoll_wait resumed>[{EPOLLIN, {u32=4, u64=4}}], 1000, -1) = 1
98616 12:59:27.068416 accept(3,  <unfinished ...>
98615 12:59:27.068494 recvfrom(4,  <unfinished ...>
98616 12:59:27.068754 <... accept resumed>{sa_family=AF_INET, sin_port=htons(48644), sin_addr=inet_addr("192.168.56.2")}, [16]) = 9
98615 12:59:27.068833 <... recvfrom resumed>"1\0", 10, 0, NULL, NULL) = 2
98613 12:59:27.068911 epoll_wait(4,  <unfinished ...>
98615 12:59:27.069026 accept(3, {sa_family=AF_INET, sin_port=htons(48646), sin_addr=inet_addr("192.168.56.2")}, [16]) = 8
98616 12:59:27.074164 accept(3, 0x7fff3b7dc520, [16]) = -1 EAGAIN (Resource temporarily unavailable)
98615 12:59:27.074450 accept(3, 0x7fff3b7dc520, [16]) = -1 EAGAIN (Resource temporarily unavailable)
98616 12:59:27.074597 epoll_wait(6, [{EPOLLIN, {u32=9, u64=139633681760265}}], 1000, -1) = 1
98615 12:59:27.074800 epoll_wait(5, [{EPOLLIN, {u32=8, u64=139633681760264}}], 1000, -1) = 1
98616 12:59:27.074934 recvfrom(9, "GET / HTTP/1.0\r\nUser-Agent: WebBench 1.5\r\nHost: 192.168.56.2\r\n\r\n", 2048, 0, NULL, NULL) = 64
98615 12:59:27.075217 recvfrom(8, "GET / HTTP/1.0\r\nUser-Agent: WebBench 1.5\r\nHost: 192.168.56.2\r\n\r\n", 2048, 0, NULL, NULL) = 64
98616 12:59:27.076246 writev(9, [{iov_base="HTTP/1.1 200 OK\r\nContent-Length: 27\r\n\r\n", iov_len=39}, {iov_base="Hello from Tom HTTP Server\n", iov_len=27}], 2) = 66
98615 12:59:27.076494 writev(8, [{iov_base="HTTP/1.1 200 OK\r\nContent-Length: 27\r\n\r\n", iov_len=39}, {iov_base="Hello from Tom HTTP Server\n", iov_len=27}], 2) = 66
98613 12:59:27.081967 <... epoll_wait resumed>[{EPOLLIN, {u32=3, u64=3}}], 1000, -1) = 1
98613 12:59:27.085022 sendto(6, "1\0", 2, 0, NULL, 0) = 2
98613 12:59:27.086641 epoll_wait(4,  <unfinished ...>
98616 12:59:27.086977 epoll_wait(6,  <unfinished ...>
98613 12:59:27.088831 <... epoll_wait resumed>[{EPOLLIN, {u32=3, u64=3}}], 1000, -1) = 1
98616 12:59:27.089458 <... epoll_wait resumed>[{EPOLLIN, {u32=4, u64=4}}], 1000, -1) = 1
98613 12:59:27.089648 sendto(5, "1\0", 2, 0, NULL, 0 <unfinished ...>
98616 12:59:27.090935 recvfrom(4,  <unfinished ...>
98615 12:59:27.091232 epoll_wait(5,  <unfinished ...>
98613 12:59:27.091309 <... sendto resumed>) = 2
98616 12:59:27.091376 <... recvfrom resumed>"1\0", 10, 0, NULL, NULL) = 2
98615 12:59:27.091463 <... epoll_wait resumed>[{EPOLLIN, {u32=4, u64=4}}], 1000, -1) = 1
98616 12:59:27.091619 accept(3,  <unfinished ...>
98615 12:59:27.092070 recvfrom(4,  <unfinished ...>
98616 12:59:27.092278 <... accept resumed>{sa_family=AF_INET, sin_port=htons(48648), sin_addr=inet_addr("192.168.56.2")}, [16]) = 9
98615 12:59:27.092397 <... recvfrom resumed>"1\0", 10, 0, NULL, NULL) = 2
98613 12:59:27.096094 epoll_wait(4,  <unfinished ...>
98615 12:59:27.096785 accept(3, {sa_family=AF_INET, sin_port=htons(48650), sin_addr=inet_addr("192.168.56.2")}, [16]) = 8
98616 12:59:27.097517 accept(3, 0x7fff3b7dc520, [16]) = -1 EAGAIN (Resource temporarily unavailable)
98615 12:59:27.098023 accept(3, 0x7fff3b7dc520, [16]) = -1 EAGAIN (Resource temporarily unavailable)
98616 12:59:27.098649 epoll_wait(6, [{EPOLLIN, {u32=9, u64=139633681760265}}], 1000, -1) = 1
98615 12:59:27.099812 epoll_wait(5, [{EPOLLIN, {u32=8, u64=139633681760264}}], 1000, -1) = 1
98616 12:59:27.100375 recvfrom(9, "GET / HTTP/1.0\r\nUser-Agent: WebBench 1.5\r\nHost: 192.168.56.2\r\n\r\n", 2048, 0, NULL, NULL) = 64
98615 12:59:27.102361 recvfrom(8, "GET / HTTP/1.0\r\nUser-Agent: WebBench 1.5\r\nHost: 192.168.56.2\r\n\r\n", 2048, 0, NULL, NULL) = 64
98616 12:59:27.104854 writev(9, [{iov_base="HTTP/1.1 200 OK\r\nContent-Length: 27\r\n\r\n", iov_len=39}, {iov_base="Hello from Tom HTTP Server\n", iov_len=27}], 2) = 66
98615 12:59:27.105461 writev(8, [{iov_base="HTTP/1.1 200 OK\r\nContent-Length: 27\r\n\r\n", iov_len=39}, {iov_base="Hello from Tom HTTP Server\n", iov_len=27}], 2) = 66
98613 12:59:27.106180 <... epoll_wait resumed>[{EPOLLIN, {u32=3, u64=3}}], 1000, -1) = 1
98613 12:59:27.107704 sendto(6, "1\0", 2, 0, NULL, 0) = 2
98613 12:59:27.109090 epoll_wait(4,  <unfinished ...>
98616 12:59:27.109168 epoll_wait(6,  <unfinished ...>
98613 12:59:27.109244 <... epoll_wait resumed>[{EPOLLIN, {u32=3, u64=3}}], 1000, -1) = 1
98616 12:59:27.109352 <... epoll_wait resumed>[{EPOLLIN, {u32=4, u64=4}}], 1000, -1) = 1
98613 12:59:27.109791 sendto(5, "1\0", 2, 0, NULL, 0 <unfinished ...>
98616 12:59:27.110039 recvfrom(4,  <unfinished ...>
98615 12:59:27.110589 epoll_wait(5,  <unfinished ...>
98613 12:59:27.110735 <... sendto resumed>) = 2
98616 12:59:27.110814 <... recvfrom resumed>"1\0", 10, 0, NULL, NULL) = 2
98615 12:59:27.110968 <... epoll_wait resumed>[{EPOLLIN, {u32=4, u64=4}}], 1000, -1) = 1
98616 12:59:27.111753 accept(3,  <unfinished ...>
98615 12:59:27.112059 recvfrom(4,  <unfinished ...>
98616 12:59:27.112152 <... accept resumed>{sa_family=AF_INET, sin_port=htons(48652), sin_addr=inet_addr("192.168.56.2")}, [16]) = 9
98615 12:59:27.112265 <... recvfrom resumed>"1\0", 10, 0, NULL, NULL) = 2
98613 12:59:27.112353 epoll_wait(4,  <unfinished ...>
98615 12:59:27.112555 accept(3, {sa_family=AF_INET, sin_port=htons(48654), sin_addr=inet_addr("192.168.56.2")}, [16]) = 8
98616 12:59:27.115572 accept(3, 0x7fff3b7dc520, [16]) = -1 EAGAIN (Resource temporarily unavailable)
98615 12:59:27.116314 accept(3, 0x7fff3b7dc520, [16]) = -1 EAGAIN (Resource temporarily unavailable)
98616 12:59:27.116618 epoll_wait(6, [{EPOLLIN, {u32=9, u64=139633681760265}}], 1000, -1) = 1
98615 12:59:27.117762 epoll_wait(5, [{EPOLLIN, {u32=8, u64=139633681760264}}], 1000, -1) = 1
98616 12:59:27.118293 recvfrom(9, "GET / HTTP/1.0\r\nUser-Agent: WebBench 1.5\r\nHost: 192.168.56.2\r\n\r\n", 2048, 0, NULL, NULL) = 64
98615 12:59:27.118655 recvfrom(8, "GET / HTTP/1.0\r\nUser-Agent: WebBench 1.5\r\nHost: 192.168.56.2\r\n\r\n", 2048, 0, NULL, NULL) = 64
98616 12:59:27.122603 writev(9, [{iov_base="HTTP/1.1 200 OK\r\nContent-Length: 27\r\n\r\n", iov_len=39}, {iov_base="Hello from Tom HTTP Server\n", iov_len=27}], 2) = 66
98615 12:59:27.123244 writev(8, [{iov_base="HTTP/1.1 200 OK\r\nContent-Length: 27\r\n\r\n", iov_len=39}, {iov_base="Hello from Tom HTTP Server\n", iov_len=27}], 2) = 66
98613 12:59:27.123738 <... epoll_wait resumed>[{EPOLLIN, {u32=3, u64=3}}], 1000, -1) = 1
98613 12:59:27.124047 sendto(6, "1\0", 2, 0, NULL, 0) = 2
98613 12:59:27.124997 epoll_wait(4,  <unfinished ...>
98616 12:59:27.125095 epoll_wait(6,  <unfinished ...>
98613 12:59:27.125176 <... epoll_wait resumed>[{EPOLLIN, {u32=3, u64=3}}], 1000, -1) = 1
98616 12:59:27.125360 <... epoll_wait resumed>[{EPOLLIN, {u32=4, u64=4}}], 1000, -1) = 1
98613 12:59:27.125520 sendto(5, "1\0", 2, 0, NULL, 0 <unfinished ...>
98616 12:59:27.126053 recvfrom(4,  <unfinished ...>
98615 12:59:27.126168 epoll_wait(5,  <unfinished ...>
98613 12:59:27.127850 <... sendto resumed>) = 2
98616 12:59:27.134544 <... recvfrom resumed>"1\0", 10, 0, NULL, NULL) = 2
98615 12:59:27.135443 <... epoll_wait resumed>[{EPOLLIN, {u32=4, u64=4}}], 1000, -1) = 1
98616 12:59:27.135993 accept(3,  <unfinished ...>
98615 12:59:27.137460 recvfrom(4,  <unfinished ...>
98616 12:59:27.137649 <... accept resumed>{sa_family=AF_INET, sin_port=htons(48656), sin_addr=inet_addr("192.168.56.2")}, [16]) = 9
98615 12:59:27.137791 <... recvfrom resumed>"1\0", 10, 0, NULL, NULL) = 2
98613 12:59:27.138164 epoll_wait(4,  <unfinished ...>
98615 12:59:27.138353 accept(3, {sa_family=AF_INET, sin_port=htons(48658), sin_addr=inet_addr("192.168.56.2")}, [16]) = 8
98616 12:59:27.139193 accept(3, 0x7fff3b7dc520, [16]) = -1 EAGAIN (Resource temporarily unavailable)
98615 12:59:27.139690 accept(3, 0x7fff3b7dc520, [16]) = -1 EAGAIN (Resource temporarily unavailable)
98616 12:59:27.140005 epoll_wait(6, [{EPOLLIN, {u32=9, u64=139633681760265}}], 1000, -1) = 1
98615 12:59:27.140395 epoll_wait(5, [{EPOLLIN, {u32=8, u64=139633681760264}}], 1000, -1) = 1
98616 12:59:27.140796 recvfrom(9, "GET / HTTP/1.0\r\nUser-Agent: WebBench 1.5\r\nHost: 192.168.56.2\r\n\r\n", 2048, 0, NULL, NULL) = 64
98615 12:59:27.142997 recvfrom(8, "GET / HTTP/1.0\r\nUser-Agent: WebBench 1.5\r\nHost: 192.168.56.2\r\n\r\n", 2048, 0, NULL, NULL) = 64
98616 12:59:27.150149 writev(9, [{iov_base="HTTP/1.1 200 OK\r\nContent-Length: 27\r\n\r\n", iov_len=39}, {iov_base="Hello from Tom HTTP Server\n", iov_len=27}], 2) = 66
98615 12:59:27.151138 writev(8, [{iov_base="HTTP/1.1 200 OK\r\nContent-Length: 27\r\n\r\n", iov_len=39}, {iov_base="Hello from Tom HTTP Server\n", iov_len=27}], 2) = 66
98613 12:59:27.151674 <... epoll_wait resumed>[{EPOLLIN, {u32=3, u64=3}}], 1000, -1) = 1
98613 12:59:27.152582 sendto(6, "1\0", 2, 0, NULL, 0) = 2
98613 12:59:27.155604 epoll_wait(4,  <unfinished ...>
98616 12:59:27.155753 epoll_wait(6,  <unfinished ...>
98613 12:59:27.155860 <... epoll_wait resumed>[{EPOLLIN, {u32=3, u64=3}}], 1000, -1) = 1
98616 12:59:27.155955 <... epoll_wait resumed>[{EPOLLIN, {u32=4, u64=4}}], 1000, -1) = 1
98613 12:59:27.156208 sendto(5, "1\0", 2, 0, NULL, 0 <unfinished ...>
98616 12:59:27.156379 recvfrom(4,  <unfinished ...>
98615 12:59:27.156481 epoll_wait(5,  <unfinished ...>
98613 12:59:27.156575 <... sendto resumed>) = 2
98616 12:59:27.156780 <... recvfrom resumed>"1\0", 10, 0, NULL, NULL) = 2
98615 12:59:27.156927 <... epoll_wait resumed>[{EPOLLIN, {u32=4, u64=4}}], 1000, -1) = 1
98616 12:59:27.157558 accept(3,  <unfinished ...>
98615 12:59:27.157674 recvfrom(4,  <unfinished ...>
98616 12:59:27.157753 <... accept resumed>{sa_family=AF_INET, sin_port=htons(48660), sin_addr=inet_addr("192.168.56.2")}, [16]) = 9
98615 12:59:27.157829 <... recvfrom resumed>"1\0", 10, 0, NULL, NULL) = 2
98613 12:59:27.157913 epoll_wait(4,  <unfinished ...>
98615 12:59:27.158025 accept(3, {sa_family=AF_INET, sin_port=htons(48662), sin_addr=inet_addr("192.168.56.2")}, [16]) = 8
98616 12:59:27.159089 accept(3, 0x7fff3b7dc520, [16]) = -1 EAGAIN (Resource temporarily unavailable)
98615 12:59:27.159435 accept(3, 0x7fff3b7dc520, [16]) = -1 EAGAIN (Resource temporarily unavailable)
98616 12:59:27.161075 epoll_wait(6, [{EPOLLIN, {u32=9, u64=139633681760265}}], 1000, -1) = 1
98615 12:59:27.161448 epoll_wait(5, [{EPOLLIN, {u32=8, u64=139633681760264}}], 1000, -1) = 1
98616 12:59:27.161868 recvfrom(9, "GET / HTTP/1.0\r\nUser-Agent: WebBench 1.5\r\nHost: 192.168.56.2\r\n\r\n", 2048, 0, NULL, NULL) = 64
98615 12:59:27.163568 recvfrom(8, "GET / HTTP/1.0\r\nUser-Agent: WebBench 1.5\r\nHost: 192.168.56.2\r\n\r\n", 2048, 0, NULL, NULL) = 64
98616 12:59:27.165193 writev(9, [{iov_base="HTTP/1.1 200 OK\r\nContent-Length: 27\r\n\r\n", iov_len=39}, {iov_base="Hello from Tom HTTP Server\n", iov_len=27}], 2) = 66
98615 12:59:27.165495 writev(8, [{iov_base="HTTP/1.1 200 OK\r\nContent-Length: 27\r\n\r\n", iov_len=39}, {iov_base="Hello from Tom HTTP Server\n", iov_len=27}], 2) = 66
98613 12:59:27.166444 <... epoll_wait resumed>[{EPOLLIN, {u32=3, u64=3}}], 1000, -1) = 1
98613 12:59:27.167472 sendto(6, "1\0", 2, 0, NULL, 0) = 2
98613 12:59:27.168882 epoll_wait(4,  <unfinished ...>
98616 12:59:27.169144 epoll_wait(6,  <unfinished ...>
98613 12:59:27.169252 <... epoll_wait resumed>[{EPOLLIN, {u32=3, u64=3}}], 1000, -1) = 1
98616 12:59:27.169327 <... epoll_wait resumed>[{EPOLLIN, {u32=4, u64=4}}], 1000, -1) = 1
98613 12:59:27.169467 sendto(5, "1\0", 2, 0, NULL, 0 <unfinished ...>
98616 12:59:27.169731 recvfrom(4,  <unfinished ...>
98615 12:59:27.169904 epoll_wait(5,  <unfinished ...>
98613 12:59:27.169978 <... sendto resumed>) = 2
98616 12:59:27.170049 <... recvfrom resumed>"1\0", 10, 0, NULL, NULL) = 2
98615 12:59:27.170133 <... epoll_wait resumed>[{EPOLLIN, {u32=4, u64=4}}], 1000, -1) = 1
98616 12:59:27.171349 accept(3,  <unfinished ...>
98615 12:59:27.172153 recvfrom(4,  <unfinished ...>
98616 12:59:27.172269 <... accept resumed>{sa_family=AF_INET, sin_port=htons(48664), sin_addr=inet_addr("192.168.56.2")}, [16]) = 9
98615 12:59:27.172357 <... recvfrom resumed>"1\0", 10, 0, NULL, NULL) = 2
98613 12:59:27.172467 epoll_wait(4,  <unfinished ...>
98615 12:59:27.172656 accept(3, {sa_family=AF_INET, sin_port=htons(48666), sin_addr=inet_addr("192.168.56.2")}, [16]) = 8
98616 12:59:27.175241 accept(3, 0x7fff3b7dc520, [16]) = -1 EAGAIN (Resource temporarily unavailable)
98615 12:59:27.176336 accept(3, 0x7fff3b7dc520, [16]) = -1 EAGAIN (Resource temporarily unavailable)
98616 12:59:27.177269 epoll_wait(6, [{EPOLLIN, {u32=9, u64=139633681760265}}], 1000, -1) = 1
98615 12:59:27.178289 epoll_wait(5, [{EPOLLIN, {u32=8, u64=139633681760264}}], 1000, -1) = 1
98616 12:59:27.179079 recvfrom(9, "GET / HTTP/1.0\r\nUser-Agent: WebBench 1.5\r\nHost: 192.168.56.2\r\n\r\n", 2048, 0, NULL, NULL) = 64
98615 12:59:27.181237 recvfrom(8, "GET / HTTP/1.0\r\nUser-Agent: WebBench 1.5\r\nHost: 192.168.56.2\r\n\r\n", 2048, 0, NULL, NULL) = 64
98616 12:59:27.184793 writev(9, [{iov_base="HTTP/1.1 200 OK\r\nContent-Length: 27\r\n\r\n", iov_len=39}, {iov_base="Hello from Tom HTTP Server\n", iov_len=27}], 2) = 66
98615 12:59:27.185295 writev(8, [{iov_base="HTTP/1.1 200 OK\r\nContent-Length: 27\r\n\r\n", iov_len=39}, {iov_base="Hello from Tom HTTP Server\n", iov_len=27}], 2) = 66
98613 12:59:27.186719 <... epoll_wait resumed>[{EPOLLIN, {u32=3, u64=3}}], 1000, -1) = 1
98613 12:59:27.187588 sendto(6, "1\0", 2, 0, NULL, 0) = 2
98613 12:59:27.188995 epoll_wait(4,  <unfinished ...>
98616 12:59:27.189237 epoll_wait(6,  <unfinished ...>
98613 12:59:27.189528 <... epoll_wait resumed>[{EPOLLIN, {u32=3, u64=3}}], 1000, -1) = 1
98616 12:59:27.189733 <... epoll_wait resumed>[{EPOLLIN, {u32=4, u64=4}}], 1000, -1) = 1
98613 12:59:27.190588 sendto(5, "1\0", 2, 0, NULL, 0 <unfinished ...>
98616 12:59:27.190951 recvfrom(4,  <unfinished ...>
98615 12:59:27.191065 epoll_wait(5,  <unfinished ...>
98613 12:59:27.191142 <... sendto resumed>) = 2
98616 12:59:27.191210 <... recvfrom resumed>"1\0", 10, 0, NULL, NULL) = 2
98615 12:59:27.191880 <... epoll_wait resumed>[{EPOLLIN, {u32=4, u64=4}}], 1000, -1) = 1
98616 12:59:27.193075 accept(3,  <unfinished ...>
98615 12:59:27.193507 recvfrom(4,  <unfinished ...>
98616 12:59:27.193628 <... accept resumed>{sa_family=AF_INET, sin_port=htons(48668), sin_addr=inet_addr("192.168.56.2")}, [16]) = 9
98615 12:59:27.193713 <... recvfrom resumed>"1\0", 10, 0, NULL, NULL) = 2
98613 12:59:27.193800 epoll_wait(4,  <unfinished ...>
98615 12:59:27.193924 accept(3, {sa_family=AF_INET, sin_port=htons(48670), sin_addr=inet_addr("192.168.56.2")}, [16]) = 8
98616 12:59:27.195780 accept(3, 0x7fff3b7dc520, [16]) = -1 EAGAIN (Resource temporarily unavailable)
98615 12:59:27.196619 accept(3, 0x7fff3b7dc520, [16]) = -1 EAGAIN (Resource temporarily unavailable)
98616 12:59:27.197318 epoll_wait(6, [{EPOLLIN, {u32=9, u64=139633681760265}}], 1000, -1) = 1
98615 12:59:27.198586 epoll_wait(5, [{EPOLLIN, {u32=8, u64=139633681760264}}], 1000, -1) = 1
98616 12:59:27.199042 recvfrom(9, "GET / HTTP/1.0\r\nUser-Agent: WebBench 1.5\r\nHost: 192.168.56.2\r\n\r\n", 2048, 0, NULL, NULL) = 64
98615 12:59:27.199928 recvfrom(8, "GET / HTTP/1.0\r\nUser-Agent: WebBench 1.5\r\nHost: 192.168.56.2\r\n\r\n", 2048, 0, NULL, NULL) = 64
98616 12:59:27.202399 writev(9, [{iov_base="HTTP/1.1 200 OK\r\nContent-Length: 27\r\n\r\n", iov_len=39}, {iov_base="Hello from Tom HTTP Server\n", iov_len=27}], 2) = 66
98615 12:59:27.203765 writev(8, [{iov_base="HTTP/1.1 200 OK\r\nContent-Length: 27\r\n\r\n", iov_len=39}, {iov_base="Hello from Tom HTTP Server\n", iov_len=27}], 2) = 66
98613 12:59:27.205562 <... epoll_wait resumed>[{EPOLLIN, {u32=3, u64=3}}], 1000, -1) = 1
98613 12:59:27.205772 sendto(6, "1\0", 2, 0, NULL, 0) = 2
